###############################################################################
#
# IAR ELF Linker V8.32.1.169/W32 for ARM                  13/Nov/2024  16:10:37
# Copyright 2007-2018 IAR Systems AB.
#
#    Output file  =  
#        D:\2_Projects\3_MyProjects\FW_Update_TFTP\FW\Demo6\Main_Boot\GTD_5100FN_BootLoader\Debug\Exe\SD_BootLoader_MX.out
#    Map file     =  
#        D:\2_Projects\3_MyProjects\FW_Update_TFTP\FW\Demo6\Main_Boot\GTD_5100FN_BootLoader\Debug\List\SD_BootLoader_MX.map
#    Command line =  
#        -f C:\Users\JASAN1~1\AppData\Local\Temp\EW2B03.tmp
#        (D:\2_Projects\3_MyProjects\FW_Update_TFTP\FW\Demo6\Main_Boot\GTD_5100FN_BootLoader\Debug\Obj\bsp_driver_sd.o
#        D:\2_Projects\3_MyProjects\FW_Update_TFTP\FW\Demo6\Main_Boot\GTD_5100FN_BootLoader\Debug\Obj\CRC.o
#        D:\2_Projects\3_MyProjects\FW_Update_TFTP\FW\Demo6\Main_Boot\GTD_5100FN_BootLoader\Debug\Obj\crc16.o
#        D:\2_Projects\3_MyProjects\FW_Update_TFTP\FW\Demo6\Main_Boot\GTD_5100FN_BootLoader\Debug\Obj\diskio.o
#        D:\2_Projects\3_MyProjects\FW_Update_TFTP\FW\Demo6\Main_Boot\GTD_5100FN_BootLoader\Debug\Obj\Display.o
#        D:\2_Projects\3_MyProjects\FW_Update_TFTP\FW\Demo6\Main_Boot\GTD_5100FN_BootLoader\Debug\Obj\fatfs.o
#        D:\2_Projects\3_MyProjects\FW_Update_TFTP\FW\Demo6\Main_Boot\GTD_5100FN_BootLoader\Debug\Obj\ff.o
#        D:\2_Projects\3_MyProjects\FW_Update_TFTP\FW\Demo6\Main_Boot\GTD_5100FN_BootLoader\Debug\Obj\ff_gen_drv.o
#        D:\2_Projects\3_MyProjects\FW_Update_TFTP\FW\Demo6\Main_Boot\GTD_5100FN_BootLoader\Debug\Obj\Flash.o
#        D:\2_Projects\3_MyProjects\FW_Update_TFTP\FW\Demo6\Main_Boot\GTD_5100FN_BootLoader\Debug\Obj\fonts.o
#        D:\2_Projects\3_MyProjects\FW_Update_TFTP\FW\Demo6\Main_Boot\GTD_5100FN_BootLoader\Debug\Obj\fsmc.o
#        D:\2_Projects\3_MyProjects\FW_Update_TFTP\FW\Demo6\Main_Boot\GTD_5100FN_BootLoader\Debug\Obj\gdi.o
#        D:\2_Projects\3_MyProjects\FW_Update_TFTP\FW\Demo6\Main_Boot\GTD_5100FN_BootLoader\Debug\Obj\gpio.o
#        D:\2_Projects\3_MyProjects\FW_Update_TFTP\FW\Demo6\Main_Boot\GTD_5100FN_BootLoader\Debug\Obj\ili9225g.o
#        D:\2_Projects\3_MyProjects\FW_Update_TFTP\FW\Demo6\Main_Boot\GTD_5100FN_BootLoader\Debug\Obj\IO_Ctrl.o
#        D:\2_Projects\3_MyProjects\FW_Update_TFTP\FW\Demo6\Main_Boot\GTD_5100FN_BootLoader\Debug\Obj\lcd.o
#        D:\2_Projects\3_MyProjects\FW_Update_TFTP\FW\Demo6\Main_Boot\GTD_5100FN_BootLoader\Debug\Obj\main.o
#        D:\2_Projects\3_MyProjects\FW_Update_TFTP\FW\Demo6\Main_Boot\GTD_5100FN_BootLoader\Debug\Obj\modbus_rtu_master.o
#        D:\2_Projects\3_MyProjects\FW_Update_TFTP\FW\Demo6\Main_Boot\GTD_5100FN_BootLoader\Debug\Obj\nand_flash.o
#        D:\2_Projects\3_MyProjects\FW_Update_TFTP\FW\Demo6\Main_Boot\GTD_5100FN_BootLoader\Debug\Obj\SD_Card.o
#        D:\2_Projects\3_MyProjects\FW_Update_TFTP\FW\Demo6\Main_Boot\GTD_5100FN_BootLoader\Debug\Obj\sd_diskio.o
#        D:\2_Projects\3_MyProjects\FW_Update_TFTP\FW\Demo6\Main_Boot\GTD_5100FN_BootLoader\Debug\Obj\Sensor_Upload.o
#        D:\2_Projects\3_MyProjects\FW_Update_TFTP\FW\Demo6\Main_Boot\GTD_5100FN_BootLoader\Debug\Obj\startup_stm32f407xx.o
#        D:\2_Projects\3_MyProjects\FW_Update_TFTP\FW\Demo6\Main_Boot\GTD_5100FN_BootLoader\Debug\Obj\stm32f4xx_hal.o
#        D:\2_Projects\3_MyProjects\FW_Update_TFTP\FW\Demo6\Main_Boot\GTD_5100FN_BootLoader\Debug\Obj\stm32f4xx_hal_adc.o
#        D:\2_Projects\3_MyProjects\FW_Update_TFTP\FW\Demo6\Main_Boot\GTD_5100FN_BootLoader\Debug\Obj\stm32f4xx_hal_adc_ex.o
#        D:\2_Projects\3_MyProjects\FW_Update_TFTP\FW\Demo6\Main_Boot\GTD_5100FN_BootLoader\Debug\Obj\stm32f4xx_hal_cortex.o
#        D:\2_Projects\3_MyProjects\FW_Update_TFTP\FW\Demo6\Main_Boot\GTD_5100FN_BootLoader\Debug\Obj\stm32f4xx_hal_crc.o
#        D:\2_Projects\3_MyProjects\FW_Update_TFTP\FW\Demo6\Main_Boot\GTD_5100FN_BootLoader\Debug\Obj\stm32f4xx_hal_dma.o
#        D:\2_Projects\3_MyProjects\FW_Update_TFTP\FW\Demo6\Main_Boot\GTD_5100FN_BootLoader\Debug\Obj\stm32f4xx_hal_dma_ex.o
#        D:\2_Projects\3_MyProjects\FW_Update_TFTP\FW\Demo6\Main_Boot\GTD_5100FN_BootLoader\Debug\Obj\stm32f4xx_hal_dsi.o
#        D:\2_Projects\3_MyProjects\FW_Update_TFTP\FW\Demo6\Main_Boot\GTD_5100FN_BootLoader\Debug\Obj\stm32f4xx_hal_eth.o
#        D:\2_Projects\3_MyProjects\FW_Update_TFTP\FW\Demo6\Main_Boot\GTD_5100FN_BootLoader\Debug\Obj\stm32f4xx_hal_exti.o
#        D:\2_Projects\3_MyProjects\FW_Update_TFTP\FW\Demo6\Main_Boot\GTD_5100FN_BootLoader\Debug\Obj\stm32f4xx_hal_flash.o
#        D:\2_Projects\3_MyProjects\FW_Update_TFTP\FW\Demo6\Main_Boot\GTD_5100FN_BootLoader\Debug\Obj\stm32f4xx_hal_flash_ex.o
#        D:\2_Projects\3_MyProjects\FW_Update_TFTP\FW\Demo6\Main_Boot\GTD_5100FN_BootLoader\Debug\Obj\stm32f4xx_hal_flash_ramfunc.o
#        D:\2_Projects\3_MyProjects\FW_Update_TFTP\FW\Demo6\Main_Boot\GTD_5100FN_BootLoader\Debug\Obj\stm32f4xx_hal_gpio.o
#        D:\2_Projects\3_MyProjects\FW_Update_TFTP\FW\Demo6\Main_Boot\GTD_5100FN_BootLoader\Debug\Obj\stm32f4xx_hal_msp.o
#        D:\2_Projects\3_MyProjects\FW_Update_TFTP\FW\Demo6\Main_Boot\GTD_5100FN_BootLoader\Debug\Obj\stm32f4xx_hal_nand.o
#        D:\2_Projects\3_MyProjects\FW_Update_TFTP\FW\Demo6\Main_Boot\GTD_5100FN_BootLoader\Debug\Obj\stm32f4xx_hal_pwr.o
#        D:\2_Projects\3_MyProjects\FW_Update_TFTP\FW\Demo6\Main_Boot\GTD_5100FN_BootLoader\Debug\Obj\stm32f4xx_hal_pwr_ex.o
#        D:\2_Projects\3_MyProjects\FW_Update_TFTP\FW\Demo6\Main_Boot\GTD_5100FN_BootLoader\Debug\Obj\stm32f4xx_hal_rcc.o
#        D:\2_Projects\3_MyProjects\FW_Update_TFTP\FW\Demo6\Main_Boot\GTD_5100FN_BootLoader\Debug\Obj\stm32f4xx_hal_rcc_ex.o
#        D:\2_Projects\3_MyProjects\FW_Update_TFTP\FW\Demo6\Main_Boot\GTD_5100FN_BootLoader\Debug\Obj\stm32f4xx_hal_sd.o
#        D:\2_Projects\3_MyProjects\FW_Update_TFTP\FW\Demo6\Main_Boot\GTD_5100FN_BootLoader\Debug\Obj\stm32f4xx_hal_sram.o
#        D:\2_Projects\3_MyProjects\FW_Update_TFTP\FW\Demo6\Main_Boot\GTD_5100FN_BootLoader\Debug\Obj\stm32f4xx_hal_tim.o
#        D:\2_Projects\3_MyProjects\FW_Update_TFTP\FW\Demo6\Main_Boot\GTD_5100FN_BootLoader\Debug\Obj\stm32f4xx_hal_tim_ex.o
#        D:\2_Projects\3_MyProjects\FW_Update_TFTP\FW\Demo6\Main_Boot\GTD_5100FN_BootLoader\Debug\Obj\stm32f4xx_hal_uart.o
#        D:\2_Projects\3_MyProjects\FW_Update_TFTP\FW\Demo6\Main_Boot\GTD_5100FN_BootLoader\Debug\Obj\stm32f4xx_it.o
#        D:\2_Projects\3_MyProjects\FW_Update_TFTP\FW\Demo6\Main_Boot\GTD_5100FN_BootLoader\Debug\Obj\stm32f4xx_ll_fsmc.o
#        D:\2_Projects\3_MyProjects\FW_Update_TFTP\FW\Demo6\Main_Boot\GTD_5100FN_BootLoader\Debug\Obj\stm32f4xx_ll_sdmmc.o
#        D:\2_Projects\3_MyProjects\FW_Update_TFTP\FW\Demo6\Main_Boot\GTD_5100FN_BootLoader\Debug\Obj\system_stm32f4xx.o
#        D:\2_Projects\3_MyProjects\FW_Update_TFTP\FW\Demo6\Main_Boot\GTD_5100FN_BootLoader\Debug\Obj\Task.o
#        D:\2_Projects\3_MyProjects\FW_Update_TFTP\FW\Demo6\Main_Boot\GTD_5100FN_BootLoader\Debug\Obj\usart.o
#        --redirect _Printf=_PrintfFull --redirect _Scanf=_ScanfFull
#        --no_out_extension -o
#        D:\2_Projects\3_MyProjects\FW_Update_TFTP\FW\Demo6\Main_Boot\GTD_5100FN_BootLoader\Debug\Exe\SD_BootLoader_MX.out
#        --map
#        D:\2_Projects\3_MyProjects\FW_Update_TFTP\FW\Demo6\Main_Boot\GTD_5100FN_BootLoader\Debug\List\SD_BootLoader_MX.map
#        --config
#        D:\2_Projects\3_MyProjects\FW_Update_TFTP\FW\Demo6\Main_Boot\GTD_5100FN_BootLoader\Base\stm32f407xx_flash.icf
#        --semihosting --entry __iar_program_start --vfe --text_out locale)
#
###############################################################################

*******************************************************************************
*** RUNTIME MODEL ATTRIBUTES
***

CppFlavor       = *
__SystemLibrary = DLib
__dlib_version  = 6


*******************************************************************************
*** HEAP SELECTION
***

The basic heap was selected because no calls to memory allocation
functions were found in the application outside of system library
functions, and there are calls to deallocation functions in the
application.


*******************************************************************************
*** PLACEMENT SUMMARY
***

"A0":  place at 0x800'0000 { ro section .intvec };
"P1":  place in [from 0x800'0000 to 0x801'ffff] { ro };
define block CSTACK with size = 16K, alignment = 8 { };
define block HEAP with size = 32K, alignment = 8 { };
"P2":  place in [from 0x2000'0000 to 0x2001'ffff] {
          rw, block CSTACK, block HEAP };
initialize by copy { rw };

  Section            Kind         Address     Size  Object
  -------            ----         -------     ----  ------
"A0":                                        0x188
  .intvec            ro code   0x800'0000    0x188  startup_stm32f407xx.o [1]
                             - 0x800'0188    0x188

"P1":                                      0x13471
  .rodata            const     0x800'0188   0x4740  fonts.o [1]
  .text              ro code   0x800'48c8   0x1c0e  ff.o [1]
  .text              ro code   0x800'64d6     0x7a  lz77_init_single.o [4]
  .text              ro code   0x800'6550     0xf0  diskio.o [1]
  .text              ro code   0x800'6640     0x30  fatfs.o [1]
  .text              ro code   0x800'6670     0xb8  ff_gen_drv.o [1]
  .text              ro code   0x800'6728   0x1110  Display.o [1]
  .text              ro code   0x800'7838    0x59c  gdi.o [1]
  .text              ro code   0x800'7dd4     0x40  sprintf.o [2]
  .text              ro code   0x800'7e14     0x48  FltToDbl.o [3]
  .text              ro code   0x800'7e5c     0x28  printf.o [2]
  .text              ro code   0x800'7e84    0xf46  xprintffull.o [2]
  .text              ro code   0x800'8dca     0x3a  zero_init3.o [4]
  .text              ro code   0x800'8e04     0x78  xlocale_c.o [2]
  .text              ro code   0x800'8e7c     0x16  strchr.o [4]
  .text              ro code   0x800'8e92     0x1e  xencoding_8859_1.o [2]
  .text              ro code   0x800'8eb0     0x40  xfail_s.o [2]
  .text              ro code   0x800'8ef0     0x36  strlen.o [4]
  .text              ro code   0x800'8f26      0xa  xsprout.o [2]
  .text              ro code   0x800'8f30     0x58  memchr.o [4]
  .text              ro code   0x800'8f88      0xa  xmbcurmax.o [2]
  .text              ro code   0x800'8f94     0xa6  ABImemcpy.o [4]
  .text              ro code   0x800'903c    0x230  I64DivMod.o [4]
  .text              ro code   0x800'926c    0x1a2  DblMul.o [3]
  .text              ro code   0x800'9410     0x70  frexp.o [3]
  .text              ro code   0x800'9480     0x2e  DblCmpLe.o [3]
  .text              ro code   0x800'94b0     0x2e  DblCmpGe.o [3]
  .text              ro code   0x800'94e0    0x13a  ldexp.o [3]
  .text              ro code   0x800'961c     0x3a  DblToS32.o [3]
  .text              ro code   0x800'9658     0x22  S32ToDbl.o [3]
  .text              ro code   0x800'967c     0xe2  DblSub.o [3]
  .text              ro code   0x800'9760    0x246  DblDiv.o [3]
  .text              ro code   0x800'99a8     0x28  DblToU32.o [3]
  .text              ro code   0x800'99d0     0x1a  U32ToDbl.o [3]
  .text              ro code   0x800'99ea      0x6  abort.o [2]
  .text              ro code   0x800'99f0      0x2  I64DivZer.o [4]
  .text              ro code   0x800'99f4    0x16a  DblAdd.o [3]
  .text              ro code   0x800'9b60     0x14  exit.o [5]
  .text              ro code   0x800'9b74   0x1008  Sensor_Upload.o [1]
  .text              ro code   0x800'ab7c    0x9ac  Task.o [1]
  .text              ro code   0x800'b528    0x36c  SD_Card.o [1]
  .text              ro code   0x800'b894    0x414  stm32f4xx_hal_gpio.o [1]
  .text              ro code   0x800'bca8     0x68  memcmp.o [4]
  .text              ro code   0x800'bd10    0x15c  CRC.o [1]
  .text              ro code   0x800'be6c    0x55c  usart.o [1]
  .text              ro code   0x800'c3c8    0x2f4  nand_flash.o [1]
  .text              ro code   0x800'c6bc    0x60a  stm32f4xx_hal_nand.o [1]
  .text              ro code   0x800'ccc8    0x194  modbus_rtu_master.o [1]
  .text              ro code   0x800'ce5c     0x28  stm32f4xx_hal.o [1]
  .text              ro code   0x800'ce84    0x1b8  stm32f4xx_hal_cortex.o [1]
  .text              ro code   0x800'd03c    0x2d4  IO_Ctrl.o [1]
  .text              ro code   0x800'd310    0x1f0  main.o [1]
  .text              ro code   0x800'd500    0x3d4  Flash.o [1]
  .text              ro code   0x800'd8d4     0xf4  bsp_driver_sd.o [1]
  .text              ro code   0x800'd9c8     0x66  ABImemset.o [4]
  .text              ro code   0x800'da2e     0xa0  stm32f4xx_hal_crc.o [1]
  .text              ro code   0x800'dad0    0x880  stm32f4xx_hal_uart.o [1]
  .text              ro code   0x800'e350    0x224  stm32f4xx_ll_fsmc.o [1]
  .text              ro code   0x800'e574      0x2  stm32f4xx_hal_nand.o [1]
  .text              ro code   0x800'e578      0xc  stm32f4xx_hal.o [1]
  .text              ro code   0x800'e584     0x38  crc16.o [1]
  .text              ro code   0x800'e5bc    0x27c  fsmc.o [1]
  .text              ro code   0x800'e838    0x1f8  gpio.o [1]
  .text              ro code   0x800'ea30     0x34  stm32f4xx_hal.o [1]
  .text              ro code   0x800'ea64      0x6  ABImemclr4.o [4]
  .text              ro code   0x800'ea6c    0x380  stm32f4xx_hal_rcc.o [1]
  .text              ro code   0x800'edec    0x224  stm32f4xx_hal_rcc.o [1]
  .text              ro code   0x800'f010    0x214  stm32f4xx_hal_flash.o [1]
  .text              ro code   0x800'f224    0x190  stm32f4xx_hal_flash_ex.o [1]
  .text              ro code   0x800'f3b4    0xcfe  stm32f4xx_hal_sd.o [1]
  .text              ro code   0x801'00b2      0x2  stm32f4xx_hal_crc.o [1]
  .text              ro code   0x801'00b4     0x28  stm32f4xx_hal_dma.o [1]
  .text              ro code   0x801'00dc      0x2  stm32f4xx_hal_uart.o [1]
  .text              ro code   0x801'00e0     0x80  stm32f4xx_hal_sram.o [1]
  .text              ro code   0x801'0160     0x4c  stm32f4xx_hal.o [1]
  .text              ro code   0x801'01ac    0x256  stm32f4xx_hal_msp.o [1]
  .text              ro code   0x801'0404     0x32  ABImemset48.o [4]
  .text              ro code   0x801'0438    0x748  stm32f4xx_ll_sdmmc.o [1]
  .rodata            const     0x801'0b80    0xbe0  fonts.o [1]
  .text              ro code   0x801'1760    0x4cc  ili9225g.o [1]
  .rodata            const     0x801'1c2c    0x474  fonts.o [1]
  .rodata            const     0x801'20a0    0x200  crc16.o [1]
  .text              ro code   0x801'22a0    0x158  lcd.o [1]
  .text              ro code   0x801'23f8    0x120  sd_diskio.o [1]
  .rodata            const     0x801'2518     0xd4  SD_Card.o [1]
  .rodata            const     0x801'25ec     0x80  ff.o [1]
  .rodata            const     0x801'266c     0x74  modbus_rtu_master.o [1]
  .rodata            const     0x801'26e0     0x6c  CRC.o [1]
  .rodata            const     0x801'274c     0x6c  usart.o [1]
  .rodata            const     0x801'27b8     0x68  fsmc.o [1]
  .rodata            const     0x801'2820     0x64  SD_Card.o [1]
  .rodata            const     0x801'2884     0x60  main.o [1]
  .text              ro code   0x801'28e4     0x60  system_stm32f4xx.o [1]
  .rodata            const     0x801'2944     0x40  Sensor_Upload.o [1]
  .rodata            const     0x801'2984     0x40  Sensor_Upload.o [1]
  .rodata            const     0x801'29c4     0x40  Sensor_Upload.o [1]
  .rodata            const     0x801'2a04     0x38  nand_flash.o [1]
  .rodata            const     0x801'2a3c     0x2c  modbus_rtu_master.o [1]
  .rodata            const     0x801'2a68     0x2c  Task.o [1]
  .rodata            const     0x801'2a94     0x2c  Task.o [1]
  .text              ro code   0x801'2ac0     0x2c  stm32f4xx_it.o [1]
  .text              ro code   0x801'2aec     0x18  stm32f4xx_hal.o [1]
  .rodata            const     0x801'2b04     0x28  main.o [1]
  .rodata            const     0x801'2b2c     0x28  main.o [1]
  .rodata            const     0x801'2b54     0x28  modbus_rtu_master.o [1]
  .rodata            const     0x801'2b7c     0x28  Sensor_Upload.o [1]
  .rodata            const     0x801'2ba4     0x28  Sensor_Upload.o [1]
  .rodata            const     0x801'2bcc     0x28  Sensor_Upload.o [1]
  .text              ro code   0x801'2bf4     0x28  data_init.o [4]
  .rodata            const     0x801'2c1c     0x24  modbus_rtu_master.o [1]
  .rodata            const     0x801'2c40     0x24  Sensor_Upload.o [1]
  .rodata            const     0x801'2c64     0x24  Task.o [1]
  .text              ro code   0x801'2c88     0x22  fpinit_M.o [3]
  .iar.init_table    const     0x801'2cac     0x20  - Linker created -
  .rodata            const     0x801'2ccc     0x20  Display.o [1]
  .rodata            const     0x801'2cec     0x20  Display.o [1]
  .rodata            const     0x801'2d0c     0x20  nand_flash.o [1]
  .rodata            const     0x801'2d2c     0x20  nand_flash.o [1]
  .rodata            const     0x801'2d4c     0x20  SD_Card.o [1]
  .rodata            const     0x801'2d6c     0x20  SD_Card.o [1]
  .rodata            const     0x801'2d8c     0x20  Sensor_Upload.o [1]
  .rodata            const     0x801'2dac     0x20  Sensor_Upload.o [1]
  .rodata            const     0x801'2dcc     0x20  Sensor_Upload.o [1]
  .text              ro code   0x801'2dec     0x1e  cmain.o [4]
  .text              ro code   0x801'2e0a      0x4  low_level_init.o [2]
  .text              ro code   0x801'2e0e      0x4  exit.o [2]
  .text              ro code   0x801'2e14      0xa  cexit.o [4]
  .rodata            const     0x801'2e20     0x1c  main.o [1]
  .rodata            const     0x801'2e3c     0x1c  main.o [1]
  .rodata            const     0x801'2e58     0x1c  main.o [1]
  .rodata            const     0x801'2e74     0x1c  nand_flash.o [1]
  .rodata            const     0x801'2e90     0x1c  SD_Card.o [1]
  .rodata            const     0x801'2eac     0x1c  Task.o [1]
  .rodata            const     0x801'2ec8     0x18  Display.o [1]
  .rodata            const     0x801'2ee0     0x18  Flash.o [1]
  .rodata            const     0x801'2ef8     0x18  Sensor_Upload.o [1]
  .rodata            const     0x801'2f10     0x18  Sensor_Upload.o [1]
  .rodata            const     0x801'2f28     0x18  Sensor_Upload.o [1]
  .rodata            const     0x801'2f40     0x18  Sensor_Upload.o [1]
  .rodata            const     0x801'2f58     0x18  Task.o [1]
  .rodata            const     0x801'2f70     0x18  Task.o [1]
  .rodata            const     0x801'2f88     0x18  Task.o [1]
  .text              ro code   0x801'2fa0     0x16  xprout.o [2]
  .text              ro code   0x801'2fb8      0xc  putchar.o [2]
  .rodata            const     0x801'2fc4     0x14  Display.o [1]
  .rodata            const     0x801'2fd8     0x14  Display.o [1]
  .rodata            const     0x801'2fec     0x14  Display.o [1]
  .rodata            const     0x801'3000     0x14  Display.o [1]
  .rodata            const     0x801'3014     0x14  Display.o [1]
  .rodata            const     0x801'3028     0x14  Display.o [1]
  .rodata            const     0x801'303c     0x14  Display.o [1]
  .rodata            const     0x801'3050     0x14  Display.o [1]
  .rodata            const     0x801'3064     0x14  Display.o [1]
  .rodata            const     0x801'3078     0x14  Display.o [1]
  .rodata            const     0x801'308c     0x14  Display.o [1]
  .rodata            const     0x801'30a0     0x14  Display.o [1]
  .rodata            const     0x801'30b4     0x14  Display.o [1]
  .rodata            const     0x801'30c8     0x14  Display.o [1]
  .rodata            const     0x801'30dc     0x14  Flash.o [1]
  .rodata            const     0x801'30f0     0x14  Flash.o [1]
  .rodata            const     0x801'3104     0x14  nand_flash.o [1]
  .rodata            const     0x801'3118     0x14  nand_flash.o [1]
  .rodata            const     0x801'312c     0x14  SD_Card.o [1]
  .rodata            const     0x801'3140     0x14  SD_Card.o [1]
  .rodata            const     0x801'3154     0x14  SD_Card.o [1]
  .rodata            const     0x801'3168     0x14  sd_diskio.o [1]
  .rodata            const     0x801'317c     0x14  Sensor_Upload.o [1]
  .rodata            const     0x801'3190     0x14  Sensor_Upload.o [1]
  .rodata            const     0x801'31a4     0x14  Sensor_Upload.o [1]
  .rodata            const     0x801'31b8     0x14  Sensor_Upload.o [1]
  .rodata            const     0x801'31cc     0x14  Sensor_Upload.o [1]
  .rodata            const     0x801'31e0     0x14  Sensor_Upload.o [1]
  .rodata            const     0x801'31f4     0x14  Task.o [1]
  .rodata            const     0x801'3208     0x14  Task.o [1]
  .rodata            const     0x801'321c     0x14  Task.o [1]
  .rodata            const     0x801'3230     0x10  Display.o [1]
  .rodata            const     0x801'3240     0x10  Display.o [1]
  .rodata            const     0x801'3250     0x10  Display.o [1]
  .rodata            const     0x801'3260     0x10  Display.o [1]
  .rodata            const     0x801'3270     0x10  Display.o [1]
  .rodata            const     0x801'3280     0x10  Display.o [1]
  .rodata            const     0x801'3290     0x10  Display.o [1]
  .rodata            const     0x801'32a0     0x10  Display.o [1]
  .rodata            const     0x801'32b0     0x10  Display.o [1]
  .rodata            const     0x801'32c0     0x10  Display.o [1]
  .rodata            const     0x801'32d0     0x10  Display.o [1]
  .rodata            const     0x801'32e0     0x10  ff.o [1]
  .rodata            const     0x801'32f0     0x10  system_stm32f4xx.o [1]
  .rodata            const     0x801'3300     0x10  Task.o [1]
  .text              ro code   0x801'3310     0x10  startup_stm32f407xx.o [1]
  .rodata            const     0x801'3320      0xc  Display.o [1]
  .rodata            const     0x801'332c      0xc  Display.o [1]
  .rodata            const     0x801'3338      0xc  Display.o [1]
  .rodata            const     0x801'3344      0xc  Display.o [1]
  .rodata            const     0x801'3350      0xc  Display.o [1]
  .rodata            const     0x801'335c      0xc  Display.o [1]
  .rodata            const     0x801'3368      0xc  Display.o [1]
  .rodata            const     0x801'3374      0xc  Display.o [1]
  .rodata            const     0x801'3380      0xc  nand_flash.o [1]
  .rodata            const     0x801'338c      0xc  SD_Card.o [1]
  .rodata            const     0x801'3398      0xc  Sensor_Upload.o [1]
  .rodata            const     0x801'33a4      0xc  Sensor_Upload.o [1]
  .rodata            const     0x801'33b0      0xc  Sensor_Upload.o [1]
  .text              ro code   0x801'33bc      0xc  cstartup_M.o [4]
  .rodata            const     0x801'33c8      0x8  Display.o [1]
  .rodata            const     0x801'33d0      0x8  Display.o [1]
  .rodata            const     0x801'33d8      0x8  Display.o [1]
  .rodata            const     0x801'33e0      0x8  Display.o [1]
  .rodata            const     0x801'33e8      0x8  SD_Card.o [1]
  .rodata            const     0x801'33f0      0x8  Sensor_Upload.o [1]
  .rodata            const     0x801'33f8      0x8  system_stm32f4xx.o [1]
  .rodata            const     0x801'3400      0x6  xlocale_c.o [2]
  .text              ro code   0x801'3406      0x4  startup_stm32f407xx.o [1]
  .text              ro code   0x801'340a      0x4  startup_stm32f407xx.o [1]
  .text              ro code   0x801'340e      0x4  startup_stm32f407xx.o [1]
  .text              ro code   0x801'3412      0x4  startup_stm32f407xx.o [1]
  .text              ro code   0x801'3416      0x4  startup_stm32f407xx.o [1]
  .text              ro code   0x801'341a      0x4  startup_stm32f407xx.o [1]
  .text              ro code   0x801'341e      0x4  startup_stm32f407xx.o [1]
  .text              ro code   0x801'3422      0x4  startup_stm32f407xx.o [1]
  .text              ro code   0x801'3426      0x4  startup_stm32f407xx.o [1]
  .text              ro code   0x801'342a      0x4  startup_stm32f407xx.o [1]
  .text              ro code   0x801'342e      0x4  startup_stm32f407xx.o [1]
  .text              ro code   0x801'3432      0x4  startup_stm32f407xx.o [1]
  .text              ro code   0x801'3436      0x4  startup_stm32f407xx.o [1]
  .text              ro code   0x801'343a      0x4  startup_stm32f407xx.o [1]
  .text              ro code   0x801'343e      0x4  startup_stm32f407xx.o [1]
  .text              ro code   0x801'3442      0x4  startup_stm32f407xx.o [1]
  .text              ro code   0x801'3446      0x4  startup_stm32f407xx.o [1]
  .text              ro code   0x801'344a      0x4  startup_stm32f407xx.o [1]
  .text              ro code   0x801'344e      0x4  startup_stm32f407xx.o [1]
  .text              ro code   0x801'3452      0x4  startup_stm32f407xx.o [1]
  .text              ro code   0x801'3456      0x4  startup_stm32f407xx.o [1]
  .text              ro code   0x801'345a      0x4  startup_stm32f407xx.o [1]
  .text              ro code   0x801'345e      0x4  startup_stm32f407xx.o [1]
  .text              ro code   0x801'3462      0x4  startup_stm32f407xx.o [1]
  .text              ro code   0x801'3466      0x4  startup_stm32f407xx.o [1]
  .text              ro code   0x801'346a      0x4  startup_stm32f407xx.o [1]
  .text              ro code   0x801'346e      0x4  startup_stm32f407xx.o [1]
  .text              ro code   0x801'3472      0x4  startup_stm32f407xx.o [1]
  .text              ro code   0x801'3476      0x4  startup_stm32f407xx.o [1]
  .text              ro code   0x801'347a      0x4  startup_stm32f407xx.o [1]
  .text              ro code   0x801'347e      0x4  startup_stm32f407xx.o [1]
  .text              ro code   0x801'3482      0x4  startup_stm32f407xx.o [1]
  .text              ro code   0x801'3486      0x4  startup_stm32f407xx.o [1]
  .text              ro code   0x801'348a      0x4  startup_stm32f407xx.o [1]
  .text              ro code   0x801'348e      0x4  startup_stm32f407xx.o [1]
  .text              ro code   0x801'3492      0x4  startup_stm32f407xx.o [1]
  .text              ro code   0x801'3496      0x4  startup_stm32f407xx.o [1]
  .text              ro code   0x801'349a      0x4  startup_stm32f407xx.o [1]
  .text              ro code   0x801'349e      0x4  startup_stm32f407xx.o [1]
  .text              ro code   0x801'34a2      0x4  startup_stm32f407xx.o [1]
  .text              ro code   0x801'34a6      0x4  startup_stm32f407xx.o [1]
  .text              ro code   0x801'34aa      0x4  startup_stm32f407xx.o [1]
  .text              ro code   0x801'34ae      0x4  startup_stm32f407xx.o [1]
  .text              ro code   0x801'34b2      0x4  startup_stm32f407xx.o [1]
  .text              ro code   0x801'34b6      0x4  startup_stm32f407xx.o [1]
  .text              ro code   0x801'34ba      0x4  startup_stm32f407xx.o [1]
  .text              ro code   0x801'34be      0x4  startup_stm32f407xx.o [1]
  .text              ro code   0x801'34c2      0x4  startup_stm32f407xx.o [1]
  .text              ro code   0x801'34c6      0x4  startup_stm32f407xx.o [1]
  .text              ro code   0x801'34ca      0x4  startup_stm32f407xx.o [1]
  .text              ro code   0x801'34ce      0x4  startup_stm32f407xx.o [1]
  .text              ro code   0x801'34d2      0x4  startup_stm32f407xx.o [1]
  .text              ro code   0x801'34d6      0x4  startup_stm32f407xx.o [1]
  .text              ro code   0x801'34da      0x4  startup_stm32f407xx.o [1]
  .text              ro code   0x801'34de      0x4  startup_stm32f407xx.o [1]
  .text              ro code   0x801'34e2      0x4  startup_stm32f407xx.o [1]
  .text              ro code   0x801'34e6      0x4  startup_stm32f407xx.o [1]
  .text              ro code   0x801'34ea      0x4  startup_stm32f407xx.o [1]
  .text              ro code   0x801'34ee      0x4  startup_stm32f407xx.o [1]
  .text              ro code   0x801'34f2      0x4  startup_stm32f407xx.o [1]
  .text              ro code   0x801'34f6      0x4  startup_stm32f407xx.o [1]
  .text              ro code   0x801'34fa      0x4  startup_stm32f407xx.o [1]
  .text              ro code   0x801'34fe      0x4  startup_stm32f407xx.o [1]
  .text              ro code   0x801'3502      0x4  startup_stm32f407xx.o [1]
  .text              ro code   0x801'3506      0x4  startup_stm32f407xx.o [1]
  .text              ro code   0x801'350a      0x4  startup_stm32f407xx.o [1]
  .text              ro code   0x801'350e      0x4  startup_stm32f407xx.o [1]
  .text              ro code   0x801'3512      0x4  startup_stm32f407xx.o [1]
  .text              ro code   0x801'3516      0x4  startup_stm32f407xx.o [1]
  .text              ro code   0x801'351a      0x4  startup_stm32f407xx.o [1]
  .text              ro code   0x801'351e      0x4  startup_stm32f407xx.o [1]
  .text              ro code   0x801'3522      0x4  startup_stm32f407xx.o [1]
  .text              ro code   0x801'3526      0x4  startup_stm32f407xx.o [1]
  .text              ro code   0x801'352a      0x4  startup_stm32f407xx.o [1]
  .text              ro code   0x801'352e      0x4  startup_stm32f407xx.o [1]
  .text              ro code   0x801'3532      0x4  startup_stm32f407xx.o [1]
  .text              ro code   0x801'3536      0x4  startup_stm32f407xx.o [1]
  .text              ro code   0x801'353a      0x4  startup_stm32f407xx.o [1]
  .text              ro code   0x801'353e      0x4  startup_stm32f407xx.o [1]
  .text              ro code   0x801'3542      0x4  startup_stm32f407xx.o [1]
  .rodata            const     0x801'3546      0x0  zero_init3.o [4]
  .rodata            const     0x801'3546      0x0  lz77_init_single.o [4]
  Initializer bytes  const     0x801'3546     0xb3  <for P2-1>
                             - 0x801'35f9  0x13471

"P2", part 1 of 3:                           0x133
  P2-1                        0x2000'0000    0x133  <Init block>
    .data            inited   0x2000'0000      0x8  fonts.o [1]
    .data            inited   0x2000'0008      0x8  fonts.o [1]
    .data            inited   0x2000'0010      0x8  fonts.o [1]
    .data            inited   0x2000'0018     0x48  lcd.o [1]
    .data            inited   0x2000'0060      0x4  stm32f4xx_hal.o [1]
    .data            inited   0x2000'0064      0x4  system_stm32f4xx.o [1]
    .data            inited   0x2000'0068     0x38  xlocale_c.o [2]
    .data            inited   0x2000'00a0     0x48  xlocale_c.o [2]
    .data            inited   0x2000'00e8     0x48  xfiles.o [2]
    .data            inited   0x2000'0130      0x1  IO_Ctrl.o [1]
    .data            inited   0x2000'0131      0x1  sd_diskio.o [1]
    .data            inited   0x2000'0132      0x1  stm32f4xx_hal.o [1]
                            - 0x2000'0133    0x133

"P2", part 2 of 3:                          0x39a4
  .bss               zero     0x2000'0134    0xf18  Sensor_Upload.o [1]
  .bss               zero     0x2000'104c    0x824  Sensor_Upload.o [1]
  .bss               zero     0x2000'1870    0x810  CRC.o [1]
  .bss               zero     0x2000'2080    0x800  nand_flash.o [1]
  .bss               zero     0x2000'2880    0x53c  Task.o [1]
  .bss               zero     0x2000'2dbc    0x48c  SD_Card.o [1]
  .bss               zero     0x2000'3248    0x410  Flash.o [1]
  .bss               zero     0x2000'3658    0x1b8  ili9225g.o [1]
  .bss               zero     0x2000'3810     0x84  SD_Card.o [1]
  .bss               zero     0x2000'3894     0x50  fsmc.o [1]
  .bss               zero     0x2000'38e4     0x50  xfiles.o [2]
  .bss               zero     0x2000'3934     0x40  nand_flash.o [1]
  .bss               zero     0x2000'3974     0x40  usart.o [1]
  .bss               zero     0x2000'39b4     0x40  usart.o [1]
  .bss               zero     0x2000'39f4     0x20  ff.o [1]
  .bss               zero     0x2000'3a14     0x20  stm32f4xx_hal_flash.o [1]
  .bss               zero     0x2000'3a34     0x14  Flash.o [1]
  .bss               zero     0x2000'3a48     0x14  Task.o [1]
  .bss               zero     0x2000'3a5c     0x10  Task.o [1]
  .bss               zero     0x2000'3a6c      0xc  ff_gen_drv.o [1]
  .bss               zero     0x2000'3a78      0xc  gdi.o [1]
  .bss               zero     0x2000'3a84      0xc  IO_Ctrl.o [1]
  .bss               zero     0x2000'3a90      0x8  nand_flash.o [1]
  .bss               zero     0x2000'3a98      0x4  ff.o [1]
  .bss               zero     0x2000'3a9c      0x4  gdi.o [1]
  .bss               zero     0x2000'3aa0      0x4  ili9225g.o [1]
  .bss               zero     0x2000'3aa4      0x4  nand_flash.o [1]
  .bss               zero     0x2000'3aa8      0x4  stm32f4xx_hal.o [1]
  .bss               zero     0x2000'3aac      0x4  stm32f4xx_hal_msp.o [1]
  .bss               zero     0x2000'3ab0      0x4  stm32f4xx_hal_msp.o [1]
  .bss               zero     0x2000'3ab4      0x4  Task.o [1]
  .bss               zero     0x2000'3ab8      0x4  Task.o [1]
  .bss               zero     0x2000'3abc      0x4  Task.o [1]
  .bss               zero     0x2000'3ac0      0x4  xfail_s.o [2]
  .bss               zero     0x2000'3ac4      0x2  ff.o [1]
  .bss               zero     0x2000'3ac6      0x2  modbus_rtu_master.o [1]
  .bss               zero     0x2000'3ac8      0x2  Sensor_Upload.o [1]
  .bss               zero     0x2000'3aca      0x2  Sensor_Upload.o [1]
  .bss               zero     0x2000'3acc      0x2  Task.o [1]
  .bss               zero     0x2000'3ace      0x1  Display.o [1]
  .bss               zero     0x2000'3acf      0x1  Display.o [1]
  .bss               zero     0x2000'3ad0      0x1  Display.o [1]
  .bss               zero     0x2000'3ad1      0x1  IO_Ctrl.o [1]
  .bss               zero     0x2000'3ad2      0x1  main.o [1]
  .bss               zero     0x2000'3ad3      0x1  main.o [1]
  .bss               zero     0x2000'3ad4      0x1  Task.o [1]
                            - 0x2000'3ad5   0x39a1

"P2", part 3 of 3:                          0x4000
  CSTACK                      0x2000'3ad8   0x4000  <Block>
    CSTACK           uninit   0x2000'3ad8   0x4000  <Block tail>
                            - 0x2000'7ad8   0x4000

Unused ranges:

         From           To      Size
         ----           --      ----
   0x801'35f9   0x801'ffff    0xca07
  0x2000'0133  0x2000'0133       0x1
  0x2000'7ad8  0x2001'ffff  0x1'8528


*******************************************************************************
*** INIT TABLE
***

          Address      Size
          -------      ----
Zero (__iar_zero_init3)
    1 destination range, total size 0x39a1:
          0x2000'0134  0x39a1

Copy/lz77 (__iar_lz77_init_single3)
    1 source range, total size 0xb3 (58% of destination):
           0x801'3546    0xb3
    1 destination range, total size 0x133:
          0x2000'0000   0x133



*******************************************************************************
*** MODULE SUMMARY
***

    Module                    ro code  ro data  rw data
    ------                    -------  -------  -------
command line/config:
    ---------------------------------------------------
    Total:

D:\2_Projects\3_MyProjects\FW_Update_TFTP\FW\Demo6\Main_Boot\GTD_5100FN_BootLoader\Debug\Obj: [1]
    CRC.o                         348      108    2 064
    Display.o                   4 368      672        3
    Flash.o                       980       64    1 060
    IO_Ctrl.o                     724                14
    SD_Card.o                     876      484    1 296
    Sensor_Upload.o             4 104      704    5 952
    Task.o                      2 476      300    1 391
    bsp_driver_sd.o               244
    crc16.o                        56      512
    diskio.o                      240
    fatfs.o                        48
    ff.o                        7 182      144       38
    ff_gen_drv.o                  184                12
    fonts.o                             22 433       24
    fsmc.o                        636      104       80
    gdi.o                       1 436                16
    gpio.o                        504
    ili9225g.o                  1 228               444
    lcd.o                         344       42       72
    main.o                        496      260        2
    modbus_rtu_master.o           404      236        2
    nand_flash.o                  756      200    2 124
    sd_diskio.o                   288       21        1
    startup_stm32f407xx.o         728
    stm32f4xx_hal.o               204        4        9
    stm32f4xx_hal_cortex.o        440
    stm32f4xx_hal_crc.o           162
    stm32f4xx_hal_dma.o            40
    stm32f4xx_hal_flash.o         532                32
    stm32f4xx_hal_flash_ex.o      400
    stm32f4xx_hal_gpio.o        1 044
    stm32f4xx_hal_msp.o           598                 8
    stm32f4xx_hal_nand.o        1 548
    stm32f4xx_hal_rcc.o         1 444
    stm32f4xx_hal_sd.o          3 326
    stm32f4xx_hal_sram.o          128
    stm32f4xx_hal_uart.o        2 178
    stm32f4xx_it.o                 44
    stm32f4xx_ll_fsmc.o           548
    stm32f4xx_ll_sdmmc.o        1 864
    system_stm32f4xx.o             96       26        4
    usart.o                     1 372      108      128
    ---------------------------------------------------
    Total:                     44 618   26 422   14 776

dl7M_tlf.a: [2]
    abort.o                         6
    exit.o                          4
    low_level_init.o                4
    printf.o                       40
    putchar.o                      12
    sprintf.o                      64
    xencoding_8859_1.o             30
    xfail_s.o                      64                 4
    xfiles.o                                42      152
    xlocale_c.o                   120       81      128
    xmbcurmax.o                    10
    xprintffull.o               3 910
    xprout.o                       22
    xsprout.o                      10
    ---------------------------------------------------
    Total:                      4 296      123      284

m7M_tls.a: [3]
    DblAdd.o                      362
    DblCmpGe.o                     46
    DblCmpLe.o                     46
    DblDiv.o                      582
    DblMul.o                      418
    DblSub.o                      226
    DblToS32.o                     58
    DblToU32.o                     40
    FltToDbl.o                     72
    S32ToDbl.o                     34
    U32ToDbl.o                     26
    fpinit_M.o                     34
    frexp.o                       112
    ldexp.o                       314
    ---------------------------------------------------
    Total:                      2 370

rt7M_tl.a: [4]
    ABImemclr4.o                    6
    ABImemcpy.o                   166
    ABImemset.o                   102
    ABImemset48.o                  50
    I64DivMod.o                   560
    I64DivZer.o                     2
    cexit.o                        10
    cmain.o                        30
    cstartup_M.o                   12
    data_init.o                    40
    lz77_init_single.o            122
    memchr.o                       88
    memcmp.o                      104
    strchr.o                       22
    strlen.o                       54
    zero_init3.o                   58
    ---------------------------------------------------
    Total:                      1 426

shb_l.a: [5]
    exit.o                         20
    ---------------------------------------------------
    Total:                         20

    Gaps                           42        4
    Linker created                          32   16 384
-------------------------------------------------------
    Grand Total:               52 772   26 581   31 444


*******************************************************************************
*** ENTRY LIST
***

Entry                       Address    Size  Type      Object
-----                       -------    ----  ----      ------
.iar.init_table$$Base    0x801'2cac           --   Gb  - Linker created -
.iar.init_table$$Limit   0x801'2ccc           --   Gb  - Linker created -
?main                    0x801'2ded          Code  Gb  cmain.o [4]
AHBPrescTable            0x801'32f0    0x10  Data  Gb  system_stm32f4xx.o [1]
APBPrescTable            0x801'33f8     0x8  Data  Gb  system_stm32f4xx.o [1]
Address_Check            0x800'a26f    0x12  Code  Lc  Sensor_Upload.o [1]
ArrayRGB                0x2000'3658   0x1b8  Data  Lc  ili9225g.o [1]
BSP_SD_DeInit            0x800'd90f     0xe  Code  Gb  bsp_driver_sd.o [1]
BSP_SD_GetCardInfo       0x800'd98f     0xe  Code  Gb  bsp_driver_sd.o [1]
BSP_SD_GetCardState      0x800'd979    0x16  Code  Gb  bsp_driver_sd.o [1]
BSP_SD_Init              0x800'd8d5    0x3a  Code  Gb  bsp_driver_sd.o [1]
BSP_SD_IsDetected        0x800'd99d    0x22  Code  Gb  bsp_driver_sd.o [1]
BSP_SD_ReadBlocks        0x800'd91d    0x2e  Code  Gb  bsp_driver_sd.o [1]
BSP_SD_WriteBlocks       0x800'd94b    0x2e  Code  Gb  bsp_driver_sd.o [1]
BootKey_Check            0x800'abf5    0x9c  Code  Gb  Task.o [1]
Boot_Task                0x800'ad15    0x20  Code  Gb  Task.o [1]
BusFault_Handler         0x801'2ac7     0x2  Code  Gb  stm32f4xx_it.o [1]
CRC16                    0x800'e585    0x38  Code  Gb  crc16.o [1]
CRC_Calculate            0x800'bd4d    0xee  Code  Gb  CRC.o [1]
CRC_DeInit               0x800'be3b    0x20  Code  Gb  CRC.o [1]
CRC_Handle              0x2000'1870   0x810  Data  Gb  CRC.o [1]
CRC_Init                 0x800'bd11    0x3c  Code  Gb  CRC.o [1]
CSTACK$$Base            0x2000'3ad8           --   Gb  - Linker created -
CSTACK$$Limit           0x2000'7ad8           --   Gb  - Linker created -
CacheMore                0x800'8e09    0x24  Code  Lc  xlocale_c.o [2]
Cartridge_BootJump_Write_Packet_Send
                         0x800'cded    0x2c  Code  Gb  modbus_rtu_master.o [1]
Cavity_BootJump_Write_Packet_Send
                         0x800'ce19    0x2c  Code  Gb  modbus_rtu_master.o [1]
DebugMon_Handler         0x801'2acd     0x2  Code  Gb  stm32f4xx_it.o [1]
Display                 0x2000'3acf     0x1  Data  Gb  Display.o [1]
DisplayOff               0x800'7bc5     0xc  Code  Gb  gdi.o [1]
Display_Off              0x800'7215     0x8  Code  Gb  Display.o [1]
Download_File_Find       0x800'b5e5   0x158  Code  Gb  SD_Card.o [1]
DrawChar                 0x800'7bd9   0x1f4  Code  Lc  gdi.o [1]
DrawProp                0x2000'3a78     0xc  Data  Gb  gdi.o [1]
ExCvt                    0x801'25ec    0x80  Data  Lc  ff.o [1]
FATFS_DeInit             0x800'6657    0x10  Code  Gb  fatfs.o [1]
FATFS_LinkDriver         0x800'66b9    0x12  Code  Gb  ff_gen_drv.o [1]
FATFS_LinkDriverEx       0x800'6671    0x48  Code  Gb  ff_gen_drv.o [1]
FATFS_UnLinkDriver       0x800'6715     0xe  Code  Gb  ff_gen_drv.o [1]
FATFS_UnLinkDriverEx     0x800'66cb    0x4a  Code  Gb  ff_gen_drv.o [1]
FLASH_Erase_Sector       0x800'f2f5    0x60  Code  Gb  stm32f4xx_hal_flash_ex.o [1]
FLASH_FlushCaches        0x800'f355    0x50  Code  Gb  stm32f4xx_hal_flash_ex.o [1]
FLASH_MassErase          0x800'f2cd    0x28  Code  Lc  stm32f4xx_hal_flash_ex.o [1]
FLASH_Program_Byte       0x800'f18b    0x1a  Code  Lc  stm32f4xx_hal_flash.o [1]
FLASH_Program_DoubleWord
                         0x800'f129    0x26  Code  Lc  stm32f4xx_hal_flash.o [1]
FLASH_Program_HalfWord   0x800'f16d    0x1e  Code  Lc  stm32f4xx_hal_flash.o [1]
FLASH_Program_Word       0x800'f14f    0x1e  Code  Lc  stm32f4xx_hal_flash.o [1]
FLASH_SetErrorCode       0x800'f1a5    0x68  Code  Lc  stm32f4xx_hal_flash.o [1]
FLASH_WaitForLastOperation
                         0x800'f0d9    0x50  Code  Gb  stm32f4xx_hal_flash.o [1]
FSMC_DeInit              0x800'e5fb    0x32  Code  Gb  fsmc.o [1]
FSMC_DeInitialized      0x2000'3ab0     0x4  Data  Lc  stm32f4xx_hal_msp.o [1]
FSMC_Init                0x800'e5bd    0x3e  Code  Gb  fsmc.o [1]
FSMC_Initialized        0x2000'3aac     0x4  Data  Lc  stm32f4xx_hal_msp.o [1]
FSMC_NAND_AttributeSpace_Timing_Init
                         0x800'e4ef    0x38  Code  Gb  stm32f4xx_ll_fsmc.o [1]
FSMC_NAND_CommonSpace_Timing_Init
                         0x800'e4b7    0x38  Code  Gb  stm32f4xx_ll_fsmc.o [1]
FSMC_NAND_DeInit         0x800'e527    0x42  Code  Gb  stm32f4xx_ll_fsmc.o [1]
FSMC_NAND_Init           0x800'e46f    0x48  Code  Gb  stm32f4xx_ll_fsmc.o [1]
FSMC_NORSRAM_DeInit      0x800'e3ab    0x3a  Code  Gb  stm32f4xx_ll_fsmc.o [1]
FSMC_NORSRAM_Extended_Timing_Init
                         0x800'e42b    0x44  Code  Gb  stm32f4xx_ll_fsmc.o [1]
FSMC_NORSRAM_Init        0x800'e351    0x5a  Code  Gb  stm32f4xx_ll_fsmc.o [1]
FSMC_NORSRAM_Timing_Init
                         0x800'e3e5    0x46  Code  Gb  stm32f4xx_ll_fsmc.o [1]
FSMC_SramBank1_ReadData
                         0x800'e63f     0x8  Code  Gb  fsmc.o [1]
FSMC_SramBank1_WriteData
                         0x800'e62d     0x6  Code  Gb  fsmc.o [1]
FSMC_SramBank1_WriteReg
                         0x800'e633     0xc  Code  Gb  fsmc.o [1]
FatFs                   0x2000'3a98     0x4  Data  Lc  ff.o [1]
FilePageLoad             0x800'b76f    0xe6  Code  Gb  SD_Card.o [1]
Files                   0x2000'39f4    0x20  Data  Lc  ff.o [1]
Flash                   0x2000'3248   0x410  Data  Gb  Flash.o [1]
FlashSector_Erase        0x800'd501    0x8c  Code  Gb  Flash.o [1]
FlashSector_Erase::EraseInitStruct
                        0x2000'3a34    0x14  Data  Lc  Flash.o [1]
Font07x12               0x2000'0000     0x8  Data  Gb  fonts.o [1]
Font07x12_Table          0x801'1c2c   0x474  Data  Gb  fonts.o [1]
Font11x16               0x2000'0008     0x8  Data  Gb  fonts.o [1]
Font11x16_Table          0x801'0b80   0xbe0  Data  Gb  fonts.o [1]
Font29x48               0x2000'0010     0x8  Data  Gb  fonts.o [1]
Font29x48_Table          0x800'0188  0x4740  Data  Gb  fonts.o [1]
Fsid                    0x2000'3ac4     0x2  Data  Lc  ff.o [1]
FuncKey_Set              0x800'adbf    0xd6  Code  Lc  Task.o [1]
GDI_Clear                0x800'78cd    0x3e  Code  Gb  gdi.o [1]
GDI_DeInit               0x800'7885     0xc  Code  Gb  gdi.o [1]
GDI_DisplayChar          0x800'793b    0x3a  Code  Gb  gdi.o [1]
GDI_DrawHLine            0x800'7af3    0x5e  Code  Gb  gdi.o [1]
GDI_DrawPixel            0x800'7acb    0x28  Code  Gb  gdi.o [1]
GDI_DrawVLine            0x800'7b51    0x5e  Code  Gb  gdi.o [1]
GDI_GetXSize             0x800'7891     0xe  Code  Gb  gdi.o [1]
GDI_GetYSize             0x800'789f     0xe  Code  Gb  gdi.o [1]
GDI_Init                 0x800'7839    0x4c  Code  Gb  gdi.o [1]
GDI_SetBackColor         0x800'78b9     0xc  Code  Gb  gdi.o [1]
GDI_SetFont              0x800'78c5     0x8  Code  Gb  gdi.o [1]
GDI_SetTextColor         0x800'78ad     0xc  Code  Gb  gdi.o [1]
GDI_StatusArea_Clear     0x800'790b    0x30  Code  Gb  gdi.o [1]
GDI_String               0x800'79a3   0x128  Code  Gb  gdi.o [1]
GDI_StringColor          0x800'7975    0x2e  Code  Gb  gdi.o [1]
GPIO_DeInit              0x800'e96f    0xac  Code  Gb  gpio.o [1]
GPIO_Init                0x800'e647    0xd8  Code  Lc  fsmc.o [1]
GPIO_Init                0x800'e839   0x136  Code  Gb  gpio.o [1]
GPIO_Init                0x801'22d5    0x9a  Code  Lc  lcd.o [1]
GetSector                0x800'd7ed    0xa4  Code  Lc  Flash.o [1]
GetStratSector           0x800'd58d    0x7c  Code  Lc  Flash.o [1]
HAL_CRC_Calculate        0x800'da99    0x34  Code  Gb  stm32f4xx_hal_crc.o [1]
HAL_CRC_DeInit           0x800'da57    0x42  Code  Gb  stm32f4xx_hal_crc.o [1]
HAL_CRC_Init             0x800'da2f    0x28  Code  Gb  stm32f4xx_hal_crc.o [1]
HAL_DMA_Abort_IT         0x801'00b5    0x28  Code  Gb  stm32f4xx_hal_dma.o [1]
HAL_Delay                0x800'ce5d    0x28  Code  Wk  stm32f4xx_hal.o [1]
HAL_FLASHEx_Erase        0x800'f225    0xa8  Code  Gb  stm32f4xx_hal_flash_ex.o [1]
HAL_FLASH_GetError       0x800'f0d3     0x6  Code  Gb  stm32f4xx_hal_flash.o [1]
HAL_FLASH_Lock           0x800'f0c5     0xe  Code  Gb  stm32f4xx_hal_flash.o [1]
HAL_FLASH_Program        0x800'f011    0x92  Code  Gb  stm32f4xx_hal_flash.o [1]
HAL_FLASH_Unlock         0x800'f0a3    0x22  Code  Gb  stm32f4xx_hal_flash.o [1]
HAL_FSMC_MspDeInit       0x801'0387    0x40  Code  Lc  stm32f4xx_hal_msp.o [1]
HAL_FSMC_MspInit         0x801'02d3    0xaa  Code  Lc  stm32f4xx_hal_msp.o [1]
HAL_GPIO_DeInit          0x800'baa5   0x19c  Code  Gb  stm32f4xx_hal_gpio.o [1]
HAL_GPIO_Init            0x800'b895   0x210  Code  Gb  stm32f4xx_hal_gpio.o [1]
HAL_GPIO_ReadPin         0x800'bc41    0x16  Code  Gb  stm32f4xx_hal_gpio.o [1]
HAL_GPIO_WritePin        0x800'bc57    0x1a  Code  Gb  stm32f4xx_hal_gpio.o [1]
HAL_GetTick              0x800'e579     0xc  Code  Wk  stm32f4xx_hal.o [1]
HAL_IncTick              0x801'2aed    0x18  Code  Wk  stm32f4xx_hal.o [1]
HAL_Init                 0x800'ea31    0x30  Code  Gb  stm32f4xx_hal.o [1]
HAL_InitTick             0x801'0161    0x4c  Code  Wk  stm32f4xx_hal.o [1]
HAL_MspInit              0x801'01ad    0x36  Code  Gb  stm32f4xx_hal_msp.o [1]
HAL_NAND_Address_Inc     0x800'cc81    0x44  Code  Gb  stm32f4xx_hal_nand.o [1]
HAL_NAND_DeInit          0x800'c727    0x22  Code  Gb  stm32f4xx_hal_nand.o [1]
HAL_NAND_Erase_Block     0x800'cb69    0xdc  Code  Gb  stm32f4xx_hal_nand.o [1]
HAL_NAND_Init            0x800'c6bd    0x6a  Code  Gb  stm32f4xx_hal_nand.o [1]
HAL_NAND_Read_ID         0x800'c749    0xa2  Code  Gb  stm32f4xx_hal_nand.o [1]
HAL_NAND_Read_Page_8b    0x800'c7eb   0x1be  Code  Gb  stm32f4xx_hal_nand.o [1]
HAL_NAND_Read_Status     0x800'cc49    0x38  Code  Gb  stm32f4xx_hal_nand.o [1]
HAL_NAND_Write_Page_8b   0x800'c9a9   0x1ba  Code  Gb  stm32f4xx_hal_nand.o [1]
HAL_NVIC_DisableIRQ      0x800'cff1     0xe  Code  Gb  stm32f4xx_hal_cortex.o [1]
HAL_NVIC_EnableIRQ       0x800'cfe3     0xe  Code  Gb  stm32f4xx_hal_cortex.o [1]
HAL_NVIC_SetPriority     0x800'cfb9    0x2a  Code  Gb  stm32f4xx_hal_cortex.o [1]
HAL_NVIC_SetPriorityGrouping
                         0x800'cfad     0xc  Code  Gb  stm32f4xx_hal_cortex.o [1]
HAL_NVIC_SystemReset     0x800'cfff     0x8  Code  Gb  stm32f4xx_hal_cortex.o [1]
HAL_RCC_ClockConfig      0x800'eded   0x13e  Code  Gb  stm32f4xx_hal_rcc.o [1]
HAL_RCC_GetHCLKFreq      0x800'ef2b     0x6  Code  Gb  stm32f4xx_hal_rcc.o [1]
HAL_RCC_GetPCLK1Freq     0x800'ef31    0x16  Code  Gb  stm32f4xx_hal_rcc.o [1]
HAL_RCC_GetPCLK2Freq     0x800'ef47    0x16  Code  Gb  stm32f4xx_hal_rcc.o [1]
HAL_RCC_OscConfig        0x800'ea6d   0x380  Code  Wk  stm32f4xx_hal_rcc.o [1]
HAL_SD_ConfigWideBusOperation
                         0x800'fb93    0xb0  Code  Gb  stm32f4xx_hal_sd.o [1]
HAL_SD_DeInit            0x800'f47b    0x2c  Code  Gb  stm32f4xx_hal_sd.o [1]
HAL_SD_GetCardCSD        0x800'f921   0x24c  Code  Gb  stm32f4xx_hal_sd.o [1]
HAL_SD_GetCardInfo       0x800'fb6d    0x26  Code  Gb  stm32f4xx_hal_sd.o [1]
HAL_SD_GetCardState      0x800'fc43    0x2c  Code  Gb  stm32f4xx_hal_sd.o [1]
HAL_SD_Init              0x800'f3b5    0x3c  Code  Gb  stm32f4xx_hal_sd.o [1]
HAL_SD_InitCard          0x800'f3f1    0x8a  Code  Gb  stm32f4xx_hal_sd.o [1]
HAL_SD_MspDeInit         0x801'02a9    0x2a  Code  Gb  stm32f4xx_hal_msp.o [1]
HAL_SD_MspInit           0x801'01e3    0xc6  Code  Gb  stm32f4xx_hal_msp.o [1]
HAL_SD_ReadBlocks        0x800'f4a7   0x25c  Code  Gb  stm32f4xx_hal_sd.o [1]
HAL_SD_WriteBlocks       0x800'f703   0x21a  Code  Gb  stm32f4xx_hal_sd.o [1]
HAL_SRAM_DeInit          0x801'013d    0x24  Code  Gb  stm32f4xx_hal_sram.o [1]
HAL_SRAM_Init            0x801'00e1    0x5c  Code  Gb  stm32f4xx_hal_sram.o [1]
HAL_SRAM_MspDeInit       0x801'03f9     0xa  Code  Gb  stm32f4xx_hal_msp.o [1]
HAL_SRAM_MspInit         0x801'037d     0xa  Code  Gb  stm32f4xx_hal_msp.o [1]
HAL_SYSTICK_Callback     0x800'd311     0x8  Code  Gb  main.o [1]
HAL_SYSTICK_Config       0x800'd007     0xc  Code  Gb  stm32f4xx_hal_cortex.o [1]
HAL_UART_DeInit          0x800'db47    0x3e  Code  Gb  stm32f4xx_hal_uart.o [1]
HAL_UART_IRQHandler      0x800'dd31   0x14a  Code  Gb  stm32f4xx_hal_uart.o [1]
HAL_UART_Init            0x800'dad1    0x76  Code  Gb  stm32f4xx_hal_uart.o [1]
HAL_UART_MspDeInit       0x800'c0ef    0xa0  Code  Gb  usart.o [1]
HAL_UART_MspInit         0x800'bf97   0x158  Code  Gb  usart.o [1]
HAL_UART_Receive_IT      0x800'dcbf    0x72  Code  Gb  stm32f4xx_hal_uart.o [1]
HAL_UART_RxCpltCallback
                         0x800'c18f   0x18a  Code  Gb  usart.o [1]
HAL_UART_Transmit        0x800'db85    0xe0  Code  Gb  stm32f4xx_hal_uart.o [1]
HAL_UART_Transmit_IT     0x800'dc65    0x5a  Code  Gb  stm32f4xx_hal_uart.o [1]
HAL_UART_TxCpltCallback
                         0x800'c319    0x3e  Code  Gb  usart.o [1]
HardFault_Handler        0x801'2ac3     0x2  Code  Gb  stm32f4xx_it.o [1]
ILI9225G_DisplayOff      0x801'1911    0x34  Code  Gb  ili9225g.o [1]
ILI9225G_DisplayOn       0x801'18bf    0x52  Code  Gb  ili9225g.o [1]
ILI9225G_DrawBitmap      0x801'1ad9    0x60  Code  Gb  ili9225g.o [1]
ILI9225G_DrawHLine       0x801'1a15    0x62  Code  Gb  ili9225g.o [1]
ILI9225G_DrawRGBImage    0x801'1b39    0x56  Code  Gb  ili9225g.o [1]
ILI9225G_DrawVLine       0x801'1a77    0x62  Code  Gb  ili9225g.o [1]
ILI9225G_GetLcdPixelHeight
                         0x801'1949     0x4  Code  Gb  ili9225g.o [1]
ILI9225G_GetLcdPixelWidth
                         0x801'1945     0x4  Code  Gb  ili9225g.o [1]
ILI9225G_IO_ReadData     0x801'1c1b    0x12  Code  Gb  ili9225g.o [1]
ILI9225G_IO_WriteMultipleData
                         0x801'1b8f    0x1c  Code  Gb  ili9225g.o [1]
ILI9225G_IO_WriteMultipleRGB
                         0x801'1bab    0x58  Code  Gb  ili9225g.o [1]
ILI9225G_IO_WriteReg     0x801'1c0d     0xe  Code  Gb  ili9225g.o [1]
ILI9225G_Init            0x801'1761   0x15e  Code  Gb  ili9225g.o [1]
ILI9225G_ReadID          0x801'194d     0xa  Code  Gb  ili9225g.o [1]
ILI9225G_ReadPixel       0x801'1997    0x1a  Code  Gb  ili9225g.o [1]
ILI9225G_ReadReg         0x801'19c7    0x10  Code  Gb  ili9225g.o [1]
ILI9225G_SetCursor       0x801'1957    0x1e  Code  Gb  ili9225g.o [1]
ILI9225G_SetDisplayWindow
                         0x801'19d7    0x3e  Code  Gb  ili9225g.o [1]
ILI9225G_WritePixel      0x801'1975    0x22  Code  Gb  ili9225g.o [1]
ILI9225G_WriteReg        0x801'19b1    0x16  Code  Gb  ili9225g.o [1]
JumpAddress             0x2000'3abc     0x4  Data  Gb  Task.o [1]
Jump_To_Application     0x2000'3ab8     0x4  Data  Gb  Task.o [1]
Key                     0x2000'3a84     0xc  Data  Gb  IO_Ctrl.o [1]
Key_Check                0x800'd03d    0xce  Code  Gb  IO_Ctrl.o [1]
Key_Operation            0x800'd10b    0xf0  Code  Gb  IO_Ctrl.o [1]
Key_Operation::ucOld_OperateKey
                        0x2000'0130     0x1  Data  Lc  IO_Ctrl.o [1]
Key_Read                 0x800'd1fb   0x100  Code  Lc  IO_Ctrl.o [1]
Key_Read::ucOld_ReadKey
                        0x2000'3ad1     0x1  Data  Lc  IO_Ctrl.o [1]
LCD_BL_Init              0x801'23ab    0x24  Code  Lc  lcd.o [1]
LCD_BL_Off               0x801'23cf    0x1e  Code  Lc  lcd.o [1]
LCD_DeInit               0x801'22a1    0x28  Code  Lc  lcd.o [1]
LCD_IO_Init              0x801'22c9     0xc  Code  Lc  lcd.o [1]
LCD_IO_Reset             0x801'236f    0x3c  Code  Lc  lcd.o [1]
LcdDrive                0x2000'0018    0x48  Data  Gb  lcd.o [1]
LoadInt                  0x800'8047    0x7a  Code  Lc  xprintffull.o [2]
MODBUS_RTU_Packet_Send_Master
                         0x800'cdcd    0x20  Code  Lc  modbus_rtu_master.o [1]
MODBUS_RTU_Write_Register_Packet_Send_Master
                         0x800'ccc9   0x104  Code  Gb  modbus_rtu_master.o [1]
MX_FATFS_Init            0x800'6641    0x12  Code  Gb  fatfs.o [1]
MainApp_Start            0x800'b0d9    0x94  Code  Lc  Task.o [1]
Main_Upload              0x800'af31   0x19a  Code  Lc  Task.o [1]
MemManage_Handler        0x801'2ac5     0x2  Code  Gb  stm32f4xx_it.o [1]
MenuSelect_Display       0x800'690b   0x100  Code  Gb  Display.o [1]
MenuSelect_Display::ucOld_pos
                        0x2000'3ad0     0x1  Data  Lc  Display.o [1]
Menu_Operation           0x800'ad7d    0x42  Code  Lc  Task.o [1]
NAND_Erase_Block         0x800'c63b    0x22  Code  Gb  nand_flash.o [1]
NAND_Write_Page_8bit     0x800'c65d    0x28  Code  Gb  nand_flash.o [1]
NMI_Handler              0x801'2ac1     0x2  Code  Gb  stm32f4xx_it.o [1]
NVIC_EncodePriority      0x800'cf23    0x40  Code  Lc  stm32f4xx_hal_cortex.o [1]
NandAddr                0x2000'3a90     0x8  Data  Gb  nand_flash.o [1]
NandBank3_Handle        0x2000'3934    0x40  Data  Gb  nand_flash.o [1]
NandBank3_Init           0x800'e791    0x76  Code  Lc  fsmc.o [1]
NandID                  0x2000'3aa4     0x4  Data  Gb  nand_flash.o [1]
Nand_Flash_Init          0x800'c3c9    0x6e  Code  Gb  nand_flash.o [1]
Nand_flash              0x2000'3a48    0x14  Data  Gb  Task.o [1]
Packet_Handle           0x2000'0134   0xf18  Data  Gb  Sensor_Upload.o [1]
PendSV_Handler           0x801'2acf     0x2  Code  Gb  stm32f4xx_it.o [1]
RGB_ReMap               0x2000'3aa0     0x4  Data  Lc  ili9225g.o [1]
RSTKey_Set               0x800'ae95    0x32  Code  Lc  Task.o [1]
Receive_Check            0x800'a2bf   0x25c  Code  Lc  Sensor_Upload.o [1]
Region$$Table$$Base      0x801'2cac           --   Gb  - Linker created -
Region$$Table$$Limit     0x801'2ccc           --   Gb  - Linker created -
Remote_Download_File_Find
                         0x800'c437    0xea  Code  Gb  nand_flash.o [1]
Remote_FilePageLoad      0x800'c521    0x56  Code  Gb  nand_flash.o [1]
Remote_Main_Upload       0x800'b259   0x182  Code  Gb  Task.o [1]
Remote_Reset_Status      0x800'b3db    0x4a  Code  Gb  Task.o [1]
Remote_Sensor_Upload     0x800'a755   0x352  Code  Gb  Sensor_Upload.o [1]
Remote_Sensor_Upload::uCounting
                        0x2000'3aca     0x2  Data  Lc  Sensor_Upload.o [1]
Remote_Status_Display    0x800'7449   0x350  Code  Gb  Display.o [1]
Remote_SysConfig         0x800'b16d    0x30  Code  Gb  Task.o [1]
Remote_Title_Display     0x800'721d   0x1d4  Code  Gb  Display.o [1]
Remote_Update_Check      0x800'c577    0xc4  Code  Gb  nand_flash.o [1]
Remote_Upload_Set        0x800'b19d    0x8a  Code  Gb  Task.o [1]
Remote_Upload_Task       0x800'b227    0x32  Code  Gb  Task.o [1]
Reset_Status             0x800'aec7    0x6a  Code  Gb  Task.o [1]
Rx_Handler               0x800'9b75    0xbe  Code  Gb  Sensor_Upload.o [1]
SD                      0x2000'2dbc   0x48c  Data  Gb  SD_Card.o [1]
SDIO_ConfigData          0x801'04df    0x2e  Code  Gb  stm32f4xx_ll_sdmmc.o [1]
SDIO_GetCommandResponse
                         0x801'04c1     0x6  Code  Gb  stm32f4xx_ll_sdmmc.o [1]
SDIO_GetPowerState       0x801'048f     0x8  Code  Gb  stm32f4xx_ll_sdmmc.o [1]
SDIO_GetResponse         0x801'04c7    0x18  Code  Gb  stm32f4xx_ll_sdmmc.o [1]
SDIO_Init                0x801'0439    0x30  Code  Gb  stm32f4xx_ll_sdmmc.o [1]
SDIO_PowerState_OFF      0x801'0485     0xa  Code  Gb  stm32f4xx_ll_sdmmc.o [1]
SDIO_PowerState_ON       0x801'047b     0xa  Code  Gb  stm32f4xx_ll_sdmmc.o [1]
SDIO_ReadFIFO            0x801'0469     0x6  Code  Gb  stm32f4xx_ll_sdmmc.o [1]
SDIO_SD_DeInit           0x800'b55d    0x18  Code  Gb  SD_Card.o [1]
SDIO_SD_Init             0x800'b529    0x34  Code  Gb  SD_Card.o [1]
SDIO_SendCommand         0x801'0497    0x2a  Code  Gb  stm32f4xx_ll_sdmmc.o [1]
SDIO_WriteFIFO           0x801'046f     0xc  Code  Gb  stm32f4xx_ll_sdmmc.o [1]
SDMMC_CmdAppCommand      0x801'06eb    0x36  Code  Gb  stm32f4xx_ll_sdmmc.o [1]
SDMMC_CmdAppOperCommand
                         0x801'0721    0x36  Code  Gb  stm32f4xx_ll_sdmmc.o [1]
SDMMC_CmdBlockLength     0x801'050d    0x36  Code  Gb  stm32f4xx_ll_sdmmc.o [1]
SDMMC_CmdBusWidth        0x801'0757    0x36  Code  Gb  stm32f4xx_ll_sdmmc.o [1]
SDMMC_CmdGoIdleState     0x801'0689    0x30  Code  Gb  stm32f4xx_ll_sdmmc.o [1]
SDMMC_CmdOperCond        0x801'06b9    0x32  Code  Gb  stm32f4xx_ll_sdmmc.o [1]
SDMMC_CmdReadMultiBlock
                         0x801'0579    0x36  Code  Gb  stm32f4xx_ll_sdmmc.o [1]
SDMMC_CmdReadSingleBlock
                         0x801'0543    0x36  Code  Gb  stm32f4xx_ll_sdmmc.o [1]
SDMMC_CmdSelDesel        0x801'0651    0x38  Code  Gb  stm32f4xx_ll_sdmmc.o [1]
SDMMC_CmdSendCID         0x801'07c3    0x30  Code  Gb  stm32f4xx_ll_sdmmc.o [1]
SDMMC_CmdSendCSD         0x801'07f3    0x30  Code  Gb  stm32f4xx_ll_sdmmc.o [1]
SDMMC_CmdSendSCR         0x801'078d    0x36  Code  Gb  stm32f4xx_ll_sdmmc.o [1]
SDMMC_CmdSendStatus      0x801'0859    0x36  Code  Gb  stm32f4xx_ll_sdmmc.o [1]
SDMMC_CmdSetRelAdd       0x801'0823    0x36  Code  Gb  stm32f4xx_ll_sdmmc.o [1]
SDMMC_CmdStopTransfer    0x801'061b    0x36  Code  Gb  stm32f4xx_ll_sdmmc.o [1]
SDMMC_CmdWriteMultiBlock
                         0x801'05e5    0x36  Code  Gb  stm32f4xx_ll_sdmmc.o [1]
SDMMC_CmdWriteSingleBlock
                         0x801'05af    0x36  Code  Gb  stm32f4xx_ll_sdmmc.o [1]
SDMMC_GetCmdError        0x801'088f    0x36  Code  Lc  stm32f4xx_ll_sdmmc.o [1]
SDMMC_GetCmdResp1        0x801'08c5   0x12e  Code  Lc  stm32f4xx_ll_sdmmc.o [1]
SDMMC_GetCmdResp2        0x801'09f3    0x52  Code  Lc  stm32f4xx_ll_sdmmc.o [1]
SDMMC_GetCmdResp3        0x801'0a45    0x44  Code  Lc  stm32f4xx_ll_sdmmc.o [1]
SDMMC_GetCmdResp6        0x801'0a89    0x9a  Code  Lc  stm32f4xx_ll_sdmmc.o [1]
SDMMC_GetCmdResp7        0x801'0b23    0x48  Code  Lc  stm32f4xx_ll_sdmmc.o [1]
SD_Check                 0x800'b59f    0x46  Code  Lc  SD_Card.o [1]
SD_CheckStatus           0x801'23f9    0x1e  Code  Lc  sd_diskio.o [1]
SD_Driver                0x801'3168    0x14  Data  Gb  sd_diskio.o [1]
SD_FindSCR               0x800'ff7b   0x138  Code  Lc  stm32f4xx_hal_sd.o [1]
SD_InitCard              0x800'fc6f   0x102  Code  Lc  stm32f4xx_hal_sd.o [1]
SD_Mount                 0x800'b575    0x2a  Code  Gb  SD_Card.o [1]
SD_PowerOFF              0x800'fe65     0xe  Code  Lc  stm32f4xx_hal_sd.o [1]
SD_PowerON               0x800'fd71    0xf4  Code  Lc  stm32f4xx_hal_sd.o [1]
SD_SendStatus            0x800'fe73    0x34  Code  Lc  stm32f4xx_hal_sd.o [1]
SD_WideBus_Disable       0x800'ff11    0x6a  Code  Lc  stm32f4xx_hal_sd.o [1]
SD_WideBus_Enable        0x800'fea7    0x6a  Code  Lc  stm32f4xx_hal_sd.o [1]
SD_initialize            0x801'2417    0x20  Code  Gb  sd_diskio.o [1]
SD_ioctl                 0x801'24b1    0x64  Code  Gb  sd_diskio.o [1]
SD_read                  0x801'2445    0x36  Code  Gb  sd_diskio.o [1]
SD_status                0x801'2437     0xe  Code  Gb  sd_diskio.o [1]
SD_write                 0x801'247b    0x36  Code  Gb  sd_diskio.o [1]
SVC_Handler              0x801'2acb     0x2  Code  Gb  stm32f4xx_it.o [1]
Send_Packet              0x800'a51b   0x184  Code  Lc  Sensor_Upload.o [1]
SensorAppStart_Receive   0x800'a205    0x6a  Code  Lc  Sensor_Upload.o [1]
SensorUpload_Handle     0x2000'104c   0x824  Data  Gb  Sensor_Upload.o [1]
SensorUpload_Verify      0x800'a281    0x3e  Code  Lc  Sensor_Upload.o [1]
SensorVersion_Receive    0x800'a117    0xee  Code  Lc  Sensor_Upload.o [1]
Sensor_Command           0x800'9fe3   0x134  Code  Gb  Sensor_Upload.o [1]
Sensor_Upload            0x800'9c33   0x362  Code  Gb  Sensor_Upload.o [1]
Sensor_Upload::uCounting
                        0x2000'3ac8     0x2  Data  Lc  Sensor_Upload.o [1]
Sensor_UploadStart       0x800'9f95    0x4e  Code  Gb  Sensor_Upload.o [1]
Show_Display             0x800'717b    0x64  Code  Gb  Display.o [1]
SramBank1_Handle        0x2000'3894    0x50  Data  Lc  fsmc.o [1]
SramBank1_Init           0x800'e71f    0x72  Code  Lc  fsmc.o [1]
Stat                    0x2000'0131     0x1  Data  Lc  sd_diskio.o [1]
StatusBox_Display        0x800'6a0b    0x34  Code  Gb  Display.o [1]
Status_Display           0x800'6a3f   0x5a8  Code  Gb  Display.o [1]
SysConfig                0x800'ac91    0x84  Code  Gb  Task.o [1]
SysDeInit                0x800'd319    0x24  Code  Gb  main.o [1]
SysTick_Config           0x800'cf7d    0x30  Code  Lc  stm32f4xx_hal_cortex.o [1]
SysTick_Handler          0x801'2ad1     0xc  Code  Gb  stm32f4xx_it.o [1]
SysTick_Task             0x800'ab7d    0x78  Code  Gb  Task.o [1]
SystemClock_Config       0x800'd411    0xb0  Code  Gb  main.o [1]
SystemCoreClock         0x2000'0064     0x4  Data  Gb  system_stm32f4xx.o [1]
SystemInit               0x801'28e5    0x40  Code  Gb  system_stm32f4xx.o [1]
TaskStatus              0x2000'3acc     0x2  Data  Gb  Task.o [1]
Tick                    0x2000'3ab4     0x4  Data  Gb  Task.o [1]
Timeout_Check            0x800'a6e7    0x3c  Code  Lc  Sensor_Upload.o [1]
Title_Display            0x800'6729   0x1e2  Code  Gb  Display.o [1]
UART_DMAAbortOnError     0x800'df0d    0x16  Code  Lc  stm32f4xx_hal_uart.o [1]
UART_EndRxTransfer       0x800'dee9    0x20  Code  Lc  stm32f4xx_hal_uart.o [1]
UART_EndTransmit_IT      0x800'df93    0x20  Code  Lc  stm32f4xx_hal_uart.o [1]
UART_Receive_IT          0x800'dfb3    0xae  Code  Lc  stm32f4xx_hal_uart.o [1]
UART_SetConfig           0x800'e061   0x2e2  Code  Lc  stm32f4xx_hal_uart.o [1]
UART_Transmit_IT         0x800'df25    0x6e  Code  Lc  stm32f4xx_hal_uart.o [1]
UART_WaitOnFlagUntilTimeout
                         0x800'de7b    0x6e  Code  Lc  stm32f4xx_hal_uart.o [1]
USART1_Handle           0x2000'3974    0x40  Data  Gb  usart.o [1]
USART1_Init              0x800'bf37    0x30  Code  Lc  usart.o [1]
USART3_Handle           0x2000'39b4    0x40  Data  Gb  usart.o [1]
USART3_IRQHandler        0x801'2add     0xa  Code  Gb  stm32f4xx_it.o [1]
USART3_Init              0x800'bf67    0x30  Code  Lc  usart.o [1]
USART3_Packet_Send       0x800'c357    0x18  Code  Gb  usart.o [1]
USART3_Packet_Send_IT    0x800'c36f    0x22  Code  Gb  usart.o [1]
USART_DeInit             0x800'beef    0x48  Code  Gb  usart.o [1]
USART_Init               0x800'bea5    0x4a  Code  Gb  usart.o [1]
UploadCount             0x2000'3a5c    0x10  Data  Gb  Task.o [1]
UploadStatus_Display     0x800'6fe7   0x194  Code  Gb  Display.o [1]
Upload_Fault_Check       0x800'a69f    0x48  Code  Lc  Sensor_Upload.o [1]
Upload_Flash             0x800'd609   0x1a8  Code  Gb  Flash.o [1]
Upload_State            0x2000'3ad4     0x1  Data  Gb  Task.o [1]
Upload_Task              0x800'ad35    0x48  Code  Lc  Task.o [1]
UsageFault_Handler       0x801'2ac9     0x2  Code  Gb  stm32f4xx_it.o [1]
Verify_Flash             0x800'd7b1    0x3c  Code  Gb  Flash.o [1]
_Encoding_8859_1_Mbrlen
                         0x800'8ea5     0x2  Code  Gb  xencoding_8859_1.o [2]
_Encoding_8859_1_Wctomb
                         0x800'8e93    0x12  Code  Gb  xencoding_8859_1.o [2]
_Error_Handler           0x800'd4c1    0x12  Code  Gb  main.o [1]
_GenldFull               0x800'8aa5   0x274  Code  Lc  xprintffull.o [2]
_LdtobFull               0x800'86a1   0x3d6  Code  Lc  xprintffull.o [2]
_LitobFull               0x800'8551   0x10a  Code  Lc  xprintffull.o [2]
_Locale_lconv           0x2000'0068    0x38  Data  Lc  xlocale_c.o [2]
_PrintfFull              0x800'7e85   0x1aa  Code  Gb  xprintffull.o [2]
_Prout                   0x801'2fa1    0x16  Code  Gb  xprout.o [2]
_PutcharsFull            0x800'8d19    0x2e  Code  Lc  xprintffull.o [2]
_PutfldFull              0x800'80c1   0x2d4  Code  Lc  xprintffull.o [2]
_PutstrFull              0x800'848b    0xc6  Code  Lc  xprintffull.o [2]
_PuttxtFull              0x800'8395    0xf6  Code  Lc  xprintffull.o [2]
_SProut                  0x800'8f27     0xa  Code  Gb  xsprout.o [2]
__NVIC_DisableIRQ        0x800'ced1    0x26  Code  Lc  stm32f4xx_hal_cortex.o [1]
__NVIC_EnableIRQ         0x800'ceb3    0x1e  Code  Lc  stm32f4xx_hal_cortex.o [1]
__NVIC_GetPriorityGrouping
                         0x800'cea7     0xc  Code  Lc  stm32f4xx_hal_cortex.o [1]
__NVIC_SetPriority       0x800'cef7    0x2c  Code  Lc  stm32f4xx_hal_cortex.o [1]
__NVIC_SetPriorityGrouping
                         0x800'ce85    0x22  Code  Lc  stm32f4xx_hal_cortex.o [1]
__NVIC_SystemReset       0x800'cf63    0x1a  Code  Lc  stm32f4xx_hal_cortex.o [1]
__aeabi_cdcmple          0x800'9481          Code  Gb  DblCmpLe.o [3]
__aeabi_cdrcmple         0x800'94b1          Code  Gb  DblCmpGe.o [3]
__aeabi_d2iz             0x800'961d          Code  Gb  DblToS32.o [3]
__aeabi_d2uiz            0x800'99a9          Code  Gb  DblToU32.o [3]
__aeabi_ddiv             0x800'9761          Code  Gb  DblDiv.o [3]
__aeabi_dmul             0x800'926d          Code  Gb  DblMul.o [3]
__aeabi_dsub             0x800'967d          Code  Gb  DblSub.o [3]
__aeabi_f2d              0x800'7e15          Code  Gb  FltToDbl.o [3]
__aeabi_i2d              0x800'9659          Code  Gb  S32ToDbl.o [3]
__aeabi_ldiv0            0x800'99f1          Code  Gb  I64DivZer.o [4]
__aeabi_memclr4          0x800'ea65          Code  Gb  ABImemclr4.o [4]
__aeabi_memcpy           0x800'8f95          Code  Gb  ABImemcpy.o [4]
__aeabi_memcpy4          0x800'8fb5          Code  Gb  ABImemcpy.o [4]
__aeabi_memcpy8          0x800'8fb5          Code  Gb  ABImemcpy.o [4]
__aeabi_memset           0x800'd9c9          Code  Gb  ABImemset.o [4]
__aeabi_ui2d             0x800'99d1          Code  Gb  U32ToDbl.o [3]
__aeabi_uldivmod         0x800'903d          Code  Gb  I64DivMod.o [4]
__cmain                  0x801'2ded          Code  Gb  cmain.o [4]
__exit                   0x800'9b61    0x14  Code  Gb  exit.o [5]
__iar_Fail_s             0x800'8eb1    0x1c  Code  Gb  xfail_s.o [2]
__iar_Mbcurmax           0x800'8f89     0xa  Code  Gb  xmbcurmax.o [2]
__iar_Memchr             0x800'8f31          Code  Gb  memchr.o [4]
__iar_Memset             0x800'd9c9          Code  Gb  ABImemset.o [4]
__iar_Memset4_word       0x801'0405          Code  Gb  ABImemset48.o [4]
__iar_Memset8_word       0x801'0405          Code  Gb  ABImemset48.o [4]
__iar_Memset_word        0x800'd9d1          Code  Gb  ABImemset.o [4]
__iar_Stdout            0x2000'00e8    0x48  Data  Gb  xfiles.o [2]
__iar_Strchr             0x800'8e7d          Code  Gb  strchr.o [4]
__iar_dadd               0x800'968d          Code  Gb  DblSub.o [3]
__iar_data_init3         0x801'2bf5    0x28  Code  Gb  data_init.o [4]
__iar_dsub               0x800'99f5          Code  Gb  DblAdd.o [3]
__iar_dsubStart          0x800'9a07          Code  Gb  DblAdd.o [3]
__iar_frexp              0x800'941d          Code  Gb  frexp.o [3]
__iar_frexpl             0x800'941d          Code  Gb  frexp.o [3]
__iar_globLocale        0x2000'00a0    0x48  Data  Lc  xlocale_c.o [2]
__iar_global_Locale      0x800'8e05     0x4  Code  Gb  xlocale_c.o [2]
__iar_init_vfp           0x801'2c89          Code  Gb  fpinit_M.o [3]
__iar_ldexp64            0x800'94e1          Code  Gb  ldexp.o [3]
__iar_lz77_init_single3
                         0x800'64d7    0x7a  Code  Gb  lz77_init_single.o [4]
__iar_program_start      0x801'33bd          Code  Gb  cstartup_M.o [4]
__iar_scalbln64          0x800'94e1          Code  Gb  ldexp.o [3]
__iar_scalbn64           0x800'94e1          Code  Gb  ldexp.o [3]
__iar_softfp___iar_frexp64
                         0x800'9411          Code  Gb  frexp.o [3]
__iar_softfp_frexp       0x800'9411          Code  Gb  frexp.o [3]
__iar_softfp_frexpl      0x800'9411          Code  Gb  frexp.o [3]
__iar_zero_init3         0x800'8dcb    0x3a  Code  Gb  zero_init3.o [4]
__low_level_init         0x801'2e0b     0x4  Code  Gb  low_level_init.o [2]
__vector_table           0x800'0000          Data  Gb  startup_stm32f407xx.o [1]
_call_main               0x801'2df9          Code  Gb  cmain.o [4]
_exit                    0x801'2e15          Code  Gb  cexit.o [4]
_gLocale_mblen           0x800'8e69     0x4  Code  Gb  xlocale_c.o [2]
_gLocale_mblenInt        0x800'8e2d    0x2c  Code  Gb  xlocale_c.o [2]
_gLocale_wctomb          0x800'8e6d     0x4  Code  Gb  xlocale_c.o [2]
_gLocale_wctombInt       0x800'8e65     0x4  Code  Gb  xlocale_c.o [2]
_main                    0x801'2e07          Code  Gb  cmain.o [4]
abort                    0x800'99eb     0x6  Code  Gb  abort.o [2]
bootJump_check           0x800'b425    0x70  Code  Lc  Task.o [1]
boot_Jump_check          0x800'aaa7    0x46  Code  Lc  Sensor_Upload.o [1]
check_fs                 0x800'56f7    0x7c  Code  Lc  ff.o [1]
chk_chr                  0x800'4963    0x14  Code  Lc  ff.o [1]
chk_lock                 0x800'4977    0x76  Code  Lc  ff.o [1]
clear_lock               0x800'4b05    0x20  Code  Lc  ff.o [1]
clmt_clust               0x800'503d    0x3a  Code  Lc  ff.o [1]
clust2sect               0x800'4c5d    0x1c  Code  Lc  ff.o [1]
create_chain             0x800'4f3d   0x100  Code  Lc  ff.o [1]
create_name              0x800'5505    0xfc  Code  Lc  ff.o [1]
dec_lock                 0x800'4ab9    0x4c  Code  Lc  ff.o [1]
dir_alloc                0x800'5257    0x74  Code  Lc  ff.o [1]
dir_find                 0x800'53bb    0x7e  Code  Lc  ff.o [1]
dir_next                 0x800'512b   0x12c  Code  Lc  ff.o [1]
dir_read                 0x800'531d    0x9e  Code  Lc  ff.o [1]
dir_register             0x800'5439    0x4a  Code  Lc  ff.o [1]
dir_sdi                  0x800'5077    0xb4  Code  Lc  ff.o [1]
disk                    0x2000'3a6c     0xc  Data  Gb  ff_gen_drv.o [1]
disk_initialize          0x800'6571    0x38  Code  Gb  diskio.o [1]
disk_ioctl               0x800'6611    0x2a  Code  Gb  diskio.o [1]
disk_read                0x800'65a9    0x34  Code  Gb  diskio.o [1]
disk_status              0x800'6551    0x20  Code  Gb  diskio.o [1]
disk_write               0x800'65dd    0x34  Code  Gb  diskio.o [1]
enq_lock                 0x800'49ed    0x20  Code  Lc  ff.o [1]
exit                     0x801'2e0f     0x4  Code  Gb  exit.o [2]
f_close                  0x800'6089    0x40  Code  Gb  ff.o [1]
f_lseek                  0x800'60c9   0x2f0  Code  Gb  ff.o [1]
f_mount                  0x800'5af1    0x60  Code  Gb  ff.o [1]
f_open                   0x800'5b71   0x28c  Code  Gb  ff.o [1]
f_opendir                0x800'63b9    0xb4  Code  Gb  ff.o [1]
f_read                   0x800'5dfd   0x1e2  Code  Gb  ff.o [1]
f_readdir                0x800'646d    0x6a  Code  Gb  ff.o [1]
f_sync                   0x800'5fdf    0xaa  Code  Gb  ff.o [1]
find_volume              0x800'577d   0x32a  Code  Lc  ff.o [1]
follow_path              0x800'5601    0xaa  Code  Lc  ff.o [1]
fputc                    0x800'be6d    0x38  Code  Gb  usart.o [1]
g_Chk                   0x2000'3ad2     0x1  Data  Gb  main.o [1]
g_value                 0x2000'3ac6     0x2  Data  Gb  modbus_rtu_master.o [1]
get_fat                  0x800'4c79    0xe8  Code  Lc  ff.o [1]
get_fattime              0x800'6653     0x4  Code  Gb  fatfs.o [1]
get_fileinfo             0x800'5483    0x82  Code  Lc  ff.o [1]
get_ldnumber             0x800'56ab    0x4c  Code  Lc  ff.o [1]
hsd                     0x2000'3810    0x84  Data  Gb  SD_Card.o [1]
inc_lock                 0x800'4a0d    0xac  Code  Lc  ff.o [1]
lcd_drv                 0x2000'3a9c     0x4  Data  Lc  gdi.o [1]
ld_clust                 0x800'52cb    0x28  Code  Lc  ff.o [1]
ld_dword                 0x800'48d7    0x18  Code  Lc  ff.o [1]
ld_word                  0x800'48c9     0xe  Code  Lc  ff.o [1]
ldexp                    0x800'94e1          Code  Gb  ldexp.o [3]
ldexpl                   0x800'94e1          Code  Gb  ldexp.o [3]
localeconv               0x800'8e71     0x4  Code  Gb  xlocale_c.o [2]
main                     0x800'd33d    0xd4  Code  Gb  main.o [1]
main::Init              0x2000'3ad3     0x1  Data  Lc  main.o [1]
mem_cmp                  0x800'493f    0x24  Code  Lc  ff.o [1]
mem_cpy                  0x800'4915    0x1c  Code  Lc  ff.o [1]
mem_set                  0x800'4931     0xe  Code  Lc  ff.o [1]
memchr                   0x800'8f31          Code  Gb  memchr.o [4]
memcmp                   0x800'bca9          Code  Gb  memcmp.o [4]
modbus                  0x2000'2880   0x53c  Data  Gb  Task.o [1]
move_window              0x800'4b7f    0x42  Code  Lc  ff.o [1]
nand                    0x2000'2080   0x800  Data  Gb  nand_flash.o [1]
obuf                    0x2000'38e4    0x50  Data  Lc  xfiles.o [2]
pFlash                  0x2000'3a14    0x20  Data  Gb  stm32f4xx_hal_flash.o [1]
printf                   0x800'7e5d    0x28  Code  Gb  printf.o [2]
put_fat                  0x800'4d61   0x12c  Code  Lc  ff.o [1]
put_rc                   0x800'b73d    0x32  Code  Gb  SD_Card.o [1]
putchar                  0x801'2fb9     0xc  Code  Gb  putchar.o [2]
remove_chain             0x800'4e8d    0xb0  Code  Lc  ff.o [1]
scalbln                  0x800'94e1          Code  Gb  ldexp.o [3]
scalblnl                 0x800'94e1          Code  Gb  ldexp.o [3]
scalbn                   0x800'94e1          Code  Gb  ldexp.o [3]
scalbnl                  0x800'94e1          Code  Gb  ldexp.o [3]
scale                    0x800'865b    0x46  Code  Lc  xprintffull.o [2]
sec_hand                0x2000'3ac0     0x4  Data  Lc  xfail_s.o [2]
sprintf                  0x800'7dd5    0x40  Code  Gb  sprintf.o [2]
st_clust                 0x800'52f3    0x2a  Code  Lc  ff.o [1]
st_dword                 0x800'48fd    0x18  Code  Lc  ff.o [1]
st_word                  0x800'48ef     0xe  Code  Lc  ff.o [1]
strchr                   0x800'8e7d          Code  Gb  strchr.o [4]
strlen                   0x800'8ef1          Code  Gb  strlen.o [4]
sync_fs                  0x800'4bc1    0x96  Code  Lc  ff.o [1]
sync_window              0x800'4b25    0x5a  Code  Lc  ff.o [1]
ucDisplay_Progress      0x2000'3ace     0x1  Data  Gb  Display.o [1]
uwTick                  0x2000'3aa8     0x4  Data  Gb  stm32f4xx_hal.o [1]
uwTickFreq              0x2000'0132     0x1  Data  Gb  stm32f4xx_hal.o [1]
uwTickPrio              0x2000'0060     0x4  Data  Gb  stm32f4xx_hal.o [1]
validate                 0x800'5aa7    0x4a  Code  Lc  ff.o [1]
wCRCTable                0x801'20a0   0x200  Data  Lc  crc16.o [1]


[1] = D:\2_Projects\3_MyProjects\FW_Update_TFTP\FW\Demo6\Main_Boot\GTD_5100FN_BootLoader\Debug\Obj
[2] = dl7M_tlf.a
[3] = m7M_tls.a
[4] = rt7M_tl.a
[5] = shb_l.a

  52 772 bytes of readonly  code memory
  26 581 bytes of readonly  data memory
  31 444 bytes of readwrite data memory

Errors: none
Warnings: none
