###############################################################################
#
# IAR ELF Linker V8.32.1.169/W32 for ARM                  08/Apr/2025  17:58:25
# Copyright 2007-2018 IAR Systems AB.
#
#    Output file  =  
#        D:\2_Projects\3_MyProjects\FW_Update_TFTP\FW\Remote_FW_update\REV3.93_20241025\Debug\Exe\GTD-5x00(F)N.out
#    Map file     =  
#        D:\2_Projects\3_MyProjects\FW_Update_TFTP\FW\Remote_FW_update\REV3.93_20241025\Debug\List\GTD-5x00(F)N.map
#    Command line =  
#        -f C:\Users\JASAN1~1\AppData\Local\Temp\EWE211.tmp
#        (D:\2_Projects\3_MyProjects\FW_Update_TFTP\FW\Remote_FW_update\REV3.93_20241025\Debug\Obj\adc.o
#        D:\2_Projects\3_MyProjects\FW_Update_TFTP\FW\Remote_FW_update\REV3.93_20241025\Debug\Obj\allbase_mode.o
#        D:\2_Projects\3_MyProjects\FW_Update_TFTP\FW\Remote_FW_update\REV3.93_20241025\Debug\Obj\api_lib.o
#        D:\2_Projects\3_MyProjects\FW_Update_TFTP\FW\Remote_FW_update\REV3.93_20241025\Debug\Obj\api_msg.o
#        D:\2_Projects\3_MyProjects\FW_Update_TFTP\FW\Remote_FW_update\REV3.93_20241025\Debug\Obj\app_ethernet.o
#        D:\2_Projects\3_MyProjects\FW_Update_TFTP\FW\Remote_FW_update\REV3.93_20241025\Debug\Obj\at24c32.o
#        D:\2_Projects\3_MyProjects\FW_Update_TFTP\FW\Remote_FW_update\REV3.93_20241025\Debug\Obj\autoip.o
#        D:\2_Projects\3_MyProjects\FW_Update_TFTP\FW\Remote_FW_update\REV3.93_20241025\Debug\Obj\bor.o
#        D:\2_Projects\3_MyProjects\FW_Update_TFTP\FW\Remote_FW_update\REV3.93_20241025\Debug\Obj\bq2579x.o
#        D:\2_Projects\3_MyProjects\FW_Update_TFTP\FW\Remote_FW_update\REV3.93_20241025\Debug\Obj\bsp_sd.o
#        D:\2_Projects\3_MyProjects\FW_Update_TFTP\FW\Remote_FW_update\REV3.93_20241025\Debug\Obj\btimer.o
#        D:\2_Projects\3_MyProjects\FW_Update_TFTP\FW\Remote_FW_update\REV3.93_20241025\Debug\Obj\buzzer.o
#        D:\2_Projects\3_MyProjects\FW_Update_TFTP\FW\Remote_FW_update\REV3.93_20241025\Debug\Obj\cartridge.o
#        D:\2_Projects\3_MyProjects\FW_Update_TFTP\FW\Remote_FW_update\REV3.93_20241025\Debug\Obj\cavity.o
#        D:\2_Projects\3_MyProjects\FW_Update_TFTP\FW\Remote_FW_update\REV3.93_20241025\Debug\Obj\crc16.o
#        D:\2_Projects\3_MyProjects\FW_Update_TFTP\FW\Remote_FW_update\REV3.93_20241025\Debug\Obj\ct.o
#        D:\2_Projects\3_MyProjects\FW_Update_TFTP\FW\Remote_FW_update\REV3.93_20241025\Debug\Obj\dac8571.o
#        D:\2_Projects\3_MyProjects\FW_Update_TFTP\FW\Remote_FW_update\REV3.93_20241025\Debug\Obj\data_log.o
#        D:\2_Projects\3_MyProjects\FW_Update_TFTP\FW\Remote_FW_update\REV3.93_20241025\Debug\Obj\def.o
#        D:\2_Projects\3_MyProjects\FW_Update_TFTP\FW\Remote_FW_update\REV3.93_20241025\Debug\Obj\dhcp.o
#        D:\2_Projects\3_MyProjects\FW_Update_TFTP\FW\Remote_FW_update\REV3.93_20241025\Debug\Obj\diskio.o
#        D:\2_Projects\3_MyProjects\FW_Update_TFTP\FW\Remote_FW_update\REV3.93_20241025\Debug\Obj\dns.o
#        D:\2_Projects\3_MyProjects\FW_Update_TFTP\FW\Remote_FW_update\REV3.93_20241025\Debug\Obj\eeprom.o
#        D:\2_Projects\3_MyProjects\FW_Update_TFTP\FW\Remote_FW_update\REV3.93_20241025\Debug\Obj\err.o
#        D:\2_Projects\3_MyProjects\FW_Update_TFTP\FW\Remote_FW_update\REV3.93_20241025\Debug\Obj\etharp.o
#        D:\2_Projects\3_MyProjects\FW_Update_TFTP\FW\Remote_FW_update\REV3.93_20241025\Debug\Obj\ethernet.o
#        D:\2_Projects\3_MyProjects\FW_Update_TFTP\FW\Remote_FW_update\REV3.93_20241025\Debug\Obj\ethernetif.o
#        D:\2_Projects\3_MyProjects\FW_Update_TFTP\FW\Remote_FW_update\REV3.93_20241025\Debug\Obj\ff.o
#        D:\2_Projects\3_MyProjects\FW_Update_TFTP\FW\Remote_FW_update\REV3.93_20241025\Debug\Obj\ff_gen_drv.o
#        D:\2_Projects\3_MyProjects\FW_Update_TFTP\FW\Remote_FW_update\REV3.93_20241025\Debug\Obj\flow_control.o
#        D:\2_Projects\3_MyProjects\FW_Update_TFTP\FW\Remote_FW_update\REV3.93_20241025\Debug\Obj\fonts.o
#        D:\2_Projects\3_MyProjects\FW_Update_TFTP\FW\Remote_FW_update\REV3.93_20241025\Debug\Obj\fs.o
#        D:\2_Projects\3_MyProjects\FW_Update_TFTP\FW\Remote_FW_update\REV3.93_20241025\Debug\Obj\fsmc.o
#        D:\2_Projects\3_MyProjects\FW_Update_TFTP\FW\Remote_FW_update\REV3.93_20241025\Debug\Obj\func_factory.o
#        D:\2_Projects\3_MyProjects\FW_Update_TFTP\FW\Remote_FW_update\REV3.93_20241025\Debug\Obj\func_flowset.o
#        D:\2_Projects\3_MyProjects\FW_Update_TFTP\FW\Remote_FW_update\REV3.93_20241025\Debug\Obj\func_interface.o
#        D:\2_Projects\3_MyProjects\FW_Update_TFTP\FW\Remote_FW_update\REV3.93_20241025\Debug\Obj\func_measuring.o
#        D:\2_Projects\3_MyProjects\FW_Update_TFTP\FW\Remote_FW_update\REV3.93_20241025\Debug\Obj\func_system.o
#        D:\2_Projects\3_MyProjects\FW_Update_TFTP\FW\Remote_FW_update\REV3.93_20241025\Debug\Obj\func_test.o
#        D:\2_Projects\3_MyProjects\FW_Update_TFTP\FW\Remote_FW_update\REV3.93_20241025\Debug\Obj\function_mode.o
#        D:\2_Projects\3_MyProjects\FW_Update_TFTP\FW\Remote_FW_update\REV3.93_20241025\Debug\Obj\gdi.o
#        D:\2_Projects\3_MyProjects\FW_Update_TFTP\FW\Remote_FW_update\REV3.93_20241025\Debug\Obj\httpd.o
#        D:\2_Projects\3_MyProjects\FW_Update_TFTP\FW\Remote_FW_update\REV3.93_20241025\Debug\Obj\httpd_cgi_ssi.o
#        D:\2_Projects\3_MyProjects\FW_Update_TFTP\FW\Remote_FW_update\REV3.93_20241025\Debug\Obj\httpd_parsing.o
#        D:\2_Projects\3_MyProjects\FW_Update_TFTP\FW\Remote_FW_update\REV3.93_20241025\Debug\Obj\i2c.o
#        D:\2_Projects\3_MyProjects\FW_Update_TFTP\FW\Remote_FW_update\REV3.93_20241025\Debug\Obj\i2c1.o
#        D:\2_Projects\3_MyProjects\FW_Update_TFTP\FW\Remote_FW_update\REV3.93_20241025\Debug\Obj\i2c2.o
#        D:\2_Projects\3_MyProjects\FW_Update_TFTP\FW\Remote_FW_update\REV3.93_20241025\Debug\Obj\icmp.o
#        D:\2_Projects\3_MyProjects\FW_Update_TFTP\FW\Remote_FW_update\REV3.93_20241025\Debug\Obj\igmp.o
#        D:\2_Projects\3_MyProjects\FW_Update_TFTP\FW\Remote_FW_update\REV3.93_20241025\Debug\Obj\ili9225g.o
#        D:\2_Projects\3_MyProjects\FW_Update_TFTP\FW\Remote_FW_update\REV3.93_20241025\Debug\Obj\inet_chksum.o
#        D:\2_Projects\3_MyProjects\FW_Update_TFTP\FW\Remote_FW_update\REV3.93_20241025\Debug\Obj\init.o
#        D:\2_Projects\3_MyProjects\FW_Update_TFTP\FW\Remote_FW_update\REV3.93_20241025\Debug\Obj\ip.o
#        D:\2_Projects\3_MyProjects\FW_Update_TFTP\FW\Remote_FW_update\REV3.93_20241025\Debug\Obj\ip4.o
#        D:\2_Projects\3_MyProjects\FW_Update_TFTP\FW\Remote_FW_update\REV3.93_20241025\Debug\Obj\ip4_addr.o
#        D:\2_Projects\3_MyProjects\FW_Update_TFTP\FW\Remote_FW_update\REV3.93_20241025\Debug\Obj\ip4_frag.o
#        D:\2_Projects\3_MyProjects\FW_Update_TFTP\FW\Remote_FW_update\REV3.93_20241025\Debug\Obj\ir.o
#        D:\2_Projects\3_MyProjects\FW_Update_TFTP\FW\Remote_FW_update\REV3.93_20241025\Debug\Obj\iwdg.o
#        D:\2_Projects\3_MyProjects\FW_Update_TFTP\FW\Remote_FW_update\REV3.93_20241025\Debug\Obj\key.o
#        D:\2_Projects\3_MyProjects\FW_Update_TFTP\FW\Remote_FW_update\REV3.93_20241025\Debug\Obj\lcd.o
#        D:\2_Projects\3_MyProjects\FW_Update_TFTP\FW\Remote_FW_update\REV3.93_20241025\Debug\Obj\led.o
#        D:\2_Projects\3_MyProjects\FW_Update_TFTP\FW\Remote_FW_update\REV3.93_20241025\Debug\Obj\lmt84.o
#        D:\2_Projects\3_MyProjects\FW_Update_TFTP\FW\Remote_FW_update\REV3.93_20241025\Debug\Obj\ma_output.o
#        D:\2_Projects\3_MyProjects\FW_Update_TFTP\FW\Remote_FW_update\REV3.93_20241025\Debug\Obj\main.o
#        D:\2_Projects\3_MyProjects\FW_Update_TFTP\FW\Remote_FW_update\REV3.93_20241025\Debug\Obj\mcp46x1.o
#        D:\2_Projects\3_MyProjects\FW_Update_TFTP\FW\Remote_FW_update\REV3.93_20241025\Debug\Obj\measuring.o
#        D:\2_Projects\3_MyProjects\FW_Update_TFTP\FW\Remote_FW_update\REV3.93_20241025\Debug\Obj\mem.o
#        D:\2_Projects\3_MyProjects\FW_Update_TFTP\FW\Remote_FW_update\REV3.93_20241025\Debug\Obj\memp.o
#        D:\2_Projects\3_MyProjects\FW_Update_TFTP\FW\Remote_FW_update\REV3.93_20241025\Debug\Obj\micro_sd.o
#        D:\2_Projects\3_MyProjects\FW_Update_TFTP\FW\Remote_FW_update\REV3.93_20241025\Debug\Obj\modbus_map.o
#        D:\2_Projects\3_MyProjects\FW_Update_TFTP\FW\Remote_FW_update\REV3.93_20241025\Debug\Obj\modbus_rtu_master.o
#        D:\2_Projects\3_MyProjects\FW_Update_TFTP\FW\Remote_FW_update\REV3.93_20241025\Debug\Obj\modbus_rtu_slave.o
#        D:\2_Projects\3_MyProjects\FW_Update_TFTP\FW\Remote_FW_update\REV3.93_20241025\Debug\Obj\modbus_tcp_slave.o
#        D:\2_Projects\3_MyProjects\FW_Update_TFTP\FW\Remote_FW_update\REV3.93_20241025\Debug\Obj\nand_flash.o
#        D:\2_Projects\3_MyProjects\FW_Update_TFTP\FW\Remote_FW_update\REV3.93_20241025\Debug\Obj\netbuf.o
#        D:\2_Projects\3_MyProjects\FW_Update_TFTP\FW\Remote_FW_update\REV3.93_20241025\Debug\Obj\netdb.o
#        D:\2_Projects\3_MyProjects\FW_Update_TFTP\FW\Remote_FW_update\REV3.93_20241025\Debug\Obj\netif.o
#        D:\2_Projects\3_MyProjects\FW_Update_TFTP\FW\Remote_FW_update\REV3.93_20241025\Debug\Obj\netifapi.o
#        D:\2_Projects\3_MyProjects\FW_Update_TFTP\FW\Remote_FW_update\REV3.93_20241025\Debug\Obj\normal_mode.o
#        D:\2_Projects\3_MyProjects\FW_Update_TFTP\FW\Remote_FW_update\REV3.93_20241025\Debug\Obj\option.o
#        D:\2_Projects\3_MyProjects\FW_Update_TFTP\FW\Remote_FW_update\REV3.93_20241025\Debug\Obj\password_mode.o
#        D:\2_Projects\3_MyProjects\FW_Update_TFTP\FW\Remote_FW_update\REV3.93_20241025\Debug\Obj\pbuf.o
#        D:\2_Projects\3_MyProjects\FW_Update_TFTP\FW\Remote_FW_update\REV3.93_20241025\Debug\Obj\poe.o
#        D:\2_Projects\3_MyProjects\FW_Update_TFTP\FW\Remote_FW_update\REV3.93_20241025\Debug\Obj\power_control.o
#        D:\2_Projects\3_MyProjects\FW_Update_TFTP\FW\Remote_FW_update\REV3.93_20241025\Debug\Obj\power_supply.o
#        D:\2_Projects\3_MyProjects\FW_Update_TFTP\FW\Remote_FW_update\REV3.93_20241025\Debug\Obj\pressure.o
#        D:\2_Projects\3_MyProjects\FW_Update_TFTP\FW\Remote_FW_update\REV3.93_20241025\Debug\Obj\pump.o
#        D:\2_Projects\3_MyProjects\FW_Update_TFTP\FW\Remote_FW_update\REV3.93_20241025\Debug\Obj\raw.o
#        D:\2_Projects\3_MyProjects\FW_Update_TFTP\FW\Remote_FW_update\REV3.93_20241025\Debug\Obj\relay.o
#        D:\2_Projects\3_MyProjects\FW_Update_TFTP\FW\Remote_FW_update\REV3.93_20241025\Debug\Obj\rs485.o
#        D:\2_Projects\3_MyProjects\FW_Update_TFTP\FW\Remote_FW_update\REV3.93_20241025\Debug\Obj\rtc.o
#        D:\2_Projects\3_MyProjects\FW_Update_TFTP\FW\Remote_FW_update\REV3.93_20241025\Debug\Obj\sd_diskio.o
#        D:\2_Projects\3_MyProjects\FW_Update_TFTP\FW\Remote_FW_update\REV3.93_20241025\Debug\Obj\self_test.o
#        D:\2_Projects\3_MyProjects\FW_Update_TFTP\FW\Remote_FW_update\REV3.93_20241025\Debug\Obj\sensing_process.o
#        D:\2_Projects\3_MyProjects\FW_Update_TFTP\FW\Remote_FW_update\REV3.93_20241025\Debug\Obj\sensor_eep_map.o
#        D:\2_Projects\3_MyProjects\FW_Update_TFTP\FW\Remote_FW_update\REV3.93_20241025\Debug\Obj\sockets.o
#        D:\2_Projects\3_MyProjects\FW_Update_TFTP\FW\Remote_FW_update\REV3.93_20241025\Debug\Obj\startup_stm32f407xx.o
#        D:\2_Projects\3_MyProjects\FW_Update_TFTP\FW\Remote_FW_update\REV3.93_20241025\Debug\Obj\stats.o
#        D:\2_Projects\3_MyProjects\FW_Update_TFTP\FW\Remote_FW_update\REV3.93_20241025\Debug\Obj\stm32f4xx_hal.o
#        D:\2_Projects\3_MyProjects\FW_Update_TFTP\FW\Remote_FW_update\REV3.93_20241025\Debug\Obj\stm32f4xx_hal_adc.o
#        D:\2_Projects\3_MyProjects\FW_Update_TFTP\FW\Remote_FW_update\REV3.93_20241025\Debug\Obj\stm32f4xx_hal_adc_ex.o
#        D:\2_Projects\3_MyProjects\FW_Update_TFTP\FW\Remote_FW_update\REV3.93_20241025\Debug\Obj\stm32f4xx_hal_cortex.o
#        D:\2_Projects\3_MyProjects\FW_Update_TFTP\FW\Remote_FW_update\REV3.93_20241025\Debug\Obj\stm32f4xx_hal_crc.o
#        D:\2_Projects\3_MyProjects\FW_Update_TFTP\FW\Remote_FW_update\REV3.93_20241025\Debug\Obj\stm32f4xx_hal_dma.o
#        D:\2_Projects\3_MyProjects\FW_Update_TFTP\FW\Remote_FW_update\REV3.93_20241025\Debug\Obj\stm32f4xx_hal_eth.o
#        D:\2_Projects\3_MyProjects\FW_Update_TFTP\FW\Remote_FW_update\REV3.93_20241025\Debug\Obj\stm32f4xx_hal_flash.o
#        D:\2_Projects\3_MyProjects\FW_Update_TFTP\FW\Remote_FW_update\REV3.93_20241025\Debug\Obj\stm32f4xx_hal_flash_ex.o
#        D:\2_Projects\3_MyProjects\FW_Update_TFTP\FW\Remote_FW_update\REV3.93_20241025\Debug\Obj\stm32f4xx_hal_flash_ramfunc.o
#        D:\2_Projects\3_MyProjects\FW_Update_TFTP\FW\Remote_FW_update\REV3.93_20241025\Debug\Obj\stm32f4xx_hal_gpio.o
#        D:\2_Projects\3_MyProjects\FW_Update_TFTP\FW\Remote_FW_update\REV3.93_20241025\Debug\Obj\stm32f4xx_hal_i2c.o
#        D:\2_Projects\3_MyProjects\FW_Update_TFTP\FW\Remote_FW_update\REV3.93_20241025\Debug\Obj\stm32f4xx_hal_iwdg.o
#        D:\2_Projects\3_MyProjects\FW_Update_TFTP\FW\Remote_FW_update\REV3.93_20241025\Debug\Obj\stm32f4xx_hal_msp.o
#        D:\2_Projects\3_MyProjects\FW_Update_TFTP\FW\Remote_FW_update\REV3.93_20241025\Debug\Obj\stm32f4xx_hal_nand.o
#        D:\2_Projects\3_MyProjects\FW_Update_TFTP\FW\Remote_FW_update\REV3.93_20241025\Debug\Obj\stm32f4xx_hal_pwr.o
#        D:\2_Projects\3_MyProjects\FW_Update_TFTP\FW\Remote_FW_update\REV3.93_20241025\Debug\Obj\stm32f4xx_hal_pwr_ex.o
#        D:\2_Projects\3_MyProjects\FW_Update_TFTP\FW\Remote_FW_update\REV3.93_20241025\Debug\Obj\stm32f4xx_hal_rcc.o
#        D:\2_Projects\3_MyProjects\FW_Update_TFTP\FW\Remote_FW_update\REV3.93_20241025\Debug\Obj\stm32f4xx_hal_rcc_ex.o
#        D:\2_Projects\3_MyProjects\FW_Update_TFTP\FW\Remote_FW_update\REV3.93_20241025\Debug\Obj\stm32f4xx_hal_rtc.o
#        D:\2_Projects\3_MyProjects\FW_Update_TFTP\FW\Remote_FW_update\REV3.93_20241025\Debug\Obj\stm32f4xx_hal_rtc_ex.o
#        D:\2_Projects\3_MyProjects\FW_Update_TFTP\FW\Remote_FW_update\REV3.93_20241025\Debug\Obj\stm32f4xx_hal_sd.o
#        D:\2_Projects\3_MyProjects\FW_Update_TFTP\FW\Remote_FW_update\REV3.93_20241025\Debug\Obj\stm32f4xx_hal_sram.o
#        D:\2_Projects\3_MyProjects\FW_Update_TFTP\FW\Remote_FW_update\REV3.93_20241025\Debug\Obj\stm32f4xx_hal_tim.o
#        D:\2_Projects\3_MyProjects\FW_Update_TFTP\FW\Remote_FW_update\REV3.93_20241025\Debug\Obj\stm32f4xx_hal_tim_ex.o
#        D:\2_Projects\3_MyProjects\FW_Update_TFTP\FW\Remote_FW_update\REV3.93_20241025\Debug\Obj\stm32f4xx_hal_uart.o
#        D:\2_Projects\3_MyProjects\FW_Update_TFTP\FW\Remote_FW_update\REV3.93_20241025\Debug\Obj\stm32f4xx_it.o
#        D:\2_Projects\3_MyProjects\FW_Update_TFTP\FW\Remote_FW_update\REV3.93_20241025\Debug\Obj\stm32f4xx_ll_fsmc.o
#        D:\2_Projects\3_MyProjects\FW_Update_TFTP\FW\Remote_FW_update\REV3.93_20241025\Debug\Obj\stm32f4xx_ll_i2c.o
#        D:\2_Projects\3_MyProjects\FW_Update_TFTP\FW\Remote_FW_update\REV3.93_20241025\Debug\Obj\stm32f4xx_ll_sdmmc.o
#        D:\2_Projects\3_MyProjects\FW_Update_TFTP\FW\Remote_FW_update\REV3.93_20241025\Debug\Obj\sys.o
#        D:\2_Projects\3_MyProjects\FW_Update_TFTP\FW\Remote_FW_update\REV3.93_20241025\Debug\Obj\syscall.o
#        D:\2_Projects\3_MyProjects\FW_Update_TFTP\FW\Remote_FW_update\REV3.93_20241025\Debug\Obj\system_conf.o
#        D:\2_Projects\3_MyProjects\FW_Update_TFTP\FW\Remote_FW_update\REV3.93_20241025\Debug\Obj\system_init.o
#        D:\2_Projects\3_MyProjects\FW_Update_TFTP\FW\Remote_FW_update\REV3.93_20241025\Debug\Obj\system_stm32f4xx.o
#        D:\2_Projects\3_MyProjects\FW_Update_TFTP\FW\Remote_FW_update\REV3.93_20241025\Debug\Obj\task.o
#        D:\2_Projects\3_MyProjects\FW_Update_TFTP\FW\Remote_FW_update\REV3.93_20241025\Debug\Obj\task_sync_timer.o
#        D:\2_Projects\3_MyProjects\FW_Update_TFTP\FW\Remote_FW_update\REV3.93_20241025\Debug\Obj\tcp.o
#        D:\2_Projects\3_MyProjects\FW_Update_TFTP\FW\Remote_FW_update\REV3.93_20241025\Debug\Obj\tcp_echoserver.o
#        D:\2_Projects\3_MyProjects\FW_Update_TFTP\FW\Remote_FW_update\REV3.93_20241025\Debug\Obj\tcp_in.o
#        D:\2_Projects\3_MyProjects\FW_Update_TFTP\FW\Remote_FW_update\REV3.93_20241025\Debug\Obj\tcp_out.o
#        D:\2_Projects\3_MyProjects\FW_Update_TFTP\FW\Remote_FW_update\REV3.93_20241025\Debug\Obj\tcpip.o
#        D:\2_Projects\3_MyProjects\FW_Update_TFTP\FW\Remote_FW_update\REV3.93_20241025\Debug\Obj\temperature.o
#        D:\2_Projects\3_MyProjects\FW_Update_TFTP\FW\Remote_FW_update\REV3.93_20241025\Debug\Obj\tftp.o
#        D:\2_Projects\3_MyProjects\FW_Update_TFTP\FW\Remote_FW_update\REV3.93_20241025\Debug\Obj\tftp_example.o
#        D:\2_Projects\3_MyProjects\FW_Update_TFTP\FW\Remote_FW_update\REV3.93_20241025\Debug\Obj\tim.o
#        D:\2_Projects\3_MyProjects\FW_Update_TFTP\FW\Remote_FW_update\REV3.93_20241025\Debug\Obj\tim12.o
#        D:\2_Projects\3_MyProjects\FW_Update_TFTP\FW\Remote_FW_update\REV3.93_20241025\Debug\Obj\tim3.o
#        D:\2_Projects\3_MyProjects\FW_Update_TFTP\FW\Remote_FW_update\REV3.93_20241025\Debug\Obj\tim4.o
#        D:\2_Projects\3_MyProjects\FW_Update_TFTP\FW\Remote_FW_update\REV3.93_20241025\Debug\Obj\timeouts.o
#        D:\2_Projects\3_MyProjects\FW_Update_TFTP\FW\Remote_FW_update\REV3.93_20241025\Debug\Obj\tps25750.o
#        D:\2_Projects\3_MyProjects\FW_Update_TFTP\FW\Remote_FW_update\REV3.93_20241025\Debug\Obj\udp.o
#        D:\2_Projects\3_MyProjects\FW_Update_TFTP\FW\Remote_FW_update\REV3.93_20241025\Debug\Obj\unicode.o
#        D:\2_Projects\3_MyProjects\FW_Update_TFTP\FW\Remote_FW_update\REV3.93_20241025\Debug\Obj\usart.o
#        D:\2_Projects\3_MyProjects\FW_Update_TFTP\FW\Remote_FW_update\REV3.93_20241025\Debug\Obj\usart1.o
#        D:\2_Projects\3_MyProjects\FW_Update_TFTP\FW\Remote_FW_update\REV3.93_20241025\Debug\Obj\usart3.o
#        D:\2_Projects\3_MyProjects\FW_Update_TFTP\FW\Remote_FW_update\REV3.93_20241025\Debug\Obj\vallbase_mode.o
#        D:\2_Projects\3_MyProjects\FW_Update_TFTP\FW\Remote_FW_update\REV3.93_20241025\Debug\Obj\vboot.o
#        D:\2_Projects\3_MyProjects\FW_Update_TFTP\FW\Remote_FW_update\REV3.93_20241025\Debug\Obj\version.o
#        D:\2_Projects\3_MyProjects\FW_Update_TFTP\FW\Remote_FW_update\REV3.93_20241025\Debug\Obj\vfunc_factory.o
#        D:\2_Projects\3_MyProjects\FW_Update_TFTP\FW\Remote_FW_update\REV3.93_20241025\Debug\Obj\vfunc_flowset.o
#        D:\2_Projects\3_MyProjects\FW_Update_TFTP\FW\Remote_FW_update\REV3.93_20241025\Debug\Obj\vfunc_interface.o
#        D:\2_Projects\3_MyProjects\FW_Update_TFTP\FW\Remote_FW_update\REV3.93_20241025\Debug\Obj\vfunc_measuring.o
#        D:\2_Projects\3_MyProjects\FW_Update_TFTP\FW\Remote_FW_update\REV3.93_20241025\Debug\Obj\vfunc_system.o
#        D:\2_Projects\3_MyProjects\FW_Update_TFTP\FW\Remote_FW_update\REV3.93_20241025\Debug\Obj\vfunc_test.o
#        D:\2_Projects\3_MyProjects\FW_Update_TFTP\FW\Remote_FW_update\REV3.93_20241025\Debug\Obj\vfunction_mode.o
#        D:\2_Projects\3_MyProjects\FW_Update_TFTP\FW\Remote_FW_update\REV3.93_20241025\Debug\Obj\vimage.o
#        D:\2_Projects\3_MyProjects\FW_Update_TFTP\FW\Remote_FW_update\REV3.93_20241025\Debug\Obj\vlibrary.o
#        D:\2_Projects\3_MyProjects\FW_Update_TFTP\FW\Remote_FW_update\REV3.93_20241025\Debug\Obj\vmeasuring.o
#        D:\2_Projects\3_MyProjects\FW_Update_TFTP\FW\Remote_FW_update\REV3.93_20241025\Debug\Obj\vpassword_mode.o
#        D:\2_Projects\3_MyProjects\FW_Update_TFTP\FW\Remote_FW_update\REV3.93_20241025\Debug\Obj\vpower_off.o
#        D:\2_Projects\3_MyProjects\FW_Update_TFTP\FW\Remote_FW_update\REV3.93_20241025\Debug\Obj\vself_test.o
#        D:\2_Projects\3_MyProjects\FW_Update_TFTP\FW\Remote_FW_update\REV3.93_20241025\Debug\Obj\vstatusbar.o
#        --redirect _Printf=_PrintfFull --redirect _Scanf=_ScanfFull
#        --no_out_extension -o
#        "D:\2_Projects\3_MyProjects\FW_Update_TFTP\FW\Remote_FW_update\REV3.93_20241025\Debug\Exe\GTD-5x00(F)N.out"
#        --map
#        "D:\2_Projects\3_MyProjects\FW_Update_TFTP\FW\Remote_FW_update\REV3.93_20241025\Debug\List\GTD-5x00(F)N.map"
#        --config
#        D:\2_Projects\3_MyProjects\FW_Update_TFTP\FW\Remote_FW_update\REV3.93_20241025\Base\stm32f407xx_flash.icf
#        --semihosting --entry __iar_program_start --vfe --text_out locale)
#
###############################################################################

*******************************************************************************
*** RUNTIME MODEL ATTRIBUTES
***

CppFlavor       = *
__Heap_Handler  = DLMalloc
__SystemLibrary = DLib
__dlib_version  = 6


*******************************************************************************
*** HEAP SELECTION
***

The advanced heap was selected because the application calls memory
allocation functions outside of system library functions, and there
are calls to deallocation functions in the application.


*******************************************************************************
*** PLACEMENT SUMMARY
***

"A0":  place at 0x802'0000 { ro section .intvec };
"P1":  place in [from 0x802'0000 to 0x80f'ffff] { ro };
define block CSTACK with size = 8K, alignment = 8 { };
define block HEAP with size = 16K, alignment = 8 { };
"P2":  place in [from 0x2000'0000 to 0x2001'ffff] {
          rw, block CSTACK, block HEAP };
initialize by copy { rw };

  Section            Kind         Address     Size  Object
  -------            ----         -------     ----  ------
"A0":                                        0x188
  .intvec            ro code   0x802'0000    0x188  startup_stm32f407xx.o [1]
                             - 0x802'0188    0x188

"P1":                                      0x817e2
  .rodata            const     0x802'0188  0x12e80  vimage.o [1]
  .text              ro code   0x803'3008   0x9d9c  measuring.o [1]
  .text              ro code   0x803'cda4    0x350  eeprom.o [1]
  .text              ro code   0x803'd0f4    0xa24  sensing_process.o [1]
  .text              ro code   0x803'db18    0x1a6  data_log.o [1]
  .text              ro code   0x803'dcbe     0x7a  lz77_init_single.o [4]
  .text              ro code   0x803'dd38     0x18  strcpy.o [4]
  .text              ro code   0x803'dd50     0x1a  U32ToDbl.o [3]
  .text              ro code   0x803'dd6a     0x3a  zero_init3.o [4]
  .text              ro code   0x803'dda4     0x36  math_wrappers64.o [3]
  .text              ro code   0x803'ddda     0x1e  xencoding_8859_1.o [2]
  .text              ro code   0x803'ddf8     0x48  FltToDbl.o [3]
  .text              ro code   0x803'de40    0x246  DblDiv.o [3]
  .text              ro code   0x803'e086     0x1a  xsnprout.o [2]
  .text              ro code   0x803'e0a0    0x1a2  DblMul.o [3]
  .text              ro code   0x803'e242      0xa  xsprout.o [2]
  .text              ro code   0x803'e24c     0x68  DblToFlt.o [3]
  .text              ro code   0x803'e2b4     0xa6  ABImemcpy.o [4]
  .rodata            const     0x803'e35a      0x2  vfunc_test.o [1]
  .text              ro code   0x803'e35c     0x28  printf.o [2]
  .text              ro code   0x803'e384    0x17a  DblAdd.o [3]
  .rodata            const     0x803'e4fe      0x2  vfunc_test.o [1]
  .text              ro code   0x803'e500     0xe2  DblSub.o [3]
  .text              ro code   0x803'e5e2      0x8  abs.o [2]
  .rodata            const     0x803'e5ea      0x2  vmeasuring.o [1]
  .text              ro code   0x803'e5ec     0x2e  DblCmpGe.o [3]
  .rodata            const     0x803'e61a      0x2  vmeasuring.o [1]
  .text              ro code   0x803'e61c    0x13c  at24c32.o [1]
  .text              ro code   0x803'e758     0x38  crc16.o [1]
  .text              ro code   0x803'e790    0x3fa  modbus_rtu_master.o [1]
  .rodata            const     0x803'eb8a      0x1  bq2579x.o [1]
  .rodata            const     0x803'eb8b      0x1  bq2579x.o [1]
  .text              ro code   0x803'eb8c    0x6d8  stm32f4xx_hal_gpio.o [1]
  .text              ro code   0x803'f264    0x428  cartridge.o [1]
  .text              ro code   0x803'f68c    0x628  cavity.o [1]
  .text              ro code   0x803'fcb4    0x2f8  adc.o [1]
  .text              ro code   0x803'ffac    0x5f4  bq2579x.o [1]
  .text              ro code   0x804'05a0      0x6  ABImemclr4.o [4]
  .rodata            const     0x804'05a6      0x1  bq2579x.o [1]
  .rodata            const     0x804'05a7      0x1  power_control.o [1]
  .text              ro code   0x804'05a8    0x180  ct.o [1]
  .text              ro code   0x804'0728    0x190  ir.o [1]
  .text              ro code   0x804'08b8    0x120  power_supply.o [1]
  .text              ro code   0x804'09d8     0x38  pressure.o [1]
  .text              ro code   0x804'0a10     0x94  temperature.o [1]
  .text              ro code   0x804'0aa4    0x51c  strto64.o [3]
  .text              ro code   0x804'0fc0    0x31c  logx64.o [3]
  .text              ro code   0x804'12dc     0x4c  exp64.o [3]
  .text              ro code   0x804'1328    0x700  pow64.o [3]
  .text              ro code   0x804'1a28    0xf46  xprintffull.o [2]
  .rodata            const     0x804'296e      0x1  power_control.o [1]
  .rodata            const     0x804'296f      0x1  vfunction_mode.o [1]
  .text              ro code   0x804'2970    0x138  i2c1.o [1]
  .text              ro code   0x804'2aa8     0x28  stm32f4xx_hal.o [1]
  .text              ro code   0x804'2ad0    0x9fc  stm32f4xx_hal_uart.o [1]
  .text              ro code   0x804'34cc    0x1d8  main.o [1]
  .text              ro code   0x804'36a4    0x278  poe.o [1]
  .text              ro code   0x804'391c    0xa22  stm32f4xx_hal_adc.o [1]
  .text              ro code   0x804'4340    0x870  stm32f4xx_hal_dma.o [1]
  .text              ro code   0x804'4bb0    0x250  stm32f4xx_hal_cortex.o [1]
  .text              ro code   0x804'4e00    0x230  i2c2.o [1]
  .text              ro code   0x804'5030     0x32  ABImemset48.o [4]
  .text              ro code   0x804'5064     0x90  lmt84.o [1]
  .text              ro code   0x804'50f4     0x70  frexp.o [3]
  .text              ro code   0x804'5164    0x13a  ldexp.o [3]
  .text              ro code   0x804'529e    0x122  iar_Stopfx.o [2]
  .text              ro code   0x804'53c0    0x1c4  iar_Stoflt.o [2]
  .text              ro code   0x804'5584     0x22  S32ToDbl.o [3]
  .text              ro code   0x804'55a8    0x21c  iar_Stoxflt.o [2]
  .text              ro code   0x804'57c4     0x2e  DblCmpLe.o [3]
  .text              ro code   0x804'57f4    0x3e8  iar_Exp64.o [3]
  .text              ro code   0x804'5bdc     0x20  DblCmpEq.o [3]
  .text              ro code   0x804'5bfc     0x3a  DblToS32.o [3]
  .text              ro code   0x804'5c38     0xb4  xlocale_c.o [2]
  .text              ro code   0x804'5cec     0x16  strchr.o [4]
  .text              ro code   0x804'5d04     0x40  xfail_s.o [2]
  .text              ro code   0x804'5d44     0x36  strlen.o [4]
  .text              ro code   0x804'5d7c     0x58  memchr.o [4]
  .text              ro code   0x804'5dd4      0xa  xmbcurmax.o [2]
  .text              ro code   0x804'5de0    0x230  I64DivMod.o [4]
  .text              ro code   0x804'6010     0x28  DblToU32.o [3]
  .text              ro code   0x804'6038   0x131a  stm32f4xx_hal_i2c.o [1]
  .text              ro code   0x804'7354      0xc  stm32f4xx_hal.o [1]
  .text              ro code   0x804'7360    0x2d0  usart.o [1]
  .text              ro code   0x804'7630      0x2  stm32f4xx_hal_uart.o [1]
  .text              ro code   0x804'7634    0x45c  stm32f4xx_hal_rcc.o [1]
  .text              ro code   0x804'7a90     0x40  stm32f4xx_hal.o [1]
  .text              ro code   0x804'7ad0    0x178  system_init.o [1]
  .text              ro code   0x804'7c48     0x68  system_conf.o [1]
  .text              ro code   0x804'7cb0    0x79c  self_test.o [1]
  .text              ro code   0x804'844c    0x1e4  task.o [1]
  .text              ro code   0x804'8630    0x4c0  stm32f4xx_hal_rcc.o [1]
  .text              ro code   0x804'8af0    0xa54  modbus_tcp_slave.o [1]
  .text              ro code   0x804'9544     0x44  init.o [1]
  .text              ro code   0x804'9588    0x3f8  tcp_echoserver.o [1]
  .text              ro code   0x804'9980   0x1c84  httpd_cgi_ssi.o [1]
  .text              ro code   0x804'b604     0x98  app_ethernet.o [1]
  .text              ro code   0x804'b69c    0x5ec  ethernetif.o [1]
  .text              ro code   0x804'bc88    0x25c  timeouts.o [1]
  .text              ro code   0x804'bee4    0x23a  netif.o [1]
  .text              ro code   0x804'c11e      0x8  btimer.o [1]
  .text              ro code   0x804'c128    0x102  sqrt.o [3]
  .text              ro code   0x804'c22a     0x14  isspace.o [2]
  .text              ro code   0x804'c23e     0x14  isalpha.o [2]
  .text              ro code   0x804'c252      0x6  abort.o [2]
  .text              ro code   0x804'c258      0x2  I64DivZer.o [4]
  .text              ro code   0x804'c25c    0x174  i2c.o [1]
  .text              ro code   0x804'c3d0     0x34  usart3.o [1]
  .text              ro code   0x804'c404    0x4a8  rs485.o [1]
  .text              ro code   0x804'c8ac     0x4c  stm32f4xx_hal.o [1]
  .text              ro code   0x804'c8f8     0x98  stm32f4xx_hal_msp.o [1]
  .text              ro code   0x804'c990     0x78  usart1.o [1]
  .text              ro code   0x804'ca08    0x1dc  option.o [1]
  .text              ro code   0x804'cbe4    0x640  power_control.o [1]
  .text              ro code   0x804'd224    0x3ec  ma_output.o [1]
  .text              ro code   0x804'd610    0x3e8  relay.o [1]
  .text              ro code   0x804'd9f8    0x24c  fsmc.o [1]
  .text              ro code   0x804'dc44    0xb54  gdi.o [1]
  .text              ro code   0x804'e798     0x50  bor.o [1]
  .text              ro code   0x804'e7e8     0xc8  nand_flash.o [1]
  .text              ro code   0x804'e8b0    0x1c0  version.o [1]
  .text              ro code   0x804'ea70    0x224  rtc.o [1]
  .text              ro code   0x804'ec94    0x1e0  tim.o [1]
  .text              ro code   0x804'ee74    0x2ec  bsp_sd.o [1]
  .text              ro code   0x804'f160    0x708  key.o [1]
  .text              ro code   0x804'f868    0x226  led.o [1]
  .text              ro code   0x804'fa90    0x102  mcp46x1.o [1]
  .text              ro code   0x804'fb94    0x23c  flow_control.o [1]
  .text              ro code   0x804'fdd0    0x2c8  buzzer.o [1]
  .text              ro code   0x805'0098    0x464  vboot.o [1]
  .text              ro code   0x805'04fc     0x94  micro_sd.o [1]
  .text              ro code   0x805'0590    0x27c  pump.o [1]
  .text              ro code   0x805'080c    0x180  password_mode.o [1]
  .text              ro code   0x805'098c   0x17f4  normal_mode.o [1]
  .text              ro code   0x805'2180    0x490  vself_test.o [1]
  .text              ro code   0x805'2610    0x108  task_sync_timer.o [1]
  .text              ro code   0x805'2718     0x12  iwdg.o [1]
  .text              ro code   0x805'272c    0xd90  func_flowset.o [1]
  .text              ro code   0x805'34bc    0x4b0  function_mode.o [1]
  .text              ro code   0x805'396c    0x34c  tftp_example.o [1]
  .text              ro code   0x805'3cb8   0x13b2  modbus_map.o [1]
  .text              ro code   0x805'506c    0x4c0  mem.o [1]
  .text              ro code   0x805'552c    0x124  memp.o [1]
  .text              ro code   0x805'5650    0x534  udp.o [1]
  .text              ro code   0x805'5b84   0x115c  tcp.o [1]
  .text              ro code   0x805'6ce0    0xc10  pbuf.o [1]
  .text              ro code   0x805'78f0   0x1346  tcp_out.o [1]
  .text              ro code   0x805'8c38   0x115c  httpd.o [1]
  .text              ro code   0x805'9d94     0x12  strcmp.o [4]
  .text              ro code   0x805'9da8    0x14c  iar_Stoulx.o [2]
  .text              ro code   0x805'9ef4   0x1090  stm32f4xx_hal_eth.o [1]
  .text              ro code   0x805'af84     0x66  ABImemset.o [4]
  .text              ro code   0x805'afec    0xb94  etharp.o [1]
  .text              ro code   0x805'bb80    0xe62  dhcp.o [1]
  .text              ro code   0x805'c9e4     0x14  exit.o [5]
  .text              ro code   0x805'c9f8    0xbac  modbus_rtu_slave.o [1]
  .text              ro code   0x805'd5a4    0x414  tps25750.o [1]
  .text              ro code   0x805'd9b8    0x168  vpower_off.o [1]
  .text              ro code   0x805'db20     0x88  dac8571.o [1]
  .text              ro code   0x805'dba8     0x5e  stm32f4xx_hal_sram.o [1]
  .text              ro code   0x805'dc08    0x42a  stm32f4xx_hal_nand.o [1]
  .text              ro code   0x805'e034    0x2b8  stm32f4xx_hal_flash_ex.o [1]
  .text              ro code   0x805'e2ec    0x110  stm32f4xx_hal_flash.o [1]
  .text              ro code   0x805'e3fc    0x388  stm32f4xx_hal_rcc_ex.o [1]
  .text              ro code   0x805'e784    0x718  stm32f4xx_hal_rtc.o [1]
  .text              ro code   0x805'ee9c     0xe4  stm32f4xx_hal_rtc_ex.o [1]
  .text              ro code   0x805'ef80    0x160  tim3.o [1]
  .text              ro code   0x805'f0e0    0x108  tim12.o [1]
  .text              ro code   0x805'f1e8   0x1082  stm32f4xx_hal_sd.o [1]
  .text              ro code   0x806'026a      0x2  bsp_sd.o [1]
  .text              ro code   0x806'026c      0x2  bsp_sd.o [1]
  .text              ro code   0x806'026e      0x2  bsp_sd.o [1]
  .text              ro code   0x806'0270   0x18aa  stm32f4xx_hal_tim.o [1]
  .text              ro code   0x806'1b1c    0x70c  vlibrary.o [1]
  .text              ro code   0x806'2228     0x40  sprintf.o [2]
  .text              ro code   0x806'2268     0x60  ff_gen_drv.o [1]
  .text              ro code   0x806'22c8    0x554  ff.o [1]
  .text              ro code   0x806'281c     0xa0  vpassword_mode.o [1]
  .text              ro code   0x806'28bc    0xae8  vmeasuring.o [1]
  .text              ro code   0x806'33a4    0x678  vstatusbar.o [1]
  .text              ro code   0x806'3a1c    0x554  allbase_mode.o [1]
  .text              ro code   0x806'3f70      0xe  stm32f4xx_hal_iwdg.o [1]
  .text              ro code   0x806'3f80    0x47c  vfunc_flowset.o [1]
  .text              ro code   0x806'43fc     0xa0  vfunction_mode.o [1]
  .text              ro code   0x806'449c     0x44  snprintf.o [2]
  .text              ro code   0x806'44e0     0x2a  fopen.o [2]
  .text              ro code   0x806'450a     0x7e  fclose.o [2]
  .text              ro code   0x806'4588     0x8c  fread.o [2]
  .text              ro code   0x806'4614     0xb2  fwrite.o [2]
  .text              ro code   0x806'46c8    0x27c  ip4_addr.o [1]
  .text              ro code   0x806'4944    0xb60  tftp.o [1]
  .text              ro code   0x806'54a4     0xda  def.o [1]
  .text              ro code   0x806'5580    0x2c8  icmp.o [1]
  .text              ro code   0x806'5848    0x434  ip4.o [1]
  .text              ro code   0x806'5c7c   0x1744  tcp_in.o [1]
  .text              ro code   0x806'73c0     0x60  fs.o [1]
  .text              ro code   0x806'7420     0x28  strncmp.o [2]
  .text              ro code   0x806'7448     0x30  strstr.o [2]
  .text              ro code   0x806'7478     0x14  tolower.o [2]
  .text              ro code   0x806'748c    0x168  ethernet.o [1]
  .text              ro code   0x806'75f4     0xa4  rand.o [2]
  .text              ro code   0x806'7698     0x80  iarttio.o [5]
  .text              ro code   0x806'7718    0x650  stm32f4xx_ll_fsmc.o [1]
  .text              ro code   0x806'7d68    0x128  stm32f4xx_hal_tim_ex.o [1]
  .text              ro code   0x806'7e90    0x938  stm32f4xx_ll_sdmmc.o [1]
  .text              ro code   0x806'87c8      0x2  stm32f4xx_hal_sd.o [1]
  .text              ro code   0x806'87ca      0x2  stm32f4xx_hal_tim.o [1]
  .text              ro code   0x806'87cc      0x2  stm32f4xx_hal_tim.o [1]
  .text              ro code   0x806'87ce      0x2  stm32f4xx_hal_tim.o [1]
  .text              ro code   0x806'87d0      0x2  stm32f4xx_hal_tim_ex.o [1]
  .text              ro code   0x806'87d2      0x2  stm32f4xx_hal_tim.o [1]
  .text              ro code   0x806'87d4      0x2  stm32f4xx_hal_tim_ex.o [1]
  .text              ro code   0x806'87d8     0xc4  diskio.o [1]
  .text              ro code   0x806'889c    0x22c  vallbase_mode.o [1]
  .text              ro code   0x806'8ac8     0xd4  xfofind.o [2]
  .text              ro code   0x806'8b9c     0xfc  xfoprep.o [2]
  .text              ro code   0x806'8c98     0xac  fflush.o [2]
  .text              ro code   0x806'8d44      0x4  heaptramp0.o [2]
  .text              ro code   0x806'8d48     0x18  close.o [5]
  .text              ro code   0x806'8d60     0x14  remove.o [5]
  .text              ro code   0x806'8d74     0xb6  xfrprep.o [2]
  .text              ro code   0x806'8e2a     0xb4  xfwprep.o [2]
  .text              ro code   0x806'8ee0     0xd4  inet_chksum.o [1]
  .text              ro code   0x806'8fb4    0x9ac  ip4_frag.o [1]
  .text              ro code   0x806'9960   0x20d8  httpd_parsing.o [1]
  .text              ro code   0x806'ba38     0x68  memcmp.o [4]
  .text              ro code   0x806'baa0     0x3c  XShttio.o [2]
  .text              ro code   0x806'badc   0x14e0  dlmalloc.o [2]
  .text              ro code   0x806'cfbc     0x4c  xfopen.o [2]
  .text              ro code   0x806'd008     0x10  write.o [5]
  .text              ro code   0x806'd018    0x110  XShHandles.o [2]
  .text              ro code   0x806'd128     0x30  read.o [5]
  .text              ro code   0x806'd158     0x24  fseek.o [2]
  .text              ro code   0x806'd17c     0x2c  xgetmemchunk.o [2]
  .text              ro code   0x806'd1a8     0x48  open.o [5]
  .text              ro code   0x806'd1f0     0x1e  dwrite.o [5]
  .text              ro code   0x806'd20e     0xd8  xfspos.o [2]
  .text              ro code   0x806'd2e6     0x20  iarwstd.o [5]
  .text              ro code   0x806'd306     0x22  iarwrite.o [5]
  .text              ro code   0x806'd328      0xc  xfgpos.o [2]
  .text              ro code   0x806'd334     0x4a  lseek.o [5]
  .text              ro code   0x806'd380   0x6a48  vfunc_factory.o [1]
  .text              ro code   0x807'3dc8   0x5d1c  func_factory.o [1]
  .rodata            const     0x807'9ae4   0x4448  fonts.o [1]
  .rodata            const     0x807'df2c   0x3900  tps25750.o [1]
  .text              ro code   0x808'182c   0x15c8  func_interface.o [1]
  .text              ro code   0x808'2df4   0x11b8  vfunc_interface.o [1]
  .text              ro code   0x808'3fac   0x1404  func_measuring.o [1]
  .text              ro code   0x808'53b0   0x10ac  vfunc_measuring.o [1]
  .text              ro code   0x808'645c   0x1158  func_test.o [1]
  .text              ro code   0x808'75b4    0xe28  vfunc_test.o [1]
  .rodata            const     0x808'83dc    0xcc0  fs.o [1]
  .rodata            const     0x808'909c    0xbe0  fonts.o [1]
  .rodata            const     0x808'9c7c    0xb04  fs.o [1]
  .rodata            const     0x808'a780    0x908  vimage.o [1]
  .rodata            const     0x808'b088    0x908  vimage.o [1]
  .rodata            const     0x808'b990    0x908  vimage.o [1]
  .rodata            const     0x808'c298    0x908  vimage.o [1]
  .rodata            const     0x808'cba0    0x7f0  fs.o [1]
  .rodata            const     0x808'd390    0x760  fs.o [1]
  .rodata            const     0x808'daf0    0x72c  vimage.o [1]
  .rodata            const     0x808'e21c    0x6e8  vimage.o [1]
  .rodata            const     0x808'e904    0x6e8  vimage.o [1]
  .rodata            const     0x808'efec    0x6e8  vimage.o [1]
  .rodata            const     0x808'f6d4    0x6e8  vimage.o [1]
  .rodata            const     0x808'fdbc    0x6e8  vimage.o [1]
  .rodata            const     0x809'04a4    0x6e8  vimage.o [1]
  .rodata            const     0x809'0b8c    0x6e8  vimage.o [1]
  .rodata            const     0x809'1274    0x6e0  fs.o [1]
  .rodata            const     0x809'1954    0x63c  fs.o [1]
  .rodata            const     0x809'1f90    0x614  fs.o [1]
  .text              ro code   0x809'25a4    0x560  func_system.o [1]
  .text              ro code   0x809'2b04    0x540  vfunc_system.o [1]
  .rodata            const     0x809'3044    0x534  fs.o [1]
  .text              ro code   0x809'3578    0x4cc  ili9225g.o [1]
  .rodata            const     0x809'3a44    0x474  fonts.o [1]
  .rodata            const     0x809'3eb8    0x474  fonts.o [1]
  .rodata            const     0x809'432c     0x7c  ip4_addr.o [1]
  .rodata            const     0x809'43a8    0x420  pow64.o [3]
  .text              ro code   0x809'47c8    0x404  vimage.o [1]
  .rodata            const     0x809'4bcc    0x368  fs.o [1]
  .rodata            const     0x809'4f34    0x360  vimage.o [1]
  .rodata            const     0x809'5294    0x360  vimage.o [1]
  .rodata            const     0x809'55f4    0x360  vimage.o [1]
  .rodata            const     0x809'5954    0x360  vimage.o [1]
  .rodata            const     0x809'5cb4    0x360  vimage.o [1]
  .rodata            const     0x809'6014    0x360  vimage.o [1]
  .rodata            const     0x809'6374    0x360  vimage.o [1]
  .rodata            const     0x809'66d4    0x360  vimage.o [1]
  .rodata            const     0x809'6a34    0x360  vimage.o [1]
  .rodata            const     0x809'6d94    0x360  vimage.o [1]
  .rodata            const     0x809'70f4    0x360  vimage.o [1]
  .rodata            const     0x809'7454    0x360  vimage.o [1]
  .rodata            const     0x809'77b4    0x360  vimage.o [1]
  .rodata            const     0x809'7b14    0x330  fs.o [1]
  .rodata            const     0x809'7e44    0x2f8  fonts.o [1]
  .rodata            const     0x809'813c    0x200  crc16.o [1]
  .rodata            const     0x809'833c    0x1f4  fs.o [1]
  .text              ro code   0x809'8530    0x1a0  lcd.o [1]
  .text              ro code   0x809'86d0     0xf4  tim4.o [1]
  .rodata            const     0x809'87c4    0x190  power_control.o [1]
  .text              ro code   0x809'8954    0x118  sd_diskio.o [1]
  .rodata            const     0x809'8a6c     0xdc  fs.o [1]
  .rodata            const     0x809'8b48     0xc8  eeprom.o [1]
  .text              ro code   0x809'8c10     0xa0  stm32f4xx_it.o [1]
  .text              ro code   0x809'8cb0     0x18  stm32f4xx_hal.o [1]
  .rodata            const     0x809'8cc8     0x90  tcp_echoserver.o [1]
  .rodata            const     0x809'8d58     0x8c  ethernetif.o [1]
  .rodata            const     0x809'8de4     0x8c  stm32f4xx_hal_flash_ex.o [1]
  .rodata            const     0x809'8e70     0x8c  tftp_example.o [1]
  .rodata            const     0x809'8efc     0x88  rs485.o [1]
  .rodata            const     0x809'8f84     0x88  stm32f4xx_hal_cortex.o [1]
  .rodata            const     0x809'900c     0x88  stm32f4xx_hal_gpio.o [1]
  .rodata            const     0x809'9094     0x88  stm32f4xx_hal_rcc_ex.o [1]
  .rodata            const     0x809'911c     0x88  stm32f4xx_hal_rtc_ex.o [1]
  .rodata            const     0x809'91a4     0x88  stm32f4xx_hal_tim_ex.o [1]
  .rodata            const     0x809'922c     0x88  stm32f4xx_hal_uart.o [1]
  .rodata            const     0x809'92b4     0x88  stm32f4xx_ll_sdmmc.o [1]
  .rodata            const     0x809'933c     0x84  modbus_rtu_master.o [1]
  .rodata            const     0x809'93c0     0x84  stm32f4xx_hal_adc.o [1]
  .rodata            const     0x809'9444     0x84  stm32f4xx_hal_dma.o [1]
  .rodata            const     0x809'94c8     0x84  stm32f4xx_hal_eth.o [1]
  .rodata            const     0x809'954c     0x84  stm32f4xx_hal_i2c.o [1]
  .rodata            const     0x809'95d0     0x84  stm32f4xx_hal_rcc.o [1]
  .rodata            const     0x809'9654     0x84  stm32f4xx_hal_rtc.o [1]
  .rodata            const     0x809'96d8     0x84  stm32f4xx_hal_sd.o [1]
  .rodata            const     0x809'975c     0x84  stm32f4xx_hal_tim.o [1]
  .rodata            const     0x809'97e0     0x84  stm32f4xx_ll_fsmc.o [1]
  .rodata            const     0x809'9864     0x84  tftp.o [1]
  .rodata            const     0x809'98e8     0x80  sensor_eep_map.o [1]
  .rodata            const     0x809'9968     0x80  sensor_eep_map.o [1]
  .rodata            const     0x809'99e8     0x7c  ip4_frag.o [1]
  .rodata            const     0x809'9a64     0x78  adc.o [1]
  .rodata            const     0x809'9adc     0x78  dhcp.o [1]
  .rodata            const     0x809'9b54     0x78  etharp.o [1]
  .rodata            const     0x809'9bcc     0x78  ethernet.o [1]
  .rodata            const     0x809'9c44     0x78  httpd.o [1]
  .rodata            const     0x809'9cbc     0x78  icmp.o [1]
  .rodata            const     0x809'9d34     0x74  ip4.o [1]
  .rodata            const     0x809'9da8     0x74  netif.o [1]
  .rodata            const     0x809'9e1c     0x74  tcp_in.o [1]
  .rodata            const     0x809'9e90     0x74  tcp_out.o [1]
  .rodata            const     0x809'9f04     0x74  timeouts.o [1]
  .rodata            const     0x809'9f78     0x70  init.o [1]
  .rodata            const     0x809'9fe8     0x70  mem.o [1]
  .rodata            const     0x809'a058     0x70  memp.o [1]
  .rodata            const     0x809'a0c8     0x70  pbuf.o [1]
  .rodata            const     0x809'a138     0x70  tcp.o [1]
  .rodata            const     0x809'a1a8     0x70  udp.o [1]
  .rodata            const     0x809'a218     0x6c  measuring.o [1]
  .rodata            const     0x809'a284     0x6c  version.o [1]
  .rodata            const     0x809'a2f0     0x68  main.o [1]
  .rodata            const     0x809'a358     0x68  vboot.o [1]
  .rodata            const     0x809'a3c0     0x68  vboot.o [1]
  .text              ro code   0x809'a428     0x64  system_stm32f4xx.o [1]
  .rodata            const     0x809'a48c     0x5c  main.o [1]
  .rodata            const     0x809'a4e8     0x58  tcp_out.o [1]
  .rodata            const     0x809'a540     0x50  iar_Stoulx.o [2]
  .rodata            const     0x809'a590     0x4c  data_log.o [1]
  .rodata            const     0x809'a5dc     0x48  data_log.o [1]
  .rodata            const     0x809'a624     0x48  data_log.o [1]
  .rodata            const     0x809'a66c     0x48  dhcp.o [1]
  .rodata            const     0x809'a6b4     0x48  modbus_rtu_slave.o [1]
  .rodata            const     0x809'a6fc     0x48  modbus_rtu_slave.o [1]
  .rodata            const     0x809'a744     0x48  modbus_rtu_slave.o [1]
  .rodata            const     0x809'a78c     0x48  modbus_tcp_slave.o [1]
  .rodata            const     0x809'a7d4     0x48  modbus_tcp_slave.o [1]
  .rodata            const     0x809'a81c     0x48  modbus_tcp_slave.o [1]
  .rodata            const     0x809'a864     0x44  dhcp.o [1]
  .rodata            const     0x809'a8a8     0x48  strto64.o [3]
  .rodata            const     0x809'a8f0     0x48  xfoprep.o [2]
  .rodata            const     0x809'a938     0x44  etharp.o [1]
  .rodata            const     0x809'a97c     0x44  init.o [1]
  .rodata            const     0x809'a9c0     0x44  modbus_rtu_slave.o [1]
  .rodata            const     0x809'aa04     0x44  modbus_rtu_slave.o [1]
  .rodata            const     0x809'aa48     0x44  modbus_rtu_slave.o [1]
  .rodata            const     0x809'aa8c     0x44  modbus_tcp_slave.o [1]
  .rodata            const     0x809'aad0     0x44  modbus_tcp_slave.o [1]
  .rodata            const     0x809'ab14     0x44  modbus_tcp_slave.o [1]
  .rodata            const     0x809'ab58     0x44  modbus_tcp_slave.o [1]
  .rodata            const     0x809'ab9c     0x40  dhcp.o [1]
  .rodata            const     0x809'abdc     0x40  dhcp.o [1]
  .rodata            const     0x809'ac1c     0x40  dhcp.o [1]
  .rodata            const     0x809'ac5c     0x40  etharp.o [1]
  .rodata            const     0x809'ac9c     0x40  modbus_rtu_slave.o [1]
  .rodata            const     0x809'acdc     0x40  tcp_out.o [1]
  .rodata            const     0x809'ad1c     0x40  timeouts.o [1]
  .rodata            const     0x809'ad5c     0x3c  dhcp.o [1]
  .rodata            const     0x809'ad98     0x3c  main.o [1]
  .rodata            const     0x809'add4     0x3c  modbus_rtu_slave.o [1]
  .rodata            const     0x809'ae10     0x3c  modbus_rtu_slave.o [1]
  .rodata            const     0x809'ae4c     0x3c  modbus_tcp_slave.o [1]
  .rodata            const     0x809'ae88     0x3c  tcp_out.o [1]
  .rodata            const     0x809'aec4     0x3c  tcp_out.o [1]
  .text              ro code   0x809'af00     0x3c  xcloseall.o [2]
  .rodata            const     0x809'af3c     0x38  data_log.o [1]
  .rodata            const     0x809'af74     0x38  httpd.o [1]
  .rodata            const     0x809'afac     0x38  icmp.o [1]
  .rodata            const     0x809'afe4     0x38  ip4_frag.o [1]
  .rodata            const     0x809'b01c     0x38  modbus_rtu_slave.o [1]
  .rodata            const     0x809'b054     0x38  modbus_rtu_slave.o [1]
  .rodata            const     0x809'b08c     0x38  modbus_rtu_slave.o [1]
  .rodata            const     0x809'b0c4     0x38  modbus_rtu_slave.o [1]
  .rodata            const     0x809'b0fc     0x38  modbus_rtu_slave.o [1]
  .rodata            const     0x809'b134     0x38  pbuf.o [1]
  .rodata            const     0x809'b16c     0x38  tcp_in.o [1]
  .rodata            const     0x809'b1a4     0x38  tcp_out.o [1]
  .rodata            const     0x809'b1dc     0x38  tcp_out.o [1]
  .rodata            const     0x809'b214     0x34  etharp.o [1]
  .rodata            const     0x809'b248     0x34  ethernet.o [1]
  .rodata            const     0x809'b27c     0x34  icmp.o [1]
  .rodata            const     0x809'b2b0     0x34  modbus_rtu_slave.o [1]
  .rodata            const     0x809'b2e4     0x34  pbuf.o [1]
  .rodata            const     0x809'b318     0x34  pbuf.o [1]
  .rodata            const     0x809'b34c     0x34  tcp.o [1]
  .rodata            const     0x809'b380     0x34  tcp_out.o [1]
  .rodata            const     0x809'b3b4     0x34  tcp_out.o [1]
  .rodata            const     0x809'b3e8     0x30  etharp.o [1]
  .rodata            const     0x809'b418     0x30  ip4.o [1]
  .rodata            const     0x809'b448     0x30  main.o [1]
  .rodata            const     0x809'b478     0x30  mem.o [1]
  .rodata            const     0x809'b4a8     0x30  mem.o [1]
  .rodata            const     0x809'b4d8     0x30  pbuf.o [1]
  .rodata            const     0x809'b508     0x30  pbuf.o [1]
  .rodata            const     0x809'b538     0x30  pbuf.o [1]
  .rodata            const     0x809'b568     0x30  pbuf.o [1]
  .rodata            const     0x809'b598     0x30  tcp.o [1]
  .rodata            const     0x809'b5c8     0x30  tcp.o [1]
  .rodata            const     0x809'b5f8     0x30  tcp_in.o [1]
  .rodata            const     0x809'b628     0x30  tcp_out.o [1]
  .rodata            const     0x809'b658     0x30  tcp_out.o [1]
  .rodata            const     0x809'b688     0x30  udp.o [1]
  .rodata            const     0x809'b6b8     0x2c  cartridge.o [1]
  .rodata            const     0x809'b6e4     0x2c  dhcp.o [1]
  .rodata            const     0x809'b710     0x2c  etharp.o [1]
  .rodata            const     0x809'b73c     0x2c  httpd.o [1]
  .rodata            const     0x809'b768     0x2c  httpd.o [1]
  .rodata            const     0x809'b794     0x2c  httpd_parsing.o [1]
  .rodata            const     0x809'b7c0     0x2c  icmp.o [1]
  .rodata            const     0x809'b7ec     0x2c  mem.o [1]
  .rodata            const     0x809'b818     0x2c  modbus_rtu_slave.o [1]
  .rodata            const     0x809'b844     0x2c  pbuf.o [1]
  .rodata            const     0x809'b870     0x2c  pbuf.o [1]
  .rodata            const     0x809'b89c     0x2c  tcp.o [1]
  .rodata            const     0x809'b8c8     0x2c  tcp.o [1]
  .rodata            const     0x809'b8f4     0x2c  tcp.o [1]
  .rodata            const     0x809'b920     0x2c  tcp.o [1]
  .rodata            const     0x809'b94c     0x2c  tcp_in.o [1]
  .rodata            const     0x809'b978     0x2c  tcp_in.o [1]
  .rodata            const     0x809'b9a4     0x2c  tcp_in.o [1]
  .rodata            const     0x809'b9d0     0x2c  tcp_out.o [1]
  .rodata            const     0x809'b9fc     0x2c  tcp_out.o [1]
  .rodata            const     0x809'ba28     0x2c  tftp.o [1]
  .rodata            const     0x809'ba54     0x28  app_ethernet.o [1]
  .rodata            const     0x809'ba7c     0x28  app_ethernet.o [1]
  .rodata            const     0x809'baa4     0x28  cartridge.o [1]
  .rodata            const     0x809'bacc     0x28  cavity.o [1]
  .rodata            const     0x809'baf4     0x28  dhcp.o [1]
  .rodata            const     0x809'bb1c     0x28  dhcp.o [1]
  .rodata            const     0x809'bb44     0x28  dhcp.o [1]
  .rodata            const     0x809'bb6c     0x28  dhcp.o [1]
  .rodata            const     0x809'bb94     0x28  dhcp.o [1]
  .rodata            const     0x809'bbbc     0x28  etharp.o [1]
  .rodata            const     0x809'bbe4     0x28  etharp.o [1]
  .rodata            const     0x809'bc0c     0x28  ethernet.o [1]
  .rodata            const     0x809'bc34     0x28  ethernetif.o [1]
  .rodata            const     0x809'bc5c     0x28  httpd.o [1]
  .rodata            const     0x809'bc84     0x28  httpd.o [1]
  .rodata            const     0x809'bcac     0x28  icmp.o [1]
  .rodata            const     0x809'bcd4     0x28  init.o [1]
  .rodata            const     0x809'bcfc     0x28  ip4.o [1]
  .rodata            const     0x809'bd24     0x28  ip4_addr.o [1]
  .rodata            const     0x809'bd4c     0x28  ip4_frag.o [1]
  .rodata            const     0x809'bd74     0x28  ip4_frag.o [1]
  .rodata            const     0x809'bd9c     0x28  main.o [1]
  .rodata            const     0x809'bdc4     0x28  mem.o [1]
  .rodata            const     0x809'bdec     0x28  memp.o [1]
  .rodata            const     0x809'be14     0x28  netif.o [1]
  .rodata            const     0x809'be3c     0x28  pbuf.o [1]
  .rodata            const     0x809'be64     0x28  tcp.o [1]
  .rodata            const     0x809'be8c     0x28  tcp.o [1]
  .rodata            const     0x809'beb4     0x28  tcp.o [1]
  .rodata            const     0x809'bedc     0x28  tcp.o [1]
  .rodata            const     0x809'bf04     0x28  tcp.o [1]
  .rodata            const     0x809'bf2c     0x28  tcp.o [1]
  .rodata            const     0x809'bf54     0x28  tcp.o [1]
  .rodata            const     0x809'bf7c     0x28  tcp.o [1]
  .rodata            const     0x809'bfa4     0x28  tcp_echoserver.o [1]
  .rodata            const     0x809'bfcc     0x28  tcp_in.o [1]
  .rodata            const     0x809'bff4     0x28  tcp_in.o [1]
  .rodata            const     0x809'c01c     0x28  tcp_in.o [1]
  .rodata            const     0x809'c044     0x28  tcp_in.o [1]
  .rodata            const     0x809'c06c     0x28  tcp_out.o [1]
  .rodata            const     0x809'c094     0x28  tcp_out.o [1]
  .rodata            const     0x809'c0bc     0x28  tcp_out.o [1]
  .rodata            const     0x809'c0e4     0x28  tftp.o [1]
  .rodata            const     0x809'c10c     0x28  tftp.o [1]
  .rodata            const     0x809'c134     0x28  tftp.o [1]
  .rodata            const     0x809'c15c     0x28  tftp.o [1]
  .rodata            const     0x809'c184     0x28  tftp_example.o [1]
  .rodata            const     0x809'c1ac     0x28  timeouts.o [1]
  .rodata            const     0x809'c1d4     0x28  timeouts.o [1]
  .rodata            const     0x809'c1fc     0x28  udp.o [1]
  .rodata            const     0x809'c224     0x28  vfunc_factory.o [1]
  .rodata            const     0x809'c24c     0x28  vfunc_factory.o [1]
  .text              ro code   0x809'c274     0x28  data_init.o [4]
  .rodata            const     0x809'c29c     0x24  buzzer.o [1]
  .rodata            const     0x809'c2c0     0x24  cavity.o [1]
  .rodata            const     0x809'c2e4     0x24  data_log.o [1]
  .rodata            const     0x809'c308     0x24  dhcp.o [1]
  .rodata            const     0x809'c32c     0x24  etharp.o [1]
  .rodata            const     0x809'c350     0x24  ip4_frag.o [1]
  .rodata            const     0x809'c374     0x24  mem.o [1]
  .rodata            const     0x809'c398     0x24  mem.o [1]
  .rodata            const     0x809'c3bc     0x24  memp.o [1]
  .rodata            const     0x809'c3e0     0x24  memp.o [1]
  .rodata            const     0x809'c404     0x24  modbus_rtu_master.o [1]
  .rodata            const     0x809'c428     0x24  modbus_rtu_slave.o [1]
  .rodata            const     0x809'c44c     0x24  modbus_tcp_slave.o [1]
  .rodata            const     0x809'c470     0x24  pbuf.o [1]
  .rodata            const     0x809'c494     0x24  pbuf.o [1]
  .rodata            const     0x809'c4b8     0x24  pbuf.o [1]
  .rodata            const     0x809'c4dc     0x24  tcp.o [1]
  .rodata            const     0x809'c500     0x24  tcp.o [1]
  .rodata            const     0x809'c524     0x24  tftp.o [1]
  .rodata            const     0x809'c548     0x24  tftp.o [1]
  .rodata            const     0x809'c56c     0x24  tftp.o [1]
  .rodata            const     0x809'c590     0x24  tftp_example.o [1]
  .rodata            const     0x809'c5b4     0x24  vfunc_factory.o [1]
  .rodata            const     0x809'c5d8     0x24  vfunc_factory.o [1]
  .rodata            const     0x809'c5fc     0x24  vfunc_factory.o [1]
  .text              ro code   0x809'c620     0x22  fpinit_M.o [3]
  .iar.init_table    const     0x809'c644     0x20  - Linker created -
  .rodata            const     0x809'c664     0x20  data_log.o [1]
  .rodata            const     0x809'c684     0x20  dhcp.o [1]
  .rodata            const     0x809'c6a4     0x20  dhcp.o [1]
  .rodata            const     0x809'c6c4     0x20  dhcp.o [1]
  .rodata            const     0x809'c6e4     0x20  httpd.o [1]
  .rodata            const     0x809'c704     0x20  httpd.o [1]
  .rodata            const     0x809'c724     0x20  httpd_parsing.o [1]
  .rodata            const     0x809'c744     0x20  ip4_frag.o [1]
  .rodata            const     0x809'c764     0x20  ip4_frag.o [1]
  .rodata            const     0x809'c784     0x20  ip4_frag.o [1]
  .rodata            const     0x809'c7a4     0x20  mem.o [1]
  .rodata            const     0x809'c7c4     0x20  memp.o [1]
  .rodata            const     0x809'c7e4     0x20  memp.o [1]
  .rodata            const     0x809'c804     0x20  pbuf.o [1]
  .rodata            const     0x809'c824     0x20  pbuf.o [1]
  .rodata            const     0x809'c844     0x20  power_control.o [1]
  .rodata            const     0x809'c864     0x20  rtc.o [1]
  .rodata            const     0x809'c884     0x20  tcp.o [1]
  .rodata            const     0x809'c8a4     0x20  tcp_in.o [1]
  .rodata            const     0x809'c8c4     0x20  tcp_in.o [1]
  .rodata            const     0x809'c8e4     0x20  tcp_in.o [1]
  .rodata            const     0x809'c904     0x20  tcp_in.o [1]
  .rodata            const     0x809'c924     0x20  tcp_in.o [1]
  .rodata            const     0x809'c944     0x20  tcp_out.o [1]
  .rodata            const     0x809'c964     0x20  tcp_out.o [1]
  .rodata            const     0x809'c984     0x20  tcp_out.o [1]
  .rodata            const     0x809'c9a4     0x20  tftp.o [1]
  .rodata            const     0x809'c9c4     0x20  tftp.o [1]
  .rodata            const     0x809'c9e4     0x20  tftp.o [1]
  .rodata            const     0x809'ca04     0x20  tftp_example.o [1]
  .rodata            const     0x809'ca24     0x20  tftp_example.o [1]
  .rodata            const     0x809'ca44     0x20  tps25750.o [1]
  .rodata            const     0x809'ca64     0x20  tps25750.o [1]
  .rodata            const     0x809'ca84     0x20  vfunc_factory.o [1]
  .rodata            const     0x809'caa4     0x20  vfunc_factory.o [1]
  .rodata            const     0x809'cac4     0x20  vfunc_factory.o [1]
  .rodata            const     0x809'cae4     0x20  vfunc_factory.o [1]
  .rodata            const     0x809'cb04     0x20  vfunc_factory.o [1]
  .rodata            const     0x809'cb24     0x20  vfunc_factory.o [1]
  .text              ro code   0x809'cb44     0x1e  cmain.o [4]
  .text              ro code   0x809'cb62      0x4  low_level_init.o [2]
  .text              ro code   0x809'cb66      0x4  exit.o [2]
  .text              ro code   0x809'cb6c      0xe  cexit.o [4]
  .rodata            const     0x809'cb7c     0x1c  data_log.o [1]
  .rodata            const     0x809'cb98     0x1c  dhcp.o [1]
  .rodata            const     0x809'cbb4     0x1c  dhcp.o [1]
  .rodata            const     0x809'cbd0     0x1c  etharp.o [1]
  .rodata            const     0x809'cbec     0x1c  httpd.o [1]
  .rodata            const     0x809'cc08     0x1c  httpd.o [1]
  .rodata            const     0x809'cc24     0x1c  httpd.o [1]
  .rodata            const     0x809'cc40     0x1c  ip4_frag.o [1]
  .rodata            const     0x809'cc5c     0x1c  ip4_frag.o [1]
  .rodata            const     0x809'cc78     0x1c  ip4_frag.o [1]
  .rodata            const     0x809'cc94     0x1c  main.o [1]
  .rodata            const     0x809'ccb0     0x1c  mem.o [1]
  .rodata            const     0x809'cccc     0x1c  mem.o [1]
  .rodata            const     0x809'cce8     0x1c  mem.o [1]
  .rodata            const     0x809'cd04     0x1c  memp.o [1]
  .rodata            const     0x809'cd20     0x1c  option.o [1]
  .rodata            const     0x809'cd3c     0x1c  pbuf.o [1]
  .rodata            const     0x809'cd58     0x1c  pbuf.o [1]
  .rodata            const     0x809'cd74     0x1c  pbuf.o [1]
  .rodata            const     0x809'cd90     0x1c  pbuf.o [1]
  .rodata            const     0x809'cdac     0x1c  pbuf.o [1]
  .rodata            const     0x809'cdc8     0x1c  power_control.o [1]
  .rodata            const     0x809'cde4     0x1c  rs485.o [1]
  .rodata            const     0x809'ce00     0x1c  tcp.o [1]
  .rodata            const     0x809'ce1c     0x1c  tcp.o [1]
  .rodata            const     0x809'ce38     0x1c  tcp_in.o [1]
  .rodata            const     0x809'ce54     0x1c  tcp_in.o [1]
  .rodata            const     0x809'ce70     0x1c  tcp_in.o [1]
  .rodata            const     0x809'ce8c     0x1c  tftp.o [1]
  .rodata            const     0x809'cea8     0x1c  tftp.o [1]
  .rodata            const     0x809'cec4     0x1c  tftp.o [1]
  .rodata            const     0x809'cee0     0x1c  tftp_example.o [1]
  .rodata            const     0x809'cefc     0x1c  tps25750.o [1]
  .rodata            const     0x809'cf18     0x1c  vallbase_mode.o [1]
  .rodata            const     0x809'cf34     0x1c  vfunc_factory.o [1]
  .rodata            const     0x809'cf50     0x1c  vfunc_factory.o [1]
  .rodata            const     0x809'cf6c     0x1c  vfunc_factory.o [1]
  .rodata            const     0x809'cf88     0x1c  vfunc_factory.o [1]
  .rodata            const     0x809'cfa4     0x1c  vfunc_factory.o [1]
  .rodata            const     0x809'cfc0     0x1c  vfunc_factory.o [1]
  .rodata            const     0x809'cfdc     0x1c  vfunc_factory.o [1]
  .rodata            const     0x809'cff8     0x1c  vfunc_factory.o [1]
  .rodata            const     0x809'd014     0x1c  vfunc_factory.o [1]
  .rodata            const     0x809'd030     0x1c  vfunc_factory.o [1]
  .rodata            const     0x809'd04c     0x1c  vfunc_factory.o [1]
  .rodata            const     0x809'd068     0x1c  vfunc_factory.o [1]
  .rodata            const     0x809'd084     0x1c  vfunc_factory.o [1]
  .rodata            const     0x809'd0a0     0x1c  vfunc_factory.o [1]
  .rodata            const     0x809'd0bc     0x1c  vfunc_factory.o [1]
  .rodata            const     0x809'd0d8     0x1c  vfunc_factory.o [1]
  .rodata            const     0x809'd0f4     0x1c  vfunc_factory.o [1]
  .rodata            const     0x809'd110     0x1c  vfunc_factory.o [1]
  .rodata            const     0x809'd12c     0x1c  vfunc_factory.o [1]
  .rodata            const     0x809'd148     0x1c  vfunc_factory.o [1]
  .rodata            const     0x809'd164     0x1c  vfunc_factory.o [1]
  .rodata            const     0x809'd180     0x1c  vfunc_measuring.o [1]
  .rodata            const     0x809'd19c     0x1c  vfunc_measuring.o [1]
  .rodata            const     0x809'd1b8     0x18  data_log.o [1]
  .rodata            const     0x809'd1d0     0x18  dhcp.o [1]
  .rodata            const     0x809'd1e8     0x18  eeprom.o [1]
  .rodata            const     0x809'd200     0x18  eeprom.o [1]
  .rodata            const     0x809'd218     0x18  eeprom.o [1]
  .rodata            const     0x809'd230     0x18  etharp.o [1]
  .rodata            const     0x809'd248     0x18  httpd.o [1]
  .rodata            const     0x809'd260     0x18  httpd_cgi_ssi.o [1]
  .rodata            const     0x809'd278     0x18  httpd_parsing.o [1]
  .rodata            const     0x809'd290     0x18  httpd_parsing.o [1]
  .rodata            const     0x809'd2a8     0x18  httpd_parsing.o [1]
  .rodata            const     0x809'd2c0     0x18  mem.o [1]
  .rodata            const     0x809'd2d8     0x18  mem.o [1]
  .rodata            const     0x809'd2f0     0x18  mem.o [1]
  .rodata            const     0x809'd308     0x18  netif.o [1]
  .rodata            const     0x809'd320     0x18  pbuf.o [1]
  .rodata            const     0x809'd338     0x18  pbuf.o [1]
  .rodata            const     0x809'd350     0x18  pbuf.o [1]
  .rodata            const     0x809'd368     0x18  pbuf.o [1]
  .rodata            const     0x809'd380     0x18  pbuf.o [1]
  .rodata            const     0x809'd398     0x18  tcp.o [1]
  .rodata            const     0x809'd3b0     0x18  tcp.o [1]
  .rodata            const     0x809'd3c8     0x18  tcp_in.o [1]
  .rodata            const     0x809'd3e0     0x18  tcp_in.o [1]
  .rodata            const     0x809'd3f8     0x18  tcp_out.o [1]
  .rodata            const     0x809'd410     0x18  tcp_out.o [1]
  .rodata            const     0x809'd428     0x18  tcp_out.o [1]
  .rodata            const     0x809'd440     0x18  tcp_out.o [1]
  .rodata            const     0x809'd458     0x18  tftp.o [1]
  .rodata            const     0x809'd470     0x18  tftp.o [1]
  .rodata            const     0x809'd488     0x18  tftp.o [1]
  .rodata            const     0x809'd4a0     0x18  tftp.o [1]
  .rodata            const     0x809'd4b8     0x18  tftp.o [1]
  .rodata            const     0x809'd4d0     0x18  tftp.o [1]
  .rodata            const     0x809'd4e8     0x18  tftp_example.o [1]
  .rodata            const     0x809'd500     0x18  tftp_example.o [1]
  .rodata            const     0x809'd518     0x18  tftp_example.o [1]
  .rodata            const     0x809'd530     0x18  vfunc_factory.o [1]
  .rodata            const     0x809'd548     0x18  vfunc_factory.o [1]
  .rodata            const     0x809'd560     0x18  vfunc_factory.o [1]
  .rodata            const     0x809'd578     0x18  vfunc_factory.o [1]
  .rodata            const     0x809'd590     0x18  vfunc_factory.o [1]
  .rodata            const     0x809'd5a8     0x18  vfunc_factory.o [1]
  .rodata            const     0x809'd5c0     0x18  vfunc_factory.o [1]
  .rodata            const     0x809'd5d8     0x18  vfunc_factory.o [1]
  .rodata            const     0x809'd5f0     0x18  vfunc_factory.o [1]
  .rodata            const     0x809'd608     0x18  vfunc_factory.o [1]
  .rodata            const     0x809'd620     0x18  vfunc_factory.o [1]
  .rodata            const     0x809'd638     0x18  vfunc_factory.o [1]
  .rodata            const     0x809'd650     0x18  vfunc_factory.o [1]
  .rodata            const     0x809'd668     0x18  vfunc_factory.o [1]
  .rodata            const     0x809'd680     0x18  vfunc_factory.o [1]
  .rodata            const     0x809'd698     0x18  vfunc_factory.o [1]
  .rodata            const     0x809'd6b0     0x18  vfunc_factory.o [1]
  .rodata            const     0x809'd6c8     0x18  vfunc_factory.o [1]
  .rodata            const     0x809'd6e0     0x18  vfunc_factory.o [1]
  .rodata            const     0x809'd6f8     0x18  vfunc_factory.o [1]
  .rodata            const     0x809'd710     0x18  vfunc_factory.o [1]
  .rodata            const     0x809'd728     0x18  vfunc_factory.o [1]
  .rodata            const     0x809'd740     0x18  vfunc_factory.o [1]
  .rodata            const     0x809'd758     0x18  vfunc_factory.o [1]
  .rodata            const     0x809'd770     0x18  vfunc_factory.o [1]
  .rodata            const     0x809'd788     0x18  vfunc_factory.o [1]
  .rodata            const     0x809'd7a0     0x18  vfunc_factory.o [1]
  .rodata            const     0x809'd7b8     0x18  vfunc_factory.o [1]
  .rodata            const     0x809'd7d0     0x18  vfunc_factory.o [1]
  .rodata            const     0x809'd7e8     0x18  vfunc_factory.o [1]
  .rodata            const     0x809'd800     0x18  vfunc_factory.o [1]
  .rodata            const     0x809'd818     0x18  vfunc_factory.o [1]
  .rodata            const     0x809'd830     0x18  vfunc_factory.o [1]
  .rodata            const     0x809'd848     0x18  vfunc_factory.o [1]
  .rodata            const     0x809'd860     0x18  vfunc_factory.o [1]
  .rodata            const     0x809'd878     0x18  vfunc_factory.o [1]
  .rodata            const     0x809'd890     0x18  vfunc_factory.o [1]
  .rodata            const     0x809'd8a8     0x18  vfunc_factory.o [1]
  .rodata            const     0x809'd8c0     0x18  vfunc_factory.o [1]
  .rodata            const     0x809'd8d8     0x18  vfunc_factory.o [1]
  .rodata            const     0x809'd8f0     0x18  vfunc_factory.o [1]
  .rodata            const     0x809'd908     0x18  vfunc_factory.o [1]
  .rodata            const     0x809'd920     0x18  vfunc_factory.o [1]
  .rodata            const     0x809'd938     0x18  vfunc_factory.o [1]
  .rodata            const     0x809'd950     0x18  vfunc_factory.o [1]
  .rodata            const     0x809'd968     0x18  vfunc_factory.o [1]
  .rodata            const     0x809'd980     0x18  vstatusbar.o [1]
  .rodata            const     0x809'd998     0x18  vstatusbar.o [1]
  .rodata            const     0x809'd9b0     0x18  vstatusbar.o [1]
  .rodata            const     0x809'd9c8     0x18  vstatusbar.o [1]
  .rodata            const     0x809'd9e0     0x18  vstatusbar.o [1]
  .rodata            const     0x809'd9f8     0x18  vstatusbar.o [1]
  .rodata            const     0x809'da10     0x18  vstatusbar.o [1]
  .rodata            const     0x809'da28     0x18  vstatusbar.o [1]
  .rodata            const     0x809'da40     0x18  vstatusbar.o [1]
  .rodata            const     0x809'da58     0x18  vstatusbar.o [1]
  .rodata            const     0x809'da70     0x18  vstatusbar.o [1]
  .rodata            const     0x809'da88     0x18  vstatusbar.o [1]
  .rodata            const     0x809'daa0     0x18  vstatusbar.o [1]
  .rodata            const     0x809'dab8     0x18  vstatusbar.o [1]
  .rodata            const     0x809'dad0     0x18  vstatusbar.o [1]
  .rodata            const     0x809'dae8     0x18  vstatusbar.o [1]
  .rodata            const     0x809'db00     0x18  vstatusbar.o [1]
  .text              ro code   0x809'db18     0x16  xprout.o [2]
  .text              ro code   0x809'db30      0xc  putchar.o [2]
  .rodata            const     0x809'db3c     0x14  etharp.o [1]
  .rodata            const     0x809'db50     0x14  fs.o [1]
  .rodata            const     0x809'db64     0x14  fs.o [1]
  .rodata            const     0x809'db78     0x14  fs.o [1]
  .rodata            const     0x809'db8c     0x14  fs.o [1]
  .rodata            const     0x809'dba0     0x14  fs.o [1]
  .rodata            const     0x809'dbb4     0x14  fs.o [1]
  .rodata            const     0x809'dbc8     0x14  fs.o [1]
  .rodata            const     0x809'dbdc     0x14  fs.o [1]
  .rodata            const     0x809'dbf0     0x14  fs.o [1]
  .rodata            const     0x809'dc04     0x14  fs.o [1]
  .rodata            const     0x809'dc18     0x14  fs.o [1]
  .rodata            const     0x809'dc2c     0x14  fs.o [1]
  .rodata            const     0x809'dc40     0x14  httpd.o [1]
  .rodata            const     0x809'dc54     0x14  httpd_cgi_ssi.o [1]
  .rodata            const     0x809'dc68     0x14  httpd_parsing.o [1]
  .rodata            const     0x809'dc7c     0x14  httpd_parsing.o [1]
  .rodata            const     0x809'dc90     0x14  httpd_parsing.o [1]
  .rodata            const     0x809'dca4     0x14  httpd_parsing.o [1]
  .rodata            const     0x809'dcb8     0x14  httpd_parsing.o [1]
  .rodata            const     0x809'dccc     0x14  httpd_parsing.o [1]
  .rodata            const     0x809'dce0     0x14  httpd_parsing.o [1]
  .rodata            const     0x809'dcf4     0x14  httpd_parsing.o [1]
  .rodata            const     0x809'dd08     0x14  httpd_parsing.o [1]
  .rodata            const     0x809'dd1c     0x14  httpd_parsing.o [1]
  .rodata            const     0x809'dd30     0x14  httpd_parsing.o [1]
  .rodata            const     0x809'dd44     0x14  httpd_parsing.o [1]
  .rodata            const     0x809'dd58     0x14  httpd_parsing.o [1]
  .rodata            const     0x809'dd6c     0x14  httpd_parsing.o [1]
  .rodata            const     0x809'dd80     0x14  ip4_frag.o [1]
  .rodata            const     0x809'dd94     0x14  mem.o [1]
  .rodata            const     0x809'dda8     0x14  modbus_map.o [1]
  .rodata            const     0x809'ddbc     0x14  pbuf.o [1]
  .rodata            const     0x809'ddd0     0x14  pbuf.o [1]
  .rodata            const     0x809'dde4     0x14  pbuf.o [1]
  .rodata            const     0x809'ddf8     0x14  power_control.o [1]
  .rodata            const     0x809'de0c     0x14  sd_diskio.o [1]
  .rodata            const     0x809'de20     0x14  tcp_in.o [1]
  .rodata            const     0x809'de34     0x14  tcp_in.o [1]
  .rodata            const     0x809'de48     0x14  tcp_out.o [1]
  .rodata            const     0x809'de5c     0x14  tcp_out.o [1]
  .rodata            const     0x809'de70     0x14  tftp.o [1]
  .rodata            const     0x809'de84     0x14  tftp.o [1]
  .rodata            const     0x809'de98     0x14  tftp.o [1]
  .rodata            const     0x809'deac     0x14  tftp.o [1]
  .rodata            const     0x809'dec0     0x14  tftp.o [1]
  .rodata            const     0x809'ded4     0x14  tftp.o [1]
  .rodata            const     0x809'dee8     0x14  tftp.o [1]
  .rodata            const     0x809'defc     0x14  tftp.o [1]
  .rodata            const     0x809'df10     0x14  tftp_example.o [1]
  .rodata            const     0x809'df24     0x14  tftp_example.o [1]
  .rodata            const     0x809'df38     0x14  tftp_example.o [1]
  .rodata            const     0x809'df4c     0x14  tftp_example.o [1]
  .rodata            const     0x809'df60     0x14  tftp_example.o [1]
  .rodata            const     0x809'df74     0x14  tftp_example.o [1]
  .rodata            const     0x809'df88     0x14  tps25750.o [1]
  .rodata            const     0x809'df9c     0x14  tps25750.o [1]
  .rodata            const     0x809'dfb0     0x14  tps25750.o [1]
  .rodata            const     0x809'dfc4     0x14  tps25750.o [1]
  .rodata            const     0x809'dfd8     0x14  tps25750.o [1]
  .rodata            const     0x809'dfec     0x14  udp.o [1]
  .rodata            const     0x809'e000     0x14  vallbase_mode.o [1]
  .rodata            const     0x809'e014     0x14  vboot.o [1]
  .rodata            const     0x809'e028     0x14  vboot.o [1]
  .rodata            const     0x809'e03c     0x14  vfunc_factory.o [1]
  .rodata            const     0x809'e050     0x14  vfunc_factory.o [1]
  .rodata            const     0x809'e064     0x14  vfunc_factory.o [1]
  .rodata            const     0x809'e078     0x14  vfunc_factory.o [1]
  .rodata            const     0x809'e08c     0x14  vfunc_factory.o [1]
  .rodata            const     0x809'e0a0     0x14  vfunc_factory.o [1]
  .rodata            const     0x809'e0b4     0x14  vfunc_factory.o [1]
  .rodata            const     0x809'e0c8     0x14  vfunc_factory.o [1]
  .rodata            const     0x809'e0dc     0x14  vfunc_factory.o [1]
  .rodata            const     0x809'e0f0     0x14  vfunc_factory.o [1]
  .rodata            const     0x809'e104     0x14  vfunc_factory.o [1]
  .rodata            const     0x809'e118     0x14  vfunc_factory.o [1]
  .rodata            const     0x809'e12c     0x14  vfunc_factory.o [1]
  .rodata            const     0x809'e140     0x14  vfunc_factory.o [1]
  .rodata            const     0x809'e154     0x14  vfunc_factory.o [1]
  .rodata            const     0x809'e168     0x14  vfunc_factory.o [1]
  .rodata            const     0x809'e17c     0x14  vfunc_factory.o [1]
  .rodata            const     0x809'e190     0x14  vfunc_factory.o [1]
  .rodata            const     0x809'e1a4     0x14  vfunc_factory.o [1]
  .rodata            const     0x809'e1b8     0x14  vfunc_factory.o [1]
  .rodata            const     0x809'e1cc     0x14  vfunc_factory.o [1]
  .rodata            const     0x809'e1e0     0x14  vfunc_factory.o [1]
  .rodata            const     0x809'e1f4     0x14  vfunc_factory.o [1]
  .rodata            const     0x809'e208     0x14  vfunc_factory.o [1]
  .rodata            const     0x809'e21c     0x14  vfunc_factory.o [1]
  .rodata            const     0x809'e230     0x14  vfunc_factory.o [1]
  .rodata            const     0x809'e244     0x14  vfunc_factory.o [1]
  .rodata            const     0x809'e258     0x14  vfunc_factory.o [1]
  .rodata            const     0x809'e26c     0x14  vfunc_factory.o [1]
  .rodata            const     0x809'e280     0x14  vfunc_factory.o [1]
  .rodata            const     0x809'e294     0x14  vfunc_factory.o [1]
  .rodata            const     0x809'e2a8     0x14  vfunc_factory.o [1]
  .rodata            const     0x809'e2bc     0x14  vfunc_factory.o [1]
  .rodata            const     0x809'e2d0     0x14  vfunc_factory.o [1]
  .rodata            const     0x809'e2e4     0x14  vfunc_factory.o [1]
  .rodata            const     0x809'e2f8     0x14  vfunc_factory.o [1]
  .rodata            const     0x809'e30c     0x14  vfunc_factory.o [1]
  .rodata            const     0x809'e320     0x14  vfunc_factory.o [1]
  .rodata            const     0x809'e334     0x14  vfunc_factory.o [1]
  .rodata            const     0x809'e348     0x14  vfunc_factory.o [1]
  .rodata            const     0x809'e35c     0x14  vfunc_factory.o [1]
  .rodata            const     0x809'e370     0x14  vfunc_factory.o [1]
  .rodata            const     0x809'e384     0x14  vfunc_factory.o [1]
  .rodata            const     0x809'e398     0x14  vfunc_factory.o [1]
  .rodata            const     0x809'e3ac     0x14  vfunc_factory.o [1]
  .rodata            const     0x809'e3c0     0x14  vfunc_factory.o [1]
  .rodata            const     0x809'e3d4     0x14  vfunc_factory.o [1]
  .rodata            const     0x809'e3e8     0x14  vfunc_factory.o [1]
  .rodata            const     0x809'e3fc     0x14  vfunc_factory.o [1]
  .rodata            const     0x809'e410     0x14  vfunc_factory.o [1]
  .rodata            const     0x809'e424     0x14  vfunc_factory.o [1]
  .rodata            const     0x809'e438     0x14  vfunc_factory.o [1]
  .rodata            const     0x809'e44c     0x14  vfunc_factory.o [1]
  .rodata            const     0x809'e460     0x14  vfunc_factory.o [1]
  .rodata            const     0x809'e474     0x14  vfunc_factory.o [1]
  .rodata            const     0x809'e488     0x14  vfunc_factory.o [1]
  .rodata            const     0x809'e49c     0x14  vfunc_factory.o [1]
  .rodata            const     0x809'e4b0     0x14  vfunc_factory.o [1]
  .rodata            const     0x809'e4c4     0x14  vfunc_factory.o [1]
  .rodata            const     0x809'e4d8     0x14  vfunc_factory.o [1]
  .rodata            const     0x809'e4ec     0x14  vfunc_factory.o [1]
  .rodata            const     0x809'e500     0x14  vfunc_factory.o [1]
  .rodata            const     0x809'e514     0x14  vfunc_factory.o [1]
  .rodata            const     0x809'e528     0x14  vfunc_factory.o [1]
  .rodata            const     0x809'e53c     0x14  vfunc_factory.o [1]
[...]
reassdatagrams          0x2001'4758      0x4  Data  Lc  ip4_frag.o [1]
recv                     0x806'4bed    0x68a  Code  Lc  tftp.o [1]
recv_acked              0x2001'47d0      0x4  Data  Lc  tcp_in.o [1]
recv_data               0x2001'47d4      0x4  Data  Lc  tcp_in.o [1]
recv_flags              0x2001'482b      0x1  Data  Lc  tcp_in.o [1]
remove                   0x806'8d61     0x14  Code  Gb  remove.o [5]
resend_data              0x806'4b0f     0x66  Code  Lc  tftp.o [1]
sFileInfo               0x2001'3ba0     0x80  Data  Lc  XShHandles.o [2]
scalbln                  0x804'5165           Code  Gb  ldexp.o [3]
scalblnl                 0x804'5165           Code  Gb  ldexp.o [3]
scalbn                   0x804'5165           Code  Gb  ldexp.o [3]
scalbnl                  0x804'5165           Code  Gb  ldexp.o [3]
scale                    0x804'21ff     0x46  Code  Lc  xprintffull.o [2]
sec_hand                0x2001'47f4      0x4  Data  Lc  xfail_s.o [2]
segment_holding          0x806'badd     0x1a  Code  Lc  dlmalloc.o [2]
send_ack                 0x806'4acb     0x44  Code  Lc  tftp.o [1]
send_data                0x806'4b75     0x76  Code  Lc  tftp.o [1]
send_error               0x806'4a5d     0x6e  Code  Lc  tftp.o [1]
send_request             0x806'49c1     0x9c  Code  Lc  tftp.o [1]
seqno                   0x2001'47c8      0x4  Data  Lc  tcp_in.o [1]
snprintf                 0x806'449d     0x44  Code  Gb  snprintf.o [2]
spBlankMsg              0x2000'02f4      0x4  Data  Gb  vlibrary.o [1]
spFuncItem              0x2000'02a0     0x28  Data  Lc  vfunction_mode.o [1]
sprintf                  0x806'2229     0x40  Code  Gb  sprintf.o [2]
sqrt                     0x804'c139           Code  Gb  sqrt.o [3]
sqrtl                    0x804'c139           Code  Gb  sqrt.o [3]
strchr                   0x804'5ced           Code  Gb  strchr.o [4]
strcmp                   0x805'9d95           Code  Gb  strcmp.o [4]
strcpy                   0x803'dd39           Code  Gb  strcpy.o [4]
strlen                   0x804'5d45           Code  Gb  strlen.o [4]
strncmp                  0x806'7421     0x28  Code  Gb  strncmp.o [2]
strstr                   0x806'7449     0x30  Code  Gb  strstr.o [2]
sync_window              0x806'2311     0x5a  Code  Lc  ff.o [1]
sys_alloc                0x806'c09d    0x164  Code  Lc  dlmalloc.o [2]
sys_check_timeouts       0x804'be47     0x70  Code  Gb  timeouts.o [1]
sys_now                  0x804'bb1b      0x8  Code  Gb  ethernetif.o [1]
sys_timeout              0x804'bd1b     0xd6  Code  Gb  timeouts.o [1]
sys_timeouts_init        0x804'bcf5     0x26  Code  Gb  timeouts.o [1]
sys_trim                 0x806'c201     0x64  Code  Lc  dlmalloc.o [2]
sys_untimeout            0x804'bdf1     0x56  Code  Gb  timeouts.o [1]
tcp_abandon              0x805'5e27     0xf6  Code  Gb  tcp.o [1]
tcp_abort                0x805'5f1d      0xe  Code  Gb  tcp.o [1]
tcp_accept               0x805'6a89     0x10  Code  Gb  tcp.o [1]
tcp_accept_null          0x805'6007     0x14  Code  Lc  tcp.o [1]
tcp_active_pcbs         0x2001'47b4      0x4  Data  Gb  tcp.o [1]
tcp_active_pcbs_changed
                        0x2001'4827      0x1  Data  Gb  tcp.o [1]
tcp_alloc                0x805'6939     0xbc  Code  Gb  tcp.o [1]
tcp_arg                  0x805'6a0f      0x8  Code  Gb  tcp.o [1]
tcp_backoff              0x809'eb38     0x10  Data  Lc  tcp.o [1]
tcp_bind                 0x805'5f2b     0xdc  Code  Gb  tcp.o [1]
tcp_bound_pcbs          0x2001'47ac      0x4  Data  Gb  tcp.o [1]
tcp_build_wnd_scale_option
                         0x805'8457      0x8  Code  Lc  tcp_out.o [1]
tcp_close                0x805'5e0b     0x1c  Code  Gb  tcp.o [1]
tcp_close_shutdown       0x805'5c0b    0x160  Code  Lc  tcp.o [1]
tcp_close_shutdown_fin   0x805'5d6b     0xa0  Code  Lc  tcp.o [1]
tcp_create_segment       0x805'79f9     0xe2  Code  Lc  tcp_out.o [1]
tcp_echoserver_accept    0x804'95d5     0x66  Code  Lc  tcp_echoserver.o [1]
tcp_echoserver_connection_close
                         0x804'985f     0x42  Code  Lc  tcp_echoserver.o [1]
tcp_echoserver_error     0x804'973d     0x14  Code  Lc  tcp_echoserver.o [1]
tcp_echoserver_init      0x804'9589     0x4a  Code  Gb  tcp_echoserver.o [1]
tcp_echoserver_pcb      0x2001'47bc      0x4  Data  Lc  tcp_echoserver.o [1]
tcp_echoserver_poll      0x804'9751     0x46  Code  Lc  tcp_echoserver.o [1]
tcp_echoserver_recv      0x804'963d     0xfe  Code  Lc  tcp_echoserver.o [1]
tcp_echoserver_send      0x804'97d1     0x8e  Code  Lc  tcp_echoserver.o [1]
tcp_echoserver_sent      0x804'9799     0x38  Code  Lc  tcp_echoserver.o [1]
tcp_eff_send_mss_impl    0x805'6bb1     0x3e  Code  Gb  tcp.o [1]
tcp_enqueue_flags        0x805'82c5    0x192  Code  Gb  tcp_out.o [1]
tcp_err                  0x805'6a5f     0x24  Code  Gb  tcp.o [1]
tcp_fasttmr              0x805'6699     0x7e  Code  Gb  tcp.o [1]
tcp_getoptbyte           0x806'71c3     0x42  Code  Lc  tcp_in.o [1]
tcp_init                 0x805'5b85      0x2  Code  Gb  tcp.o [1]
tcp_input                0x806'5c7d    0x612  Code  Gb  tcp_in.o [1]
tcp_input_delayed_close
                         0x806'628f     0x42  Code  Lc  tcp_in.o [1]
tcp_input_pcb           0x2001'47d8      0x4  Data  Gb  tcp_in.o [1]
tcp_keepalive            0x805'8ae5     0x5a  Code  Gb  tcp_out.o [1]
tcp_kill_prio            0x805'6833     0x5c  Code  Lc  tcp.o [1]
tcp_kill_state           0x805'688f     0x6a  Code  Lc  tcp.o [1]
tcp_kill_timewait        0x805'68fd     0x38  Code  Lc  tcp.o [1]
tcp_listen_closed        0x805'5bbd     0x4e  Code  Lc  tcp.o [1]
tcp_listen_input         0x806'62d1    0x124  Code  Lc  tcp_in.o [1]
tcp_listen_pcbs         0x2001'47b0      0x4  Data  Gb  tcp.o [1]
tcp_listen_with_backlog
                         0x805'601b     0x14  Code  Gb  tcp.o [1]
tcp_listen_with_backlog_and_err
                         0x805'602f     0xc4  Code  Gb  tcp.o [1]
tcp_netif_ip_addr_changed
                         0x805'6c15     0x4e  Code  Gb  tcp.o [1]
tcp_netif_ip_addr_changed_pcblist
                         0x805'6bef     0x26  Code  Lc  tcp.o [1]
tcp_new                  0x805'69f9      0xa  Code  Gb  tcp.o [1]
tcp_new_ip_type          0x805'6a03      0xc  Code  Gb  tcp.o [1]
tcp_new_port             0x805'61e7     0x64  Code  Lc  tcp.o [1]
tcp_next_iss             0x805'6b9d     0x12  Code  Gb  tcp.o [1]
tcp_next_iss::iss       0x2000'00f0      0x4  Data  Lc  tcp.o [1]
tcp_optidx              0x2001'4814      0x2  Data  Lc  tcp_in.o [1]
tcp_output               0x805'84fd    0x2be  Code  Gb  tcp_out.o [1]
tcp_output_alloc_header
                         0x805'78f1     0xbe  Code  Lc  tcp_out.o [1]
tcp_output_segment       0x805'87c9    0x112  Code  Lc  tcp_out.o [1]
tcp_parseopt             0x806'7219    0x132  Code  Lc  tcp_in.o [1]
tcp_pbuf_prealloc        0x805'7adb     0xb4  Code  Lc  tcp_out.o [1]
tcp_pcb_lists            0x809'eb48     0x10  Data  Gb  tcp.o [1]
tcp_pcb_purge            0x805'6ac5     0x48  Code  Gb  tcp.o [1]
tcp_pcb_remove           0x805'6b0d     0x8c  Code  Gb  tcp.o [1]
tcp_persist_backoff      0x80a'0fb0      0x8  Data  Lc  tcp.o [1]
tcp_poll                 0x805'6a99     0x24  Code  Gb  tcp.o [1]
tcp_port                0x2000'04a4      0x2  Data  Lc  tcp.o [1]
tcp_process              0x806'649d    0x590  Code  Lc  tcp_in.o [1]
tcp_process_refused_data
                         0x805'6725     0xa4  Code  Gb  tcp.o [1]
tcp_receive              0x806'6a7d    0x746  Code  Lc  tcp_in.o [1]
tcp_recv                 0x805'6a17     0x24  Code  Gb  tcp.o [1]
tcp_recv_null            0x805'6801     0x32  Code  Gb  tcp.o [1]
tcp_recved               0x805'613f     0xa8  Code  Gb  tcp.o [1]
tcp_remove_listener      0x805'5ba3     0x1a  Code  Lc  tcp.o [1]
tcp_rexmit               0x805'8a31     0x62  Code  Gb  tcp_out.o [1]
tcp_rexmit_fast          0x805'8a93     0x52  Code  Gb  tcp_out.o [1]
tcp_rexmit_rto           0x805'89f1     0x40  Code  Gb  tcp_out.o [1]
tcp_rst                  0x805'88e1     0xb2  Code  Gb  tcp_out.o [1]
tcp_seg_free             0x805'67df     0x1e  Code  Gb  tcp.o [1]
tcp_segs_free            0x805'67c9     0x16  Code  Gb  tcp.o [1]
tcp_send_empty_ack       0x805'8475     0x88  Code  Gb  tcp_out.o [1]
tcp_send_fin             0x805'79af     0x4a  Code  Gb  tcp_out.o [1]
tcp_sent                 0x805'6a3b     0x24  Code  Gb  tcp.o [1]
tcp_setprio              0x805'67fd      0x4  Code  Gb  tcp.o [1]
tcp_slowtmr              0x805'6279    0x41a  Code  Gb  tcp.o [1]
tcp_ticks               0x2001'47a8      0x4  Data  Gb  tcp.o [1]
tcp_timer               0x2001'4828      0x1  Data  Lc  tcp.o [1]
tcp_timer_ctr           0x2001'4829      0x1  Data  Lc  tcp.o [1]
tcp_timer_needed         0x804'bcb5     0x2a  Code  Gb  timeouts.o [1]
tcp_timewait_input       0x806'63f5     0x86  Code  Lc  tcp_in.o [1]
tcp_tmr                  0x805'5b87     0x1c  Code  Gb  tcp.o [1]
tcp_trigger_input_pcb_close
                         0x806'734b      0xc  Code  Gb  tcp_in.o [1]
tcp_tw_pcbs             0x2001'47b8      0x4  Data  Gb  tcp.o [1]
tcp_update_rcv_ann_wnd   0x805'60f3     0x4c  Code  Gb  tcp.o [1]
tcp_write                0x805'7c47    0x67e  Code  Gb  tcp_out.o [1]
tcp_write_checks         0x805'7b8f     0xb8  Code  Lc  tcp_out.o [1]
tcp_zero_window_probe    0x805'8b3f     0xf8  Code  Gb  tcp_out.o [1]
tcphdr                  0x2001'47c0      0x4  Data  Lc  tcp_in.o [1]
tcphdr_opt1len          0x2001'4812      0x2  Data  Lc  tcp_in.o [1]
tcphdr_opt2             0x2001'47c4      0x4  Data  Lc  tcp_in.o [1]
tcphdr_optlen           0x2001'4810      0x2  Data  Lc  tcp_in.o [1]
tcpip_tcp_timer          0x804'bc89     0x2c  Code  Lc  timeouts.o [1]
tcpip_tcp_timer_active  0x2001'47e8      0x4  Data  Lc  timeouts.o [1]
tcplen                  0x2001'4816      0x2  Data  Lc  tcp_in.o [1]
tftp                     0x809'df74     0x14  Data  Lc  tftp_example.o [1]
tftp_close               0x805'39cd      0xc  Code  Lc  tftp_example.o [1]
tftp_error               0x805'3a27     0x4c  Code  Lc  tftp_example.o [1]
tftp_example_init_client
                         0x805'3a73     0x7e  Code  Gb  tftp_example.o [1]
tftp_flag               0x2001'46fc      0x8  Data  Gb  modbus_map.o [1]
tftp_get                 0x806'536d     0x88  Code  Gb  tftp.o [1]
tftp_init_client         0x806'5335      0xe  Code  Gb  tftp.o [1]
tftp_init_common         0x806'52c9     0x6c  Code  Gb  tftp.o [1]
tftp_open                0x805'39b9     0x14  Code  Lc  tftp_example.o [1]
tftp_open_file           0x805'396d     0x4c  Code  Lc  tftp_example.o [1]
tftp_read                0x805'39d9     0x24  Code  Lc  tftp_example.o [1]
tftp_state              0x2001'4480     0x28  Data  Lc  tftp.o [1]
tftp_tmr                 0x806'5279     0x50  Code  Lc  tftp.o [1]
tftp_write               0x805'39fd     0x2a  Code  Lc  tftp_example.o [1]
timeouts_last_time      0x2001'47e4      0x4  Data  Lc  timeouts.o [1]
tmalloc_large            0x806'c271    0x386  Code  Lc  dlmalloc.o [2]
tmalloc_small            0x806'c5f7    0x200  Code  Lc  dlmalloc.o [2]
tolower                  0x806'7479     0x14  Code  Gb  tolower.o [2]
ttio_guard              0x2001'482f      0x1  Data  Lc  XShttio.o [2]
uA_Calculation           0x804'd4a1     0x80  Code  Gb  ma_output.o [1]
uA_Set                   0x808'1d45     0x3a  Code  Lc  func_interface.o [1]
uSD_Config               0x805'0539     0x4c  Code  Gb  micro_sd.o [1]
uSD_Handle              0x2001'2570    0x240  Data  Gb  micro_sd.o [1]
udp_bind                 0x805'5a11     0xaa  Code  Gb  udp.o [1]
udp_init                 0x805'5651      0x2  Code  Gb  udp.o [1]
udp_input                0x805'56f7    0x17e  Code  Gb  udp.o [1]
udp_input_local_match    0x805'56a1     0x56  Code  Lc  udp.o [1]
udp_netif_ip_addr_changed
                         0x805'5b2d     0x34  Code  Gb  udp.o [1]
udp_new                  0x805'5afd     0x26  Code  Gb  udp.o [1]
udp_new_ip_type          0x805'5b23      0xa  Code  Gb  udp.o [1]
udp_new_port             0x805'5653     0x4e  Code  Lc  udp.o [1]
udp_pcbs                0x2001'47ec      0x4  Data  Gb  udp.o [1]
udp_port                0x2000'04a6      0x2  Data  Lc  udp.o [1]
udp_recv                 0x805'5abb      0x6  Code  Gb  udp.o [1]
udp_remove               0x805'5ac1     0x3c  Code  Gb  udp.o [1]
udp_sendto               0x805'5875     0x42  Code  Gb  udp.o [1]
udp_sendto_if            0x805'58b7     0x64  Code  Gb  udp.o [1]
udp_sendto_if_src        0x805'591b     0xf6  Code  Gb  udp.o [1]
uwTick                  0x2001'47a0      0x4  Data  Gb  stm32f4xx_hal.o [1]
uwTickFreq              0x2000'04a9      0x1  Data  Gb  stm32f4xx_hal.o [1]
uwTickPrio              0x2000'00cc      0x4  Data  Gb  stm32f4xx_hal.o [1]
vAllBase_Clr             0x806'8a85     0x18  Code  Gb  vallbase_mode.o [1]
vAllBase_Mode            0x806'889d    0x1e8  Code  Gb  vallbase_mode.o [1]
vBatRef                  0x809'87c4    0x190  Data  Gb  power_control.o [1]
vCalendar                0x806'38c1     0xc0  Code  Lc  vstatusbar.o [1]
vColor                  0x2001'45c4     0x18  Data  Lc  vmeasuring.o [1]
vDelay                   0x805'04e5     0x18  Code  Lc  vboot.o [1]
vDrawImage               0x809'47c9     0x16  Code  Lc  vimage.o [1]
vDrawImg                0x2000'02c8     0x2c  Data  Gb  vimage.o [1]
vFlowAniTick            0x2001'482c      0x1  Data  Lc  vimage.o [1]
vFlowAniTime            0x2001'482d      0x1  Data  Lc  vimage.o [1]
vFlowFrameNo            0x2001'482e      0x1  Data  Lc  vimage.o [1]
vFlowRate                0x806'3551     0xf2  Code  Lc  vstatusbar.o [1]
vFuncItemSet             0x806'43fd     0xa0  Code  Gb  vfunction_mode.o [1]
vFunc_Factory            0x806'd381     0x8a  Code  Gb  vfunc_factory.o [1]
vFunc_Factory_Cal        0x807'0395   0x231c  Code  Lc  vfunc_factory.o [1]
vFunc_Factory_Measuring
                         0x806'd425   0x2e50  Code  Lc  vfunc_factory.o [1]
vFunc_Factory_SysInfo    0x807'2eb1    0xe00  Code  Lc  vfunc_factory.o [1]
vFunc_Factory_SysInit    0x807'2731    0x728  Code  Lc  vfunc_factory.o [1]
vFunc_FlowSet            0x806'3f81    0x47c  Code  Gb  vfunc_flowset.o [1]
vFunc_Measuring          0x808'53b1   0x10ac  Code  Gb  vfunc_measuring.o [1]
vFunc_Poe                0x808'2df5   0x11b8  Code  Gb  vfunc_interface.o [1]
vFunc_System             0x809'2b05    0x540  Code  Gb  vfunc_system.o [1]
vFunc_Test               0x808'75b5    0xd20  Code  Gb  vfunc_test.o [1]
vGradientBar             0x806'1edd    0x244  Code  Gb  vlibrary.o [1]
vImage_Bat_C1_Table      0x809'66d4    0x360  Data  Gb  vimage.o [1]
vImage_Bat_C2_Table      0x809'6a34    0x360  Data  Gb  vimage.o [1]
vImage_Bat_C3_Table      0x809'6d94    0x360  Data  Gb  vimage.o [1]
vImage_Bat_C4_Table      0x809'70f4    0x360  Data  Gb  vimage.o [1]
vImage_Bat_C5_Table      0x809'7454    0x360  Data  Gb  vimage.o [1]
vImage_Bat_CF_Table      0x809'77b4    0x360  Data  Gb  vimage.o [1]
vImage_Bat_N0_Table      0x809'4f34    0x360  Data  Gb  vimage.o [1]
vImage_Bat_N1_Table      0x809'5294    0x360  Data  Gb  vimage.o [1]
vImage_Bat_N2_Table      0x809'55f4    0x360  Data  Gb  vimage.o [1]
vImage_Bat_N3_Table      0x809'5954    0x360  Data  Gb  vimage.o [1]
vImage_Bat_N4_Table      0x809'5cb4    0x360  Data  Gb  vimage.o [1]
vImage_Bat_N5_Table      0x809'6014    0x360  Data  Gb  vimage.o [1]
vImage_Bat_NF_Table      0x809'6374    0x360  Data  Gb  vimage.o [1]
vImage_Com_Blue_Table    0x808'e21c    0x6e8  Data  Gb  vimage.o [1]
vImage_Com_Gray_Table    0x808'e904    0x6e8  Data  Gb  vimage.o [1]
vImage_Disk_Table        0x808'daf0    0x72c  Data  Gb  vimage.o [1]
vImage_Filter_Table      0x808'fdbc    0x6e8  Data  Gb  vimage.o [1]
vImage_Flow1_Table       0x808'a780    0x908  Data  Gb  vimage.o [1]
vImage_Flow2_Table       0x808'b088    0x908  Data  Gb  vimage.o [1]
vImage_Flow3_Table       0x808'b990    0x908  Data  Gb  vimage.o [1]
vImage_Flow4_Table       0x808'c298    0x908  Data  Gb  vimage.o [1]
vImage_Intro_Table       0x802'0188  0x12e80  Data  Gb  vimage.o [1]
vImage_Normal_Table      0x809'0b8c    0x6e8  Data  Gb  vimage.o [1]
vImage_iGas_Table        0x809'04a4    0x6e8  Data  Gb  vimage.o [1]
vImage_iSD_Table         0x808'efec    0x6e8  Data  Gb  vimage.o [1]
vImage_nSD_Table         0x808'f6d4    0x6e8  Data  Gb  vimage.o [1]
vImg_AlarmArrow          0x809'47df     0x72  Code  Lc  vimage.o [1]
vImg_Bat                 0x809'4a79     0xd2  Code  Lc  vimage.o [1]
vImg_Com_Status          0x809'4877     0x36  Code  Lc  vimage.o [1]
vImg_Disk                0x809'4851     0x26  Code  Lc  vimage.o [1]
vImg_Filter              0x809'49ff     0x26  Code  Lc  vimage.o [1]
vImg_Flow                0x809'48dd     0xd6  Code  Lc  vimage.o [1]
vImg_Intro               0x809'48ad     0x2e  Code  Lc  vimage.o [1]
vImg_Normal              0x809'4a4b     0x26  Code  Lc  vimage.o [1]
vImg_iGas                0x809'4a25     0x26  Code  Lc  vimage.o [1]
vImg_iSD                 0x809'49b3     0x26  Code  Lc  vimage.o [1]
vImg_nSD                 0x809'49d9     0x26  Code  Lc  vimage.o [1]
vInit                    0x805'0473     0x16  Code  Lc  vboot.o [1]
vMeasuring               0x806'28bd     0x32  Code  Gb  vmeasuring.o [1]
vMeasuring_1CH           0x806'2fc5    0x14e  Code  Lc  vmeasuring.o [1]
vMeasuring_2CH           0x806'3113    0x236  Code  Lc  vmeasuring.o [1]
vMeasuring_BLK           0x806'2f8d     0x38  Code  Lc  vmeasuring.o [1]
vMeasuring_ColorSet      0x806'2d17    0x192  Code  Lc  vmeasuring.o [1]
vMeasuring_DrawBase      0x806'28ef     0x4e  Code  Gb  vmeasuring.o [1]
vMeasuring_SetBackColor_1CH
                         0x806'2ead     0x46  Code  Lc  vmeasuring.o [1]
vMeasuring_SetBackColor_2CH
                         0x806'2efd     0x90  Code  Lc  vmeasuring.o [1]
vMessageBox              0x806'1b1d    0x304  Code  Gb  vlibrary.o [1]
vMessageBox_Parameter_Init
                         0x806'1e21     0xbc  Code  Gb  vlibrary.o [1]
vMsgBox                 0x2001'3c20     0x68  Data  Gb  vlibrary.o [1]
vPassword_Mode           0x806'281d     0xa0  Code  Gb  vpassword_mode.o [1]
vPower                   0x806'381d     0x5c  Code  Lc  vstatusbar.o [1]
vPowerClr                0x805'da83     0x6a  Code  Gb  vpower_off.o [1]
vPowerOff                0x805'd9b9     0x72  Code  Gb  vpower_off.o [1]
vPowerOff_Low_Battery    0x805'da2b     0x58  Code  Gb  vpower_off.o [1]
vProgressBar             0x806'2121     0xea  Code  Gb  vlibrary.o [1]
vSelf_Test               0x805'2181    0x490  Code  Gb  vself_test.o [1]
vStBar                  0x2001'46d0      0xc  Data  Gb  vstatusbar.o [1]
vStatusBar               0x806'33a5    0x1ac  Code  Gb  vstatusbar.o [1]
vStatusMessage           0x806'364d    0x1c2  Code  Lc  vstatusbar.o [1]
vStrAlarmInfo            0x806'2a31     0x7a  Code  Lc  vmeasuring.o [1]
vStrAlarmInfo::Ret      0x2001'46c4      0xc  Data  Lc  vmeasuring.o [1]
vStrGasConc              0x806'293d     0xb0  Code  Gb  vmeasuring.o [1]
vStrGasConc::Ret        0x2001'4714      0x8  Data  Lc  vmeasuring.o [1]
vStrHighScale            0x806'29ed     0x44  Code  Lc  vmeasuring.o [1]
vStrHighScale::Ret      0x2001'46b8      0xc  Data  Lc  vmeasuring.o [1]
vStrMeasGas              0x806'2ab9    0x25e  Code  Lc  vmeasuring.o [1]
vStrMeasGas::Ret        0x2001'471c      0x8  Data  Lc  vmeasuring.o [1]
vSysConf                 0x805'018d    0x2e6  Code  Gb  vboot.o [1]
vSysInit                 0x805'0099     0xee  Code  Gb  vboot.o [1]
vTemperature             0x806'3879     0x48  Code  Lc  vstatusbar.o [1]
wCRCTable                0x809'813c    0x200  Data  Lc  crc16.o [1]


[1] = D:\2_Projects\3_MyProjects\FW_Update_TFTP\FW\Remote_FW_update\REV3.93_20241025\Debug\Obj
[2] = dl7M_tlf.a
[3] = m7M_tls.a
[4] = rt7M_tl.a
[5] = shb_l.a

  324 186 bytes of readonly  code memory
  206 608 bytes of readonly  data memory
  108 590 bytes of readwrite data memory

Errors: none
Warnings: none
